******************************************************************************
                  TI ARM Linker PC v18.1.5                     
******************************************************************************
>> Linked Fri Apr  5 17:59:51 2019

OUTPUT FILE NAME:   <LEDredTaskExample.out>
ENTRY POINT SYMBOL: "_c_int00_noargs"  address: 00000ff1


MEMORY CONFIGURATION

         name            origin    length      used     unused   attr    fill
----------------------  --------  ---------  --------  --------  ----  --------
  FLASH                 00000000   00040000  00001336  0003ecca  R  X
  SRAM                  20000000   00008000  00000221  00007ddf  RW X


SEGMENT ALLOCATION MAP

run origin  load origin   length   init length attrs members
----------  ----------- ---------- ----------- ----- -------
00000000    00000000    0000133c   0000133c    r-x
  00000000    00000000    0000026c   0000026c    r-- .intvecs
  0000026c    0000026c    00000f1e   00000f1e    r-x .text
  0000118c    0000118c    00000180   00000180    r-- .const
  00001310    00001310    0000002c   0000002c    r-- .cinit
20000000    20000000    00000221   00000000    rw-
  20000000    20000000    00000200   00000000    rw- .stack
  20000200    20000200    00000021   00000000    rw- .data


SECTION ALLOCATION MAP

 output                                  attributes/
section   page    origin      length       input sections
--------  ----  ----------  ----------   ----------------
.intvecs   0    00000000    0000026c     
                  00000000    0000026c     tm4c123gh6pm_startup_ccs.obj (.intvecs)

.text      0    0000026c    00000f1e     
                  0000026c    0000049c     uartstdio.obj (.text)
                  00000708    00000134     main.obj (.text)
                  0000083c    00000132     driverlib.lib : gpio.obj (.text:GPIOPadConfigSet)
                  0000096e    00000002     rtsv7M4_T_le_v4SPD16_eabi.lib : div0.asm.obj (.text)
                  00000970    00000130     ledRedStateMachine.obj (.text)
                  00000aa0    00000110     driverlib.lib : sysctl.obj (.text:SysCtlClockGet)
                  00000bb0    000000f4                   : sysctl.obj (.text:SysCtlClockSet)
                  00000ca4    0000009c     rtsv7M4_T_le_v4SPD16_eabi.lib : memcpy_t2.asm.obj (.text)
                  00000d40    0000009c     switches.obj (.text)
                  00000ddc    00000068     rtsv7M4_T_le_v4SPD16_eabi.lib : copy_decompress_lzss.c.obj (.text:decompress:lzss:__TI_decompress_lzss)
                  00000e44    00000060     led.obj (.text)
                  00000ea4    00000048     driverlib.lib : gpio.obj (.text:GPIOPinConfigure)
                  00000eec    00000046                   : uart.obj (.text:UARTConfigSetExpClk)
                  00000f32    00000002     --HOLE-- [fill = 0]
                  00000f34    00000044     rtsv7M4_T_le_v4SPD16_eabi.lib : autoinit.c.obj (.text:__TI_auto_init_nobinit_nopinit:__TI_auto_init_nobinit_nopinit)
                  00000f78    00000040                                   : u_divt2.asm.obj (.text)
                  00000fb8    00000038     driverlib.lib : sysctl.obj (.text:SysCtlPeripheralPresent)
                  00000ff0    00000038     rtsv7M4_T_le_v4SPD16_eabi.lib : boot_cortex_m.c.obj (.text:_c_int00_noargs:_c_int00_noargs)
                  00001028    00000034     driverlib.lib : sysctl.obj (.text:SysCtlPeripheralEnable)
                  0000105c    0000002a                   : gpio.obj (.text:GPIODirModeSet)
                  00001086    00000002     --HOLE-- [fill = 0]
                  00001088    00000020                   : uart.obj (.text:UARTDisable)
                  000010a8    00000018                   : gpio.obj (.text:GPIOPinTypeGPIOOutput)
                  000010c0    00000014                   : systick.obj (.text:SysTickEnable)
                  000010d4    00000014                   : systick.obj (.text:SysTickIntEnable)
                  000010e8    00000014                   : uart.obj (.text:UARTEnable)
                  000010fc    00000012                   : gpio.obj (.text:GPIOPinTypeUART)
                  0000110e    00000010                   : interrupt.obj (.text:IntMasterEnable)
                  0000111e    00000002     --HOLE-- [fill = 0]
                  00001120    00000010                   : systick.obj (.text:SysTickPeriodSet)
                  00001130    0000000e     rtsv7M4_T_le_v4SPD16_eabi.lib : copy_decompress_none.c.obj (.text:decompress:none:__TI_decompress_none)
                  0000113e    0000000c     driverlib.lib : cpu.obj (.text:CPUcpsie)
                  0000114a    0000000c     tm4c123gh6pm_startup_ccs.obj (.text)
                  00001156    0000000a     driverlib.lib : uart.obj (.text:UARTCharGet)
                  00001160    0000000a                   : uart.obj (.text:UARTCharPut)
                  0000116a    00000006                   : gpio.obj (.text:GPIOPinRead)
                  00001170    00000006                   : gpio.obj (.text:GPIOPinWrite)
                  00001176    00000006                   : sysctl.obj (.text:SysCtlDelay)
                  0000117c    00000006                   : uart.obj (.text:UARTClockSourceSet)
                  00001182    00000004     rtsv7M4_T_le_v4SPD16_eabi.lib : pre_init.c.obj (.text:_system_pre_init)
                  00001186    00000004                                   : exit.c.obj (.text:abort:abort)

.const     0    0000118c    00000180     
                  0000118c    00000090     driverlib.lib : gpio.obj (.const:g_pui32GPIOBaseAddrs)
                  0000121c    0000006c                   : sysctl.obj (.const:g_pui32Xtals)
                  00001288    00000038     ledRedStateMachine.obj (.const:.string)
                  000012c0    00000012     uartstdio.obj (.const:.string)
                  000012d2    00000002     --HOLE-- [fill = 0]
                  000012d4    0000000c     uartstdio.obj (.const:g_ui32UARTBase)
                  000012e0    0000000c     uartstdio.obj (.const:g_ui32UARTPeriph)
                  000012ec    0000000c     led.obj (.const:ledPin)
                  000012f8    0000000b     ledRedStateMachine.obj (.const:.string:$P$T0$1)
                  00001303    00000005     main.obj (.const:.string:$P$T0$1)
                  00001308    00000004     uartstdio.obj (.const)

.cinit     0    00001310    0000002c     
                  00001310    0000001a     (.cinit..data.load) [load image, compression = lzss]
                  0000132a    00000002     --HOLE-- [fill = 0]
                  0000132c    00000008     (__TI_handler_table)
                  00001334    00000008     (__TI_cinit_table)

.init_array 
*          0    00000000    00000000     UNINITIALIZED

.data      0    20000200    00000021     UNINITIALIZED
                  20000200    00000010     ledRedStateMachine.obj (.data:stateName)
                  20000210    0000000c     ledRedStateMachine.obj (.data)
                  2000021c    00000005     uartstdio.obj (.data)

.stack     0    20000000    00000200     UNINITIALIZED
                  20000000    00000004     rtsv7M4_T_le_v4SPD16_eabi.lib : boot_cortex_m.c.obj (.stack)
                  20000004    000001fc     --HOLE--

MODULE SUMMARY

       Module                         code   ro data   rw data
       ------                         ----   -------   -------
    .\
       uartstdio.obj                  1180   46        5      
       tm4c123gh6pm_startup_ccs.obj   12     620       0      
       ledRedStateMachine.obj         304    67        28     
       main.obj                       308    5         0      
       switches.obj                   156    0         0      
       led.obj                        96     12        0      
    +--+------------------------------+------+---------+---------+
       Total:                         2056   750       33     
                                                              
    C:/ti/TivaWare_C_Series-2.1.4.178/driverlib/ccs/Debug/driverlib.lib
       sysctl.obj                     630    108       0      
       gpio.obj                       474    144       0      
       uart.obj                       148    0         0      
       systick.obj                    56     0         0      
       interrupt.obj                  16     0         0      
       cpu.obj                        12     0         0      
    +--+------------------------------+------+---------+---------+
       Total:                         1336   252       0      
                                                              
    C:\ti\ccsv8\tools\compiler\ti-cgt-arm_18.1.5.LTS\lib\rtsv7M4_T_le_v4SPD16_eabi.lib
       memcpy_t2.asm.obj              156    0         0      
       copy_decompress_lzss.c.obj     104    0         0      
       autoinit.c.obj                 68     0         0      
       u_divt2.asm.obj                64     0         0      
       boot_cortex_m.c.obj            56     0         0      
       copy_decompress_none.c.obj     14     0         0      
       exit.c.obj                     4      0         0      
       pre_init.c.obj                 4      0         0      
       div0.asm.obj                   2      0         0      
    +--+------------------------------+------+---------+---------+
       Total:                         472    0         0      
                                                              
       Stack:                         0      0         512    
       Linker Generated:              0      42        0      
    +--+------------------------------+------+---------+---------+
       Grand Total:                   3864   1044      545    


LINKER GENERATED COPY TABLES

__TI_cinit_table @ 00001334 records: 1, size/record: 8, table size: 8
	.data: load addr=00001310, load size=0000001a bytes, run addr=20000200, run size=00000021 bytes, compression=lzss


LINKER GENERATED HANDLER TABLE

__TI_handler_table @ 0000132c records: 2, size/record: 4, table size: 8
	index: 0, handler: __TI_decompress_lzss
	index: 1, handler: __TI_decompress_none


GLOBAL SYMBOLS: SORTED ALPHABETICALLY BY Name 

address   name                          
-------   ----                          
00001187  C$$EXIT                       
0000113f  CPUcpsie                      
0000105d  GPIODirModeSet                
0000083d  GPIOPadConfigSet              
00000ea5  GPIOPinConfigure              
0000116b  GPIOPinRead                   
000010a9  GPIOPinTypeGPIOOutput         
000010fd  GPIOPinTypeUART               
00001171  GPIOPinWrite                  
00000709  InitConsole                   
0000110f  IntMasterEnable               
0000114b  ResetISR                      
00000aa1  SysCtlClockGet                
00000bb1  SysCtlClockSet                
00001177  SysCtlDelay                   
00001029  SysCtlPeripheralEnable        
00000fb9  SysCtlPeripheralPresent       
000010c1  SysTickEnable                 
000010d5  SysTickIntEnable              
00000745  SysTickIntHandler             
00001121  SysTickPeriodSet              
00001157  UARTCharGet                   
00001161  UARTCharPut                   
0000117d  UARTClockSourceSet            
00000eed  UARTConfigSetExpClk           
00001089  UARTDisable                   
000010e9  UARTEnable                    
0000026d  UARTStdioConfig               
000003b3  UARTgetc                      
000002f9  UARTgets                      
000006d3  UARTprintf                    
000003d9  UARTvprintf                   
000002b3  UARTwrite                     
20000200  __STACK_END                   
00000200  __STACK_SIZE                  
20000200  __STACK_TOP                   
00001334  __TI_CINIT_Base               
0000133c  __TI_CINIT_Limit              
0000132c  __TI_Handler_Table_Base       
00001334  __TI_Handler_Table_Limit      
00000f35  __TI_auto_init_nobinit_nopinit
00000ddd  __TI_decompress_lzss          
00001131  __TI_decompress_none          
ffffffff  __TI_pprof_out_hndl           
ffffffff  __TI_prof_data_size           
ffffffff  __TI_prof_data_start          
00000000  __TI_static_base__            
0000096f  __aeabi_idiv0                 
0000096f  __aeabi_ldiv0                 
00000ca5  __aeabi_memcpy                
00000ca5  __aeabi_memcpy4               
00000ca5  __aeabi_memcpy8               
00000f79  __aeabi_uidiv                 
00000f79  __aeabi_uidivmod              
ffffffff  __binit__                     
ffffffff  __c_args__                    
UNDEFED   __mpu_init                    
20000000  __stack                       
00000ff1  _c_int00_noargs               
UNDEFED   _system_post_cinit            
00001183  _system_pre_init              
00001187  abort                         
ffffffff  binit                         
00000000  g_pfnVectors                  
00000e57  ledControl                    
00000e45  ledInit                       
000012ec  ledPin                        
00000971  ledRedTask                    
00000763  main                          
00000ca5  memcpy                        
00000d41  switchInit                    
00000d89  switchState                   
20000218  taskredledFlag                
20000214  taskredledcounter             


GLOBAL SYMBOLS: SORTED BY Symbol Address 

address   name                          
-------   ----                          
00000000  __TI_static_base__            
00000000  g_pfnVectors                  
00000200  __STACK_SIZE                  
0000026d  UARTStdioConfig               
000002b3  UARTwrite                     
000002f9  UARTgets                      
000003b3  UARTgetc                      
000003d9  UARTvprintf                   
000006d3  UARTprintf                    
00000709  InitConsole                   
00000745  SysTickIntHandler             
00000763  main                          
0000083d  GPIOPadConfigSet              
0000096f  __aeabi_idiv0                 
0000096f  __aeabi_ldiv0                 
00000971  ledRedTask                    
00000aa1  SysCtlClockGet                
00000bb1  SysCtlClockSet                
00000ca5  __aeabi_memcpy                
00000ca5  __aeabi_memcpy4               
00000ca5  __aeabi_memcpy8               
00000ca5  memcpy                        
00000d41  switchInit                    
00000d89  switchState                   
00000ddd  __TI_decompress_lzss          
00000e45  ledInit                       
00000e57  ledControl                    
00000ea5  GPIOPinConfigure              
00000eed  UARTConfigSetExpClk           
00000f35  __TI_auto_init_nobinit_nopinit
00000f79  __aeabi_uidiv                 
00000f79  __aeabi_uidivmod              
00000fb9  SysCtlPeripheralPresent       
00000ff1  _c_int00_noargs               
00001029  SysCtlPeripheralEnable        
0000105d  GPIODirModeSet                
00001089  UARTDisable                   
000010a9  GPIOPinTypeGPIOOutput         
000010c1  SysTickEnable                 
000010d5  SysTickIntEnable              
000010e9  UARTEnable                    
000010fd  GPIOPinTypeUART               
0000110f  IntMasterEnable               
00001121  SysTickPeriodSet              
00001131  __TI_decompress_none          
0000113f  CPUcpsie                      
0000114b  ResetISR                      
00001157  UARTCharGet                   
00001161  UARTCharPut                   
0000116b  GPIOPinRead                   
00001171  GPIOPinWrite                  
00001177  SysCtlDelay                   
0000117d  UARTClockSourceSet            
00001183  _system_pre_init              
00001187  C$$EXIT                       
00001187  abort                         
000012ec  ledPin                        
0000132c  __TI_Handler_Table_Base       
00001334  __TI_CINIT_Base               
00001334  __TI_Handler_Table_Limit      
0000133c  __TI_CINIT_Limit              
20000000  __stack                       
20000200  __STACK_END                   
20000200  __STACK_TOP                   
20000214  taskredledcounter             
20000218  taskredledFlag                
ffffffff  __TI_pprof_out_hndl           
ffffffff  __TI_prof_data_size           
ffffffff  __TI_prof_data_start          
ffffffff  __binit__                     
ffffffff  __c_args__                    
ffffffff  binit                         
UNDEFED   __mpu_init                    
UNDEFED   _system_post_cinit            

[74 symbols]
