******************************************************************************
                  TI ARM Linker PC v17.9.0                     
******************************************************************************
>> Linked Mon Apr 16 13:58:29 2018

OUTPUT FILE NAME:   <FreeRTOSExample10.out>
ENTRY POINT SYMBOL: "_c_int00_noargs"  address: 00002a99


MEMORY CONFIGURATION

         name            origin    length      used     unused   attr    fill
----------------------  --------  ---------  --------  --------  ----  --------
  FLASH                 00000000   00040000  00002c78  0003d388  R  X
  SRAM                  20000000   00008000  00007934  000006cc  RW X


SEGMENT ALLOCATION MAP

run origin  load origin   length   init length attrs members
----------  ----------- ---------- ----------- ----- -------
00000000    00000000    00002c78   00002c78    r-x
  00000000    00000000    0000026c   0000026c    r-- .intvecs
  0000026c    0000026c    00002910   00002910    r-x .text
  00002b7c    00002b7c    000000c4   000000c4    r-- .const
  00002c40    00002c40    00000038   00000038    r-- .cinit
20000000    20000000    00007938   00000000    rw-
  20000000    20000000    000076ec   00000000    rw- .bss
  200076f0    200076f0    00000200   00000000    rw- .stack
  200078f0    200078f0    00000048   00000000    rw- .data


SECTION ALLOCATION MAP

 output                                  attributes/
section   page    origin      length       input sections
--------  ----  ----------  ----------   ----------------
.intvecs   0    00000000    0000026c     
                  00000000    0000026c     tm4c123gh6pm_startup_ccs.obj (.intvecs)

.text      0    0000026c    00002910     
                  0000026c    000018a0     tasks.obj (.text)
                  00001b0c    000004dc     uartstdio.obj (.text)
                  00001fe8    000001b8     heap_2.obj (.text)
                  000021a0    00000148     freertos_demo.obj (.text)
                  000022e8    0000013c     port.obj (.text)
                  00002424    00000132     driverlib.lib : gpio.obj (.text:GPIOPadConfigSet)
                  00002556    0000012a     list.obj (.text)
                  00002680    000000f4     driverlib.lib : sysctl.obj (.text:SysCtlClockSet)
                  00002774    000000da     portasm.obj (.text)
                  0000284e    0000009c     rtsv7M4_T_le_v4SPD16_eabi.lib : memcpy_t2.obj (.text)
                  000028ea    0000007a                                   : memset_t2.obj (.text)
                  00002964    00000068                                   : copy_decompress_lzss.obj (.text:decompress:lzss)
                  000029cc    00000048     driverlib.lib : gpio.obj (.text:GPIOPinConfigure)
                  00002a14    00000044     rtsv7M4_T_le_v4SPD16_eabi.lib : autoinit.obj (.text:__TI_auto_init_nobinit_nopinit)
                  00002a58    00000040                                   : u_divt2.obj (.text)
                  00002a98    00000038                                   : boot_cortex_m.obj (.text:_c_int00_noargs)
                  00002ad0    00000034     driverlib.lib : sysctl.obj (.text:SysCtlPeripheralEnable)
                  00002b04    0000002a                   : gpio.obj (.text:GPIODirModeSet)
                  00002b2e    00000012                   : gpio.obj (.text:GPIOPinTypeUART)
                  00002b40    0000000e     rtsv7M4_T_le_v4SPD16_eabi.lib : copy_decompress_none.obj (.text:decompress:none)
                  00002b4e    0000000c                                   : copy_zero_init.obj (.text:decompress:ZI)
                  00002b5a    0000000c     tm4c123gh6pm_startup_ccs.obj (.text)
                  00002b66    00000006     driverlib.lib : sysctl.obj (.text:SysCtlDelay)
                  00002b6c    00000006                   : uart.obj (.text:UARTClockSourceSet)
                  00002b72    00000004     rtsv7M4_T_le_v4SPD16_eabi.lib : exit.obj (.text:abort)
                  00002b76    00000004                                   : pre_init.obj (.text)
                  00002b7a    00000002                                   : i_div0.obj (.text)

.const     0    00002b7c    000000c4     
                  00002b7c    00000090     driverlib.lib : gpio.obj (.const:g_pui32GPIOBaseAddrs)
                  00002c0c    00000012     uartstdio.obj (.const:.string)
                  00002c1e    00000002     --HOLE-- [fill = 0]
                  00002c20    0000000c     uartstdio.obj (.const:g_ui32UARTBase)
                  00002c2c    0000000c     uartstdio.obj (.const:g_ui32UARTPeriph)
                  00002c38    00000004     port.obj (.const)
                  00002c3c    00000004     uartstdio.obj (.const)

.cinit     0    00002c40    00000038     
                  00002c40    0000000f     (.cinit..data.load) [load image, compression = lzss]
                  00002c4f    00000001     --HOLE-- [fill = 0]
                  00002c50    0000000c     (__TI_handler_table)
                  00002c5c    00000004     --HOLE-- [fill = 0]
                  00002c60    00000008     (.cinit..bss.load) [load image, compression = zero_init]
                  00002c68    00000010     (__TI_cinit_table)

.init_array 
*          0    00000000    00000000     UNINITIALIZED

.bss       0    20000000    000076ec     UNINITIALIZED
                  20000000    00007530     heap_2.obj (.bss:ucHeap)
                  20007530    00000140     tasks.obj (.bss:pxReadyTasksLists)
                  20007670    00000014     tasks.obj (.bss:xDelayedTaskList1)
                  20007684    00000014     tasks.obj (.bss:xDelayedTaskList2)
                  20007698    00000014     tasks.obj (.bss:xPendingReadyList)
                  200076ac    00000014     tasks.obj (.bss:xSuspendedTaskList)
                  200076c0    00000014     tasks.obj (.bss:xTasksWaitingTermination)
                  200076d4    00000008     tasks.obj (.bss)
                  200076dc    00000008     heap_2.obj (.bss:xEnd)
                  200076e4    00000008     heap_2.obj (.bss:xStart)

.data      0    200078f0    00000048     UNINITIALIZED
                  200078f0    00000034     tasks.obj (.data)
                  20007924    00000008     heap_2.obj (.data)
                  2000792c    00000005     uartstdio.obj (.data)
                  20007931    00000003     --HOLE--
                  20007934    00000004     port.obj (.data)

.stack     0    200076f0    00000200     UNINITIALIZED
                  200076f0    00000004     rtsv7M4_T_le_v4SPD16_eabi.lib : boot_cortex_m.obj (.stack)
                  200076f4    000001fc     --HOLE--

MODULE SUMMARY

       Module                         code    ro data   rw data
       ------                         ----    -------   -------
    .\
       tm4c123gh6pm_startup_ccs.obj   12      620       0      
    +--+------------------------------+-------+---------+---------+
       Total:                         12      620       0      
                                                               
    .\Application\
       freertos_demo.obj              328     0         0      
    +--+------------------------------+-------+---------+---------+
       Total:                         328     0         0      
                                                               
    .\FreeRTOSSource\
       heap_2.obj                     440     0         30024  
       tasks.obj                      6304    0         480    
       port.obj                       316     4         4      
       list.obj                       298     0         0      
       portasm.obj                    218     0         0      
    +--+------------------------------+-------+---------+---------+
       Total:                         7576    4         30508  
                                                               
    .\driver\
       uartstdio.obj                  1244    46        5      
    +--+------------------------------+-------+---------+---------+
       Total:                         1244    46        5      
                                                               
    C:/ti/TivaWare_C_Series-2.1.4.178/driverlib/ccs/Debug/driverlib.lib
       gpio.obj                       438     144       0      
       sysctl.obj                     302     0         0      
       uart.obj                       6       0         0      
    +--+------------------------------+-------+---------+---------+
       Total:                         746     144       0      
                                                               
    C:\ti\ccsv7\tools\compiler\ti-cgt-arm_17.9.0.STS\lib\rtsv7M4_T_le_v4SPD16_eabi.lib
       memcpy_t2.obj                  156     0         0      
       memset_t2.obj                  122     0         0      
       copy_decompress_lzss.obj       104     0         0      
       autoinit.obj                   68      0         0      
       u_divt2.obj                    64      0         0      
       boot_cortex_m.obj              56      0         0      
       copy_decompress_none.obj       14      0         0      
       copy_zero_init.obj             12      0         0      
       exit.obj                       4       0         0      
       pre_init.obj                   4       0         0      
       i_div0.obj                     2       0         0      
    +--+------------------------------+-------+---------+---------+
       Total:                         606     0         0      
                                                               
       Stack:                         0       0         512    
       Linker Generated:              0       51        0      
    +--+------------------------------+-------+---------+---------+
       Grand Total:                   10512   865       31025  


LINKER GENERATED COPY TABLES

__TI_cinit_table @ 00002c68 records: 2, size/record: 8, table size: 16
	.data: load addr=00002c40, load size=0000000f bytes, run addr=200078f0, run size=00000048 bytes, compression=lzss
	.bss: load addr=00002c60, load size=00000008 bytes, run addr=20000000, run size=000076ec bytes, compression=zero_init


LINKER GENERATED HANDLER TABLE

__TI_handler_table @ 00002c50 records: 3, size/record: 4, table size: 12
	index: 0, handler: __TI_decompress_lzss
	index: 1, handler: __TI_decompress_none
	index: 2, handler: __TI_zero_init


GLOBAL SYMBOLS: SORTED ALPHABETICALLY BY Name 

address   name                               
-------   ----                               
00002b73  C$$EXIT                            
000021ab  ConfigureUART                      
00002b05  GPIODirModeSet                     
00002425  GPIOPadConfigSet                   
000029cd  GPIOPinConfigure                   
00002b2f  GPIOPinTypeUART                    
00002b5b  ResetISR                           
00002681  SysCtlClockSet                     
00002b67  SysCtlDelay                        
00002ad1  SysCtlPeripheralEnable             
00002b6d  UARTClockSourceSet                 
00001b0d  UARTStdioConfig                    
00001c85  UARTgetc                           
00001bbf  UARTgets                           
00001fb3  UARTprintf                         
00001cb9  UARTvprintf                        
00001b6d  UARTwrite                          
200078f0  __STACK_END                        
00000200  __STACK_SIZE                       
200078f0  __STACK_TOP                        
00002c68  __TI_CINIT_Base                    
00002c78  __TI_CINIT_Limit                   
00002c50  __TI_Handler_Table_Base            
00002c5c  __TI_Handler_Table_Limit           
00002a15  __TI_auto_init_nobinit_nopinit     
00002965  __TI_decompress_lzss               
00002b41  __TI_decompress_none               
ffffffff  __TI_pprof_out_hndl                
ffffffff  __TI_prof_data_size                
ffffffff  __TI_prof_data_start               
00000000  __TI_static_base__                 
00002b4f  __TI_zero_init                     
00002b7b  __aeabi_idiv0                      
000028eb  __aeabi_memclr                     
000028eb  __aeabi_memclr4                    
000028eb  __aeabi_memclr8                    
0000284f  __aeabi_memcpy                     
0000284f  __aeabi_memcpy4                    
0000284f  __aeabi_memcpy8                    
000028ed  __aeabi_memset                     
000028ed  __aeabi_memset4                    
000028ed  __aeabi_memset8                    
00002a59  __aeabi_uidiv                      
00002a59  __aeabi_uidivmod                   
ffffffff  __binit__                          
ffffffff  __c_args__                         
UNDEFED   __mpu_init                         
200076f0  __stack                            
00002a99  _c_int00_noargs                    
UNDEFED   _system_post_cinit                 
00002b77  _system_pre_init                   
00002b73  abort                              
ffffffff  binit                              
000005e1  eTaskGetState                      
00000000  g_pfnVectors                       
00002205  main                               
0000284f  memcpy                             
000028f3  memset                             
00000baf  pcTaskGetName                      
00001fe9  pvPortMalloc                       
0000162b  pvTaskIncrementMutexHeldCount      
200078f0  pxCurrentTCB                       
000022e9  pxPortInitialiseStack              
00002c38  ulMaxSyscallInterruptPriority      
00002785  ulPortGetIPSR                      
00001649  ulTaskNotifyTake                   
00002639  uxListRemove                       
00000ba9  uxTaskGetNumberOfTasks             
00001311  uxTaskGetStackHighWaterMark        
00000bd5  uxTaskGetSystemState               
000010a5  uxTaskGetTaskNumber                
00000675  uxTaskPriorityGet                  
000006a5  uxTaskPriorityGetFromISR           
00001609  uxTaskResetEventItemValue          
000021a1  vApplicationStackOverflowHook      
00002557  vListInitialise                    
00002587  vListInitialiseItem                
000025d3  vListInsert                        
00002597  vListInsertEnd                     
00002841  vPortEnableVFP                     
00002389  vPortEndScheduler                  
0000238b  vPortEnterCritical                 
000023ab  vPortExitCritical                  
000020e1  vPortFree                          
00002145  vPortInitialiseBlocks              
000027fd  vPortSVCHandler                    
000023e7  vPortSetupTimerInterrupt           
0000281d  vPortStartFirstTask                
000005a5  vTaskDelay                         
00000515  vTaskDelayUntil                    
00000467  vTaskDelete                        
00000a6b  vTaskEndScheduler                  
00001181  vTaskGetInfo                       
00000fef  vTaskInternalSetTimeOutState       
0000109d  vTaskMissedYield                   
00001965  vTaskNotifyGiveFromISR             
00000e93  vTaskPlaceOnEventList              
00000eaf  vTaskPlaceOnUnorderedEventList     
00001537  vTaskPriorityDisinheritAfterTimeout
000006f1  vTaskPrioritySet                   
00000f69  vTaskRemoveFromUnorderedEventList  
00000919  vTaskResume                        
000010c5  vTaskSetTaskNumber                 
00000fd1  vTaskSetTimeOutState               
00000a21  vTaskStartScheduler                
00000809  vTaskSuspend                       
00000a8d  vTaskSuspendAll                    
00000df1  vTaskSwitchContext                 
0000213f  xPortGetFreeHeapSize               
0000279d  xPortPendSVHandler                 
00002353  xPortStartScheduler                
000023c1  xPortSysTickHandler                
00001015  xTaskCheckForTimeOut               
0000026d  xTaskCreate                        
0000176b  xTaskGenericNotify                 
00001855  xTaskGenericNotifyFromISR          
00001385  xTaskGetCurrentTaskHandle          
00000b81  xTaskGetTickCount                  
00000b95  xTaskGetTickCountFromISR           
00000cc9  xTaskIncrementTick                 
00001a13  xTaskNotifyStateClear              
000016c9  xTaskNotifyWait                    
00001499  xTaskPriorityDisinherit            
000013b9  xTaskPriorityInherit               
00000ee9  xTaskRemoveFromEventList           
00000a9d  xTaskResumeAll                     
00000993  xTaskResumeFromISR                 


GLOBAL SYMBOLS: SORTED BY Symbol Address 

address   name                               
-------   ----                               
00000000  __TI_static_base__                 
00000000  g_pfnVectors                       
00000200  __STACK_SIZE                       
0000026d  xTaskCreate                        
00000467  vTaskDelete                        
00000515  vTaskDelayUntil                    
000005a5  vTaskDelay                         
000005e1  eTaskGetState                      
00000675  uxTaskPriorityGet                  
000006a5  uxTaskPriorityGetFromISR           
000006f1  vTaskPrioritySet                   
00000809  vTaskSuspend                       
00000919  vTaskResume                        
00000993  xTaskResumeFromISR                 
00000a21  vTaskStartScheduler                
00000a6b  vTaskEndScheduler                  
00000a8d  vTaskSuspendAll                    
00000a9d  xTaskResumeAll                     
00000b81  xTaskGetTickCount                  
00000b95  xTaskGetTickCountFromISR           
00000ba9  uxTaskGetNumberOfTasks             
00000baf  pcTaskGetName                      
00000bd5  uxTaskGetSystemState               
00000cc9  xTaskIncrementTick                 
00000df1  vTaskSwitchContext                 
00000e93  vTaskPlaceOnEventList              
00000eaf  vTaskPlaceOnUnorderedEventList     
00000ee9  xTaskRemoveFromEventList           
00000f69  vTaskRemoveFromUnorderedEventList  
00000fd1  vTaskSetTimeOutState               
00000fef  vTaskInternalSetTimeOutState       
00001015  xTaskCheckForTimeOut               
0000109d  vTaskMissedYield                   
000010a5  uxTaskGetTaskNumber                
000010c5  vTaskSetTaskNumber                 
00001181  vTaskGetInfo                       
00001311  uxTaskGetStackHighWaterMark        
00001385  xTaskGetCurrentTaskHandle          
000013b9  xTaskPriorityInherit               
00001499  xTaskPriorityDisinherit            
00001537  vTaskPriorityDisinheritAfterTimeout
00001609  uxTaskResetEventItemValue          
0000162b  pvTaskIncrementMutexHeldCount      
00001649  ulTaskNotifyTake                   
000016c9  xTaskNotifyWait                    
0000176b  xTaskGenericNotify                 
00001855  xTaskGenericNotifyFromISR          
00001965  vTaskNotifyGiveFromISR             
00001a13  xTaskNotifyStateClear              
00001b0d  UARTStdioConfig                    
00001b6d  UARTwrite                          
00001bbf  UARTgets                           
00001c85  UARTgetc                           
00001cb9  UARTvprintf                        
00001fb3  UARTprintf                         
00001fe9  pvPortMalloc                       
000020e1  vPortFree                          
0000213f  xPortGetFreeHeapSize               
00002145  vPortInitialiseBlocks              
000021a1  vApplicationStackOverflowHook      
000021ab  ConfigureUART                      
00002205  main                               
000022e9  pxPortInitialiseStack              
00002353  xPortStartScheduler                
00002389  vPortEndScheduler                  
0000238b  vPortEnterCritical                 
000023ab  vPortExitCritical                  
000023c1  xPortSysTickHandler                
000023e7  vPortSetupTimerInterrupt           
00002425  GPIOPadConfigSet                   
00002557  vListInitialise                    
00002587  vListInitialiseItem                
00002597  vListInsertEnd                     
000025d3  vListInsert                        
00002639  uxListRemove                       
00002681  SysCtlClockSet                     
00002785  ulPortGetIPSR                      
0000279d  xPortPendSVHandler                 
000027fd  vPortSVCHandler                    
0000281d  vPortStartFirstTask                
00002841  vPortEnableVFP                     
0000284f  __aeabi_memcpy                     
0000284f  __aeabi_memcpy4                    
0000284f  __aeabi_memcpy8                    
0000284f  memcpy                             
000028eb  __aeabi_memclr                     
000028eb  __aeabi_memclr4                    
000028eb  __aeabi_memclr8                    
000028ed  __aeabi_memset                     
000028ed  __aeabi_memset4                    
000028ed  __aeabi_memset8                    
000028f3  memset                             
00002965  __TI_decompress_lzss               
000029cd  GPIOPinConfigure                   
00002a15  __TI_auto_init_nobinit_nopinit     
00002a59  __aeabi_uidiv                      
00002a59  __aeabi_uidivmod                   
00002a99  _c_int00_noargs                    
00002ad1  SysCtlPeripheralEnable             
00002b05  GPIODirModeSet                     
00002b2f  GPIOPinTypeUART                    
00002b41  __TI_decompress_none               
00002b4f  __TI_zero_init                     
00002b5b  ResetISR                           
00002b67  SysCtlDelay                        
00002b6d  UARTClockSourceSet                 
00002b73  C$$EXIT                            
00002b73  abort                              
00002b77  _system_pre_init                   
00002b7b  __aeabi_idiv0                      
00002c38  ulMaxSyscallInterruptPriority      
00002c50  __TI_Handler_Table_Base            
00002c5c  __TI_Handler_Table_Limit           
00002c68  __TI_CINIT_Base                    
00002c78  __TI_CINIT_Limit                   
200076f0  __stack                            
200078f0  __STACK_END                        
200078f0  __STACK_TOP                        
200078f0  pxCurrentTCB                       
ffffffff  __TI_pprof_out_hndl                
ffffffff  __TI_prof_data_size                
ffffffff  __TI_prof_data_start               
ffffffff  __binit__                          
ffffffff  __c_args__                         
ffffffff  binit                              
UNDEFED   __mpu_init                         
UNDEFED   _system_post_cinit                 

[127 symbols]
