******************************************************************************
                  TI ARM Linker PC v17.9.0                     
******************************************************************************
>> Linked Mon Apr 16 13:53:26 2018

OUTPUT FILE NAME:   <FreeRTOSExample9.out>
ENTRY POINT SYMBOL: "_c_int00_noargs"  address: 00003991


MEMORY CONFIGURATION

         name            origin    length      used     unused   attr    fill
----------------------  --------  ---------  --------  --------  ----  --------
  FLASH                 00000000   00040000  00003ce2  0003c31e  R  X
  SRAM                  20000000   00008000  00007988  00000678  RW X


SEGMENT ALLOCATION MAP

run origin  load origin   length   init length attrs members
----------  ----------- ---------- ----------- ----- -------
00000000    00000000    00003ce8   00003ce8    r-x
  00000000    00000000    0000026c   0000026c    r-- .intvecs
  0000026c    0000026c    0000386e   0000386e    r-x .text
  00003adc    00003adc    000001d0   000001d0    r-- .const
  00003cb0    00003cb0    00000038   00000038    r-- .cinit
20000000    20000000    00007988   00000000    rw-
  20000000    20000000    00007740   00000000    rw- .bss
  20007740    20007740    00000200   00000000    rw- .stack
  20007940    20007940    00000048   00000000    rw- .data


SECTION ALLOCATION MAP

 output                                  attributes/
section   page    origin      length       input sections
--------  ----  ----------  ----------   ----------------
.intvecs   0    00000000    0000026c     
                  00000000    0000026c     tm4c123gh6pm_startup_ccs.obj (.intvecs)

.text      0    0000026c    0000386e     
                  0000026c    000018a0     tasks.obj (.text)
                  00001b0c    00000c8c     queue.obj (.text)
                  00002798    000004dc     uartstdio.obj (.text)
                  00002c74    00000218     freertos_demo.obj (.text)
                  00002e8c    000001b8     heap_2.obj (.text)
                  00003044    0000013c     port.obj (.text)
                  00003180    00000132     driverlib.lib : gpio.obj (.text:GPIOPadConfigSet)
                  000032b2    0000012a     list.obj (.text)
                  000033dc    000000f4     driverlib.lib : sysctl.obj (.text:SysCtlClockSet)
                  000034d0    000000da     portasm.obj (.text)
                  000035aa    00000002     rtsv7M4_T_le_v4SPD16_eabi.lib : i_div0.obj (.text)
                  000035ac    000000d8     switches.obj (.text)
                  00003684    0000009c     rtsv7M4_T_le_v4SPD16_eabi.lib : memcpy_t2.obj (.text)
                  00003720    0000007a                                   : memset_t2.obj (.text)
                  0000379a    00000002     --HOLE-- [fill = 0]
                  0000379c    00000068     driverlib.lib : interrupt.obj (.text:IntEnable)
                  00003804    00000068     rtsv7M4_T_le_v4SPD16_eabi.lib : copy_decompress_lzss.obj (.text:decompress:lzss)
                  0000386c    00000056     driverlib.lib : gpio.obj (.text:GPIOIntTypeSet)
                  000038c2    00000002     --HOLE-- [fill = 0]
                  000038c4    00000048                   : gpio.obj (.text:GPIOPinConfigure)
                  0000390c    00000044     rtsv7M4_T_le_v4SPD16_eabi.lib : autoinit.obj (.text:__TI_auto_init_nobinit_nopinit)
                  00003950    00000040                                   : u_divt2.obj (.text)
                  00003990    00000038                                   : boot_cortex_m.obj (.text:_c_int00_noargs)
                  000039c8    00000034     driverlib.lib : sysctl.obj (.text:SysCtlPeripheralEnable)
                  000039fc    0000002a                   : gpio.obj (.text:GPIODirModeSet)
                  00003a26    00000002     --HOLE-- [fill = 0]
                  00003a28    00000024                   : interrupt.obj (.text:IntPrioritySet)
                  00003a4c    00000012                   : gpio.obj (.text:GPIOPinTypeUART)
                  00003a5e    00000010                   : interrupt.obj (.text:IntMasterDisable)
                  00003a6e    0000000e                   : gpio.obj (.text:GPIOIntStatus)
                  00003a7c    0000000e     rtsv7M4_T_le_v4SPD16_eabi.lib : copy_decompress_none.obj (.text:decompress:none)
                  00003a8a    0000000c     driverlib.lib : cpu.obj (.text:CPUcpsid)
                  00003a96    0000000c                   : gpio.obj (.text:GPIOIntEnable)
                  00003aa2    0000000c     rtsv7M4_T_le_v4SPD16_eabi.lib : copy_zero_init.obj (.text:decompress:ZI)
                  00003aae    0000000c     tm4c123gh6pm_startup_ccs.obj (.text)
                  00003aba    00000006     driverlib.lib : gpio.obj (.text:GPIOIntClear)
                  00003ac0    00000006                   : gpio.obj (.text:GPIOPinRead)
                  00003ac6    00000006                   : sysctl.obj (.text:SysCtlDelay)
                  00003acc    00000006                   : uart.obj (.text:UARTClockSourceSet)
                  00003ad2    00000004     rtsv7M4_T_le_v4SPD16_eabi.lib : exit.obj (.text:abort)
                  00003ad6    00000004                                   : pre_init.obj (.text)

.const     0    00003adc    000001d0     
                  00003adc    0000009c     driverlib.lib : interrupt.obj (.const:g_pui32Regs)
                  00003b78    00000090                   : gpio.obj (.const:g_pui32GPIOBaseAddrs)
                  00003c08    00000070                   : interrupt.obj (.const)
                  00003c78    00000012     uartstdio.obj (.const:.string)
                  00003c8a    00000002     --HOLE-- [fill = 0]
                  00003c8c    0000000c     uartstdio.obj (.const:g_ui32UARTBase)
                  00003c98    0000000c     uartstdio.obj (.const:g_ui32UARTPeriph)
                  00003ca4    00000004     port.obj (.const)
                  00003ca8    00000004     uartstdio.obj (.const)

.cinit     0    00003cb0    00000038     
                  00003cb0    0000000f     (.cinit..data.load) [load image, compression = lzss]
                  00003cbf    00000001     --HOLE-- [fill = 0]
                  00003cc0    0000000c     (__TI_handler_table)
                  00003ccc    00000004     --HOLE-- [fill = 0]
                  00003cd0    00000008     (.cinit..bss.load) [load image, compression = zero_init]
                  00003cd8    00000010     (__TI_cinit_table)

.init_array 
*          0    00000000    00000000     UNINITIALIZED

.bss       0    20000000    00007740     UNINITIALIZED
                  20000000    00007530     heap_2.obj (.bss:ucHeap)
                  20007530    00000140     tasks.obj (.bss:pxReadyTasksLists)
                  20007670    00000050     (.common:xQueueRegistry)
                  200076c0    00000014     tasks.obj (.bss:xDelayedTaskList1)
                  200076d4    00000014     tasks.obj (.bss:xDelayedTaskList2)
                  200076e8    00000014     tasks.obj (.bss:xPendingReadyList)
                  200076fc    00000014     tasks.obj (.bss:xSuspendedTaskList)
                  20007710    00000014     tasks.obj (.bss:xTasksWaitingTermination)
                  20007724    00000008     tasks.obj (.bss)
                  2000772c    00000008     heap_2.obj (.bss:xEnd)
                  20007734    00000008     heap_2.obj (.bss:xStart)
                  2000773c    00000004     (.common:xQueue)

.data      0    20007940    00000048     UNINITIALIZED
                  20007940    00000034     tasks.obj (.data)
                  20007974    00000008     heap_2.obj (.data)
                  2000797c    00000005     uartstdio.obj (.data)
                  20007981    00000003     --HOLE--
                  20007984    00000004     port.obj (.data)

.stack     0    20007740    00000200     UNINITIALIZED
                  20007740    00000004     rtsv7M4_T_le_v4SPD16_eabi.lib : boot_cortex_m.obj (.stack)
                  20007744    000001fc     --HOLE--

MODULE SUMMARY

       Module                         code    ro data   rw data
       ------                         ----    -------   -------
    .\
       tm4c123gh6pm_startup_ccs.obj   12      620       0      
    +--+------------------------------+-------+---------+---------+
       Total:                         12      620       0      
                                                               
    .\Application\
       freertos_demo.obj              536     0         4      
    +--+------------------------------+-------+---------+---------+
       Total:                         536     0         4      
                                                               
    .\FreeRTOSSource\
       heap_2.obj                     440     0         30024  
       tasks.obj                      6304    0         480    
       queue.obj                      3212    0         80     
       port.obj                       316     4         4      
       list.obj                       298     0         0      
       portasm.obj                    218     0         0      
    +--+------------------------------+-------+---------+---------+
       Total:                         10788   4         30588  
                                                               
    .\driver\
       uartstdio.obj                  1244    46        5      
       switches.obj                   216     0         0      
    +--+------------------------------+-------+---------+---------+
       Total:                         1460    46        5      
                                                               
    C:/ti/TivaWare_C_Series-2.1.4.178/driverlib/ccs/Debug/driverlib.lib
       gpio.obj                       562     144       0      
       interrupt.obj                  156     268       0      
       sysctl.obj                     302     0         0      
       cpu.obj                        12      0         0      
       uart.obj                       6       0         0      
    +--+------------------------------+-------+---------+---------+
       Total:                         1038    412       0      
                                                               
    C:\ti\ccsv7\tools\compiler\ti-cgt-arm_17.9.0.STS\lib\rtsv7M4_T_le_v4SPD16_eabi.lib
       memcpy_t2.obj                  156     0         0      
       memset_t2.obj                  122     0         0      
       copy_decompress_lzss.obj       104     0         0      
       autoinit.obj                   68      0         0      
       u_divt2.obj                    64      0         0      
       boot_cortex_m.obj              56      0         0      
       copy_decompress_none.obj       14      0         0      
       copy_zero_init.obj             12      0         0      
       exit.obj                       4       0         0      
       pre_init.obj                   4       0         0      
       i_div0.obj                     2       0         0      
    +--+------------------------------+-------+---------+---------+
       Total:                         606     0         0      
                                                               
       Stack:                         0       0         512    
       Linker Generated:              0       51        0      
    +--+------------------------------+-------+---------+---------+
       Grand Total:                   14440   1133      31109  


LINKER GENERATED COPY TABLES

__TI_cinit_table @ 00003cd8 records: 2, size/record: 8, table size: 16
	.data: load addr=00003cb0, load size=0000000f bytes, run addr=20007940, run size=00000048 bytes, compression=lzss
	.bss: load addr=00003cd0, load size=00000008 bytes, run addr=20000000, run size=00007740 bytes, compression=zero_init


LINKER GENERATED HANDLER TABLE

__TI_handler_table @ 00003cc0 records: 3, size/record: 4, table size: 12
	index: 0, handler: __TI_decompress_lzss
	index: 1, handler: __TI_decompress_none
	index: 2, handler: __TI_zero_init


GLOBAL SYMBOLS: SORTED ALPHABETICALLY BY Name 

address   name                               
-------   ----                               
00003ad3  C$$EXIT                            
00003a8b  CPUcpsid                           
00002c7f  ConfigureUART                      
000039fd  GPIODirModeSet                     
00003abb  GPIOIntClear                       
00003a97  GPIOIntEnable                      
00003a6f  GPIOIntStatus                      
0000386d  GPIOIntTypeSet                     
00003181  GPIOPadConfigSet                   
000038c5  GPIOPinConfigure                   
00003ac1  GPIOPinRead                        
00003a4d  GPIOPinTypeUART                    
00002d37  GPIOPortFIntHandler                
0000379d  IntEnable                          
00003a5f  IntMasterDisable                   
00003a29  IntPrioritySet                     
00003aaf  ResetISR                           
000033dd  SysCtlClockSet                     
00003ac7  SysCtlDelay                        
000039c9  SysCtlPeripheralEnable             
00003acd  UARTClockSourceSet                 
00002799  UARTStdioConfig                    
00002911  UARTgetc                           
0000284b  UARTgets                           
00002c3f  UARTprintf                         
00002945  UARTvprintf                        
000027f9  UARTwrite                          
20007940  __STACK_END                        
00000200  __STACK_SIZE                       
20007940  __STACK_TOP                        
00003cd8  __TI_CINIT_Base                    
00003ce8  __TI_CINIT_Limit                   
00003cc0  __TI_Handler_Table_Base            
00003ccc  __TI_Handler_Table_Limit           
0000390d  __TI_auto_init_nobinit_nopinit     
00003805  __TI_decompress_lzss               
00003a7d  __TI_decompress_none               
ffffffff  __TI_pprof_out_hndl                
ffffffff  __TI_prof_data_size                
ffffffff  __TI_prof_data_start               
00000000  __TI_static_base__                 
00003aa3  __TI_zero_init                     
000035ab  __aeabi_idiv0                      
00003721  __aeabi_memclr                     
00003721  __aeabi_memclr4                    
00003721  __aeabi_memclr8                    
00003685  __aeabi_memcpy                     
00003685  __aeabi_memcpy4                    
00003685  __aeabi_memcpy8                    
00003723  __aeabi_memset                     
00003723  __aeabi_memset4                    
00003723  __aeabi_memset8                    
00003951  __aeabi_uidiv                      
00003951  __aeabi_uidivmod                   
ffffffff  __binit__                          
ffffffff  __c_args__                         
UNDEFED   __mpu_init                         
20007740  __stack                            
00003991  _c_int00_noargs                    
UNDEFED   _system_post_cinit                 
00003ad7  _system_pre_init                   
00003ad3  abort                              
ffffffff  binit                              
000005e1  eTaskGetState                      
00000000  g_pfnVectors                       
00002cd9  main                               
00003685  memcpy                             
00003729  memset                             
0000270b  pcQueueGetName                     
00000baf  pcTaskGetName                      
00002e8d  pvPortMalloc                       
0000162b  pvTaskIncrementMutexHeldCount      
20007940  pxCurrentTCB                       
00003045  pxPortInitialiseStack              
0000362d  swIntEnable                        
000035ad  switchInit                         
000035f5  switchState                        
0000246d  ucQueueGetQueueType                
00003ca4  ulMaxSyscallInterruptPriority      
000034e1  ulPortGetIPSR                      
00001649  ulTaskNotifyTake                   
00003395  uxListRemove                       
0000244d  uxQueueGetQueueNumber              
000023ef  uxQueueMessagesWaiting             
00002425  uxQueueMessagesWaitingFromISR      
00002405  uxQueueSpacesAvailable             
00000ba9  uxTaskGetNumberOfTasks             
00001311  uxTaskGetStackHighWaterMark        
00000bd5  uxTaskGetSystemState               
000010a5  uxTaskGetTaskNumber                
00000675  uxTaskPriorityGet                  
000006a5  uxTaskPriorityGetFromISR           
00001609  uxTaskResetEventItemValue          
00002c75  vApplicationStackOverflowHook      
000032b3  vListInitialise                    
000032e3  vListInitialiseItem                
0000332f  vListInsert                        
000032f3  vListInsertEnd                     
0000359d  vPortEnableVFP                     
000030e5  vPortEndScheduler                  
000030e7  vPortEnterCritical                 
00003107  vPortExitCritical                  
00002f85  vPortFree                          
00002fe9  vPortInitialiseBlocks              
00003559  vPortSVCHandler                    
00003143  vPortSetupTimerInterrupt           
00003579  vPortStartFirstTask                
000026c9  vQueueAddToRegistry                
00002437  vQueueDelete                       
0000245b  vQueueSetQueueNumber               
0000274b  vQueueUnregisterQueue              
000005a5  vTaskDelay                         
00000515  vTaskDelayUntil                    
00000467  vTaskDelete                        
00000a6b  vTaskEndScheduler                  
00001181  vTaskGetInfo                       
00000fef  vTaskInternalSetTimeOutState       
0000109d  vTaskMissedYield                   
00001965  vTaskNotifyGiveFromISR             
00000e93  vTaskPlaceOnEventList              
00000eaf  vTaskPlaceOnUnorderedEventList     
00001537  vTaskPriorityDisinheritAfterTimeout
000006f1  vTaskPrioritySet                   
00000f69  vTaskRemoveFromUnorderedEventList  
00000919  vTaskResume                        
000010c5  vTaskSetTaskNumber                 
00000fd1  vTaskSetTimeOutState               
00000a21  vTaskStartScheduler                
00000809  vTaskSuspend                       
00000a8d  vTaskSuspendAll                    
00000df1  vTaskSwitchContext                 
00002fe3  xPortGetFreeHeapSize               
000034f9  xPortPendSVHandler                 
000030af  xPortStartScheduler                
0000311d  xPortSysTickHandler                
2000773c  xQueue                             
00001c65  xQueueCreateMutex                  
00001bab  xQueueGenericCreate                
00001b0d  xQueueGenericReset                 
00001d11  xQueueGenericSend                  
00001e3f  xQueueGenericSendFromISR           
00001ed9  xQueueGiveFromISR                  
00001c91  xQueueGiveMutexRecursive           
00002665  xQueueIsQueueEmptyFromISR          
000026a7  xQueueIsQueueFullFromISR           
000021e3  xQueuePeek                         
0000239d  xQueuePeekFromISR                  
00001f6b  xQueueReceive                      
00002305  xQueueReceiveFromISR               
20007670  xQueueRegistry                     
00002089  xQueueSemaphoreTake                
00001ccd  xQueueTakeMutexRecursive           
00001015  xTaskCheckForTimeOut               
0000026d  xTaskCreate                        
0000176b  xTaskGenericNotify                 
00001855  xTaskGenericNotifyFromISR          
00001385  xTaskGetCurrentTaskHandle          
00000b81  xTaskGetTickCount                  
00000b95  xTaskGetTickCountFromISR           
00000cc9  xTaskIncrementTick                 
00001a13  xTaskNotifyStateClear              
000016c9  xTaskNotifyWait                    
00001499  xTaskPriorityDisinherit            
000013b9  xTaskPriorityInherit               
00000ee9  xTaskRemoveFromEventList           
00000a9d  xTaskResumeAll                     
00000993  xTaskResumeFromISR                 


GLOBAL SYMBOLS: SORTED BY Symbol Address 

address   name                               
-------   ----                               
00000000  __TI_static_base__                 
00000000  g_pfnVectors                       
00000200  __STACK_SIZE                       
0000026d  xTaskCreate                        
00000467  vTaskDelete                        
00000515  vTaskDelayUntil                    
000005a5  vTaskDelay                         
000005e1  eTaskGetState                      
00000675  uxTaskPriorityGet                  
000006a5  uxTaskPriorityGetFromISR           
000006f1  vTaskPrioritySet                   
00000809  vTaskSuspend                       
00000919  vTaskResume                        
00000993  xTaskResumeFromISR                 
00000a21  vTaskStartScheduler                
00000a6b  vTaskEndScheduler                  
00000a8d  vTaskSuspendAll                    
00000a9d  xTaskResumeAll                     
00000b81  xTaskGetTickCount                  
00000b95  xTaskGetTickCountFromISR           
00000ba9  uxTaskGetNumberOfTasks             
00000baf  pcTaskGetName                      
00000bd5  uxTaskGetSystemState               
00000cc9  xTaskIncrementTick                 
00000df1  vTaskSwitchContext                 
00000e93  vTaskPlaceOnEventList              
00000eaf  vTaskPlaceOnUnorderedEventList     
00000ee9  xTaskRemoveFromEventList           
00000f69  vTaskRemoveFromUnorderedEventList  
00000fd1  vTaskSetTimeOutState               
00000fef  vTaskInternalSetTimeOutState       
00001015  xTaskCheckForTimeOut               
0000109d  vTaskMissedYield                   
000010a5  uxTaskGetTaskNumber                
000010c5  vTaskSetTaskNumber                 
00001181  vTaskGetInfo                       
00001311  uxTaskGetStackHighWaterMark        
00001385  xTaskGetCurrentTaskHandle          
000013b9  xTaskPriorityInherit               
00001499  xTaskPriorityDisinherit            
00001537  vTaskPriorityDisinheritAfterTimeout
00001609  uxTaskResetEventItemValue          
0000162b  pvTaskIncrementMutexHeldCount      
00001649  ulTaskNotifyTake                   
000016c9  xTaskNotifyWait                    
0000176b  xTaskGenericNotify                 
00001855  xTaskGenericNotifyFromISR          
00001965  vTaskNotifyGiveFromISR             
00001a13  xTaskNotifyStateClear              
00001b0d  xQueueGenericReset                 
00001bab  xQueueGenericCreate                
00001c65  xQueueCreateMutex                  
00001c91  xQueueGiveMutexRecursive           
00001ccd  xQueueTakeMutexRecursive           
00001d11  xQueueGenericSend                  
00001e3f  xQueueGenericSendFromISR           
00001ed9  xQueueGiveFromISR                  
00001f6b  xQueueReceive                      
00002089  xQueueSemaphoreTake                
000021e3  xQueuePeek                         
00002305  xQueueReceiveFromISR               
0000239d  xQueuePeekFromISR                  
000023ef  uxQueueMessagesWaiting             
00002405  uxQueueSpacesAvailable             
00002425  uxQueueMessagesWaitingFromISR      
00002437  vQueueDelete                       
0000244d  uxQueueGetQueueNumber              
0000245b  vQueueSetQueueNumber               
0000246d  ucQueueGetQueueType                
00002665  xQueueIsQueueEmptyFromISR          
000026a7  xQueueIsQueueFullFromISR           
000026c9  vQueueAddToRegistry                
0000270b  pcQueueGetName                     
0000274b  vQueueUnregisterQueue              
00002799  UARTStdioConfig                    
000027f9  UARTwrite                          
0000284b  UARTgets                           
00002911  UARTgetc                           
00002945  UARTvprintf                        
00002c3f  UARTprintf                         
00002c75  vApplicationStackOverflowHook      
00002c7f  ConfigureUART                      
00002cd9  main                               
00002d37  GPIOPortFIntHandler                
00002e8d  pvPortMalloc                       
00002f85  vPortFree                          
00002fe3  xPortGetFreeHeapSize               
00002fe9  vPortInitialiseBlocks              
00003045  pxPortInitialiseStack              
000030af  xPortStartScheduler                
000030e5  vPortEndScheduler                  
000030e7  vPortEnterCritical                 
00003107  vPortExitCritical                  
0000311d  xPortSysTickHandler                
00003143  vPortSetupTimerInterrupt           
00003181  GPIOPadConfigSet                   
000032b3  vListInitialise                    
000032e3  vListInitialiseItem                
000032f3  vListInsertEnd                     
0000332f  vListInsert                        
00003395  uxListRemove                       
000033dd  SysCtlClockSet                     
000034e1  ulPortGetIPSR                      
000034f9  xPortPendSVHandler                 
00003559  vPortSVCHandler                    
00003579  vPortStartFirstTask                
0000359d  vPortEnableVFP                     
000035ab  __aeabi_idiv0                      
000035ad  switchInit                         
000035f5  switchState                        
0000362d  swIntEnable                        
00003685  __aeabi_memcpy                     
00003685  __aeabi_memcpy4                    
00003685  __aeabi_memcpy8                    
00003685  memcpy                             
00003721  __aeabi_memclr                     
00003721  __aeabi_memclr4                    
00003721  __aeabi_memclr8                    
00003723  __aeabi_memset                     
00003723  __aeabi_memset4                    
00003723  __aeabi_memset8                    
00003729  memset                             
0000379d  IntEnable                          
00003805  __TI_decompress_lzss               
0000386d  GPIOIntTypeSet                     
000038c5  GPIOPinConfigure                   
0000390d  __TI_auto_init_nobinit_nopinit     
00003951  __aeabi_uidiv                      
00003951  __aeabi_uidivmod                   
00003991  _c_int00_noargs                    
000039c9  SysCtlPeripheralEnable             
000039fd  GPIODirModeSet                     
00003a29  IntPrioritySet                     
00003a4d  GPIOPinTypeUART                    
00003a5f  IntMasterDisable                   
00003a6f  GPIOIntStatus                      
00003a7d  __TI_decompress_none               
00003a8b  CPUcpsid                           
00003a97  GPIOIntEnable                      
00003aa3  __TI_zero_init                     
00003aaf  ResetISR                           
00003abb  GPIOIntClear                       
00003ac1  GPIOPinRead                        
00003ac7  SysCtlDelay                        
00003acd  UARTClockSourceSet                 
00003ad3  C$$EXIT                            
00003ad3  abort                              
00003ad7  _system_pre_init                   
00003ca4  ulMaxSyscallInterruptPriority      
00003cc0  __TI_Handler_Table_Base            
00003ccc  __TI_Handler_Table_Limit           
00003cd8  __TI_CINIT_Base                    
00003ce8  __TI_CINIT_Limit                   
20007670  xQueueRegistry                     
2000773c  xQueue                             
20007740  __stack                            
20007940  __STACK_END                        
20007940  __STACK_TOP                        
20007940  pxCurrentTCB                       
ffffffff  __TI_pprof_out_hndl                
ffffffff  __TI_prof_data_size                
ffffffff  __TI_prof_data_start               
ffffffff  __binit__                          
ffffffff  __c_args__                         
ffffffff  binit                              
UNDEFED   __mpu_init                         
UNDEFED   _system_post_cinit                 

[167 symbols]
