******************************************************************************
                  TI ARM Linker PC v18.1.5                     
******************************************************************************
>> Linked Wed Apr  3 14:12:47 2019

OUTPUT FILE NAME:   <UART_Rx_Tx.out>
ENTRY POINT SYMBOL: "_c_int00_noargs"  address: 00000fb5


MEMORY CONFIGURATION

         name            origin    length      used     unused   attr    fill
----------------------  --------  ---------  --------  --------  ----  --------
  FLASH                 00000000   00040000  0000133a  0003ecc6  R  X
  SRAM                  20000000   00008000  00000c44  000073bc  RW X


SEGMENT ALLOCATION MAP

run origin  load origin   length   init length attrs members
----------  ----------- ---------- ----------- ----- -------
00000000    00000000    00001340   00001340    r-x
  00000000    00000000    0000026c   0000026c    r-- .intvecs
  0000026c    0000026c    00000ea2   00000ea2    r-x .text
  00001110    00001110    000001ec   000001ec    r-- .const
  00001300    00001300    00000040   00000040    r-- .cinit
20000000    20000000    00000c48   00000000    rw-
  20000000    20000000    0000026c   00000000    rw- .vtable
  2000026c    2000026c    000007d0   00000000    rw- .bss
  20000a40    20000a40    00000200   00000000    rw- .stack
  20000c40    20000c40    00000008   00000000    rw- .data


SECTION ALLOCATION MAP

 output                                  attributes/
section   page    origin      length       input sections
--------  ----  ----------  ----------   ----------------
.intvecs   0    00000000    0000026c     
                  00000000    0000026c     tm4c123gh6pm_startup_ccs.obj (.intvecs)

.text      0    0000026c    00000ea2     
                  0000026c    0000062e     uart.obj (.text)
                  0000089a    00000132     driverlib.lib : gpio.obj (.text:GPIOPadConfigSet)
                  000009cc    00000110                   : sysctl.obj (.text:SysCtlClockGet)
                  00000adc    00000108     main.obj (.text)
                  00000be4    000000f4     driverlib.lib : sysctl.obj (.text:SysCtlClockSet)
                  00000cd8    0000009c     rtsv7M4_T_le_v4SPD16_eabi.lib : memcpy_t2.asm.obj (.text)
                  00000d74    0000007a                                   : memset_t2.asm.obj (.text)
                  00000dee    00000002     driverlib.lib : interrupt.obj (.text:_IntDefaultHandler)
                  00000df0    00000068                   : interrupt.obj (.text:IntDisable)
                  00000e58    00000068                   : interrupt.obj (.text:IntEnable)
                  00000ec0    00000068     rtsv7M4_T_le_v4SPD16_eabi.lib : copy_decompress_lzss.c.obj (.text:decompress:lzss:__TI_decompress_lzss)
                  00000f28    00000048     driverlib.lib : gpio.obj (.text:GPIOPinConfigure)
                  00000f70    00000044     rtsv7M4_T_le_v4SPD16_eabi.lib : autoinit.c.obj (.text:__TI_auto_init_nobinit_nopinit:__TI_auto_init_nobinit_nopinit)
                  00000fb4    00000038                                   : boot_cortex_m.c.obj (.text:_c_int00_noargs:_c_int00_noargs)
                  00000fec    00000034     driverlib.lib : interrupt.obj (.text:IntRegister)
                  00001020    00000034                   : sysctl.obj (.text:SysCtlPeripheralEnable)
                  00001054    0000002a                   : gpio.obj (.text:GPIODirModeSet)
                  0000107e    00000018                   : gpio.obj (.text:GPIOPinTypeGPIOOutput)
                  00001096    00000002     --HOLE-- [fill = 0]
                  00001098    00000014                   : interrupt.obj (.text:IntUnregister)
                  000010ac    00000012                   : gpio.obj (.text:GPIOPinTypeUART)
                  000010be    00000010                   : interrupt.obj (.text:IntMasterEnable)
                  000010ce    0000000e     rtsv7M4_T_le_v4SPD16_eabi.lib : copy_decompress_none.c.obj (.text:decompress:none:__TI_decompress_none)
                  000010dc    0000000c     driverlib.lib : cpu.obj (.text:CPUcpsie)
                  000010e8    0000000c     rtsv7M4_T_le_v4SPD16_eabi.lib : copy_zero_init.c.obj (.text:decompress:ZI:__TI_zero_init)
                  000010f4    0000000c     tm4c123gh6pm_startup_ccs.obj (.text)
                  00001100    00000006     driverlib.lib : sysctl.obj (.text:SysCtlDelay)
                  00001106    00000004     rtsv7M4_T_le_v4SPD16_eabi.lib : pre_init.c.obj (.text:_system_pre_init)
                  0000110a    00000004                                   : exit.c.obj (.text:abort:abort)

.const     0    00001110    000001ec     
                  00001110    00000090     driverlib.lib : gpio.obj (.const:g_pui32GPIOBaseAddrs)
                  000011a0    00000070                   : interrupt.obj (.const)
                  00001210    0000006c                   : sysctl.obj (.const:g_pui32Xtals)
                  0000127c    00000040     uart.obj (.const:g_ppui32UARTIntMap)
                  000012bc    00000040     uart.obj (.const:g_ppui32UARTIntMapSnowflake)

.cinit     0    00001300    00000040     
                  00001300    0000000c     (__TI_handler_table)
                  0000130c    0000000a     (.cinit..data.load) [load image, compression = lzss]
                  00001316    00000002     --HOLE-- [fill = 0]
                  00001318    00000008     (.cinit..bss.load) [load image, compression = zero_init]
                  00001320    00000008     (.cinit..vtable.load) [load image, compression = zero_init]
                  00001328    00000018     (__TI_cinit_table)

.init_array 
*          0    00000000    00000000     UNINITIALIZED

.vtable    0    20000000    0000026c     UNINITIALIZED
                  20000000    0000026c     driverlib.lib : interrupt.obj (.vtable)

.bss       0    2000026c    000007d0     UNINITIALIZED
                  2000026c    000003e8     (.common:buffer1)
                  20000654    000003e8     (.common:buffer2)

.data      0    20000c40    00000008     UNINITIALIZED
                  20000c40    00000008     main.obj (.data)

.stack     0    20000a40    00000200     UNINITIALIZED
                  20000a40    00000004     rtsv7M4_T_le_v4SPD16_eabi.lib : boot_cortex_m.c.obj (.stack)
                  20000a44    000001fc     --HOLE--

MODULE SUMMARY

       Module                         code   ro data   rw data
       ------                         ----   -------   -------
    .\
       main.obj                       264    0         2008   
       uart.obj                       1582   128       0      
       tm4c123gh6pm_startup_ccs.obj   12     620       0      
    +--+------------------------------+------+---------+---------+
       Total:                         1858   748       2008   
                                                              
    C:/ti/TivaWare_C_Series-2.1.4.178/driverlib/ccs/Debug/driverlib.lib
       interrupt.obj                  298    112       620    
       sysctl.obj                     574    108       0      
       gpio.obj                       462    144       0      
       cpu.obj                        12     0         0      
    +--+------------------------------+------+---------+---------+
       Total:                         1346   364       620    
                                                              
    C:\ti\ccsv8\tools\compiler\ti-cgt-arm_18.1.5.LTS\lib\rtsv7M4_T_le_v4SPD16_eabi.lib
       memcpy_t2.asm.obj              156    0         0      
       memset_t2.asm.obj              122    0         0      
       copy_decompress_lzss.c.obj     104    0         0      
       autoinit.c.obj                 68     0         0      
       boot_cortex_m.c.obj            56     0         0      
       copy_decompress_none.c.obj     14     0         0      
       copy_zero_init.c.obj           12     0         0      
       exit.c.obj                     4      0         0      
       pre_init.c.obj                 4      0         0      
    +--+------------------------------+------+---------+---------+
       Total:                         540    0         0      
                                                              
       Stack:                         0      0         512    
       Linker Generated:              0      62        0      
    +--+------------------------------+------+---------+---------+
       Grand Total:                   3744   1174      3140   


LINKER GENERATED COPY TABLES

__TI_cinit_table @ 00001328 records: 3, size/record: 8, table size: 24
	.data: load addr=0000130c, load size=0000000a bytes, run addr=20000c40, run size=00000008 bytes, compression=lzss
	.bss: load addr=00001318, load size=00000008 bytes, run addr=2000026c, run size=000007d0 bytes, compression=zero_init
	.vtable: load addr=00001320, load size=00000008 bytes, run addr=20000000, run size=0000026c bytes, compression=zero_init


LINKER GENERATED HANDLER TABLE

__TI_handler_table @ 00001300 records: 3, size/record: 4, table size: 12
	index: 0, handler: __TI_zero_init
	index: 1, handler: __TI_decompress_lzss
	index: 2, handler: __TI_decompress_none


GLOBAL SYMBOLS: SORTED ALPHABETICALLY BY Name 

address   name                          
-------   ----                          
0000110b  C$$EXIT                       
000010dd  CPUcpsie                      
00001055  GPIODirModeSet                
0000089b  GPIOPadConfigSet              
00000f29  GPIOPinConfigure              
0000107f  GPIOPinTypeGPIOOutput         
000010ad  GPIOPinTypeUART               
00000df1  IntDisable                    
00000e59  IntEnable                     
000010bf  IntMasterEnable               
00000fed  IntRegister                   
00001099  IntUnregister                 
000010f5  ResetISR                      
000009cd  SysCtlClockGet                
00000be5  SysCtlClockSet                
00001101  SysCtlDelay                   
00001021  SysCtlPeripheralEnable        
0000083d  UART9BitAddrSend              
00000817  UART9BitAddrSet               
00000801  UART9BitDisable               
000007eb  UART9BitEnable                
0000068f  UARTBreakCtl                  
000006b9  UARTBusy                      
00000637  UARTCharGet                   
0000061b  UARTCharGetNonBlocking        
00000671  UARTCharPut                   
0000064d  UARTCharPutNonBlocking        
000005df  UARTCharsAvail                
000007db  UARTClockSourceGet            
000007c7  UARTClockSourceSet            
000003af  UARTConfigGetExpClk           
00000339  UARTConfigSetExpClk           
0000078d  UARTDMADisable                
00000775  UARTDMAEnable                 
0000041f  UARTDisable                   
000004a3  UARTDisableSIR                
000003fb  UARTEnable                    
00000475  UARTEnableSIR                 
0000045f  UARTFIFODisable               
00000449  UARTFIFOEnable                
00000311  UARTFIFOLevelGet              
000002f9  UARTFIFOLevelSet              
0000059f  UARTFlowControlGet            
00000583  UARTFlowControlSet            
00000add  UARTGetBuffer                 
00000763  UARTIntClear                  
0000072d  UARTIntDisable                
00000715  UARTIntEnable                 
00000aff  UARTIntHandler                
000006d7  UARTIntRegister               
00000745  UARTIntStatus                 
000006f5  UARTIntUnregister             
00000885  UARTLoopbackEnable            
00000539  UARTModemControlClear         
0000055d  UARTModemControlGet           
00000501  UARTModemControlSet           
0000056f  UARTModemStatusGet            
000002e7  UARTParityModeGet             
000002cb  UARTParityModeSet             
000007b7  UARTRxErrorClear              
000007a5  UARTRxErrorGet                
000004eb  UARTSmartCardDisable          
000004b9  UARTSmartCardEnable           
000005fd  UARTSpaceAvail                
000005cd  UARTTxIntModeGet              
000005b1  UARTTxIntModeSet              
20000c40  __STACK_END                   
00000200  __STACK_SIZE                  
20000c40  __STACK_TOP                   
00001328  __TI_CINIT_Base               
00001340  __TI_CINIT_Limit              
00001300  __TI_Handler_Table_Base       
0000130c  __TI_Handler_Table_Limit      
00000f71  __TI_auto_init_nobinit_nopinit
00000ec1  __TI_decompress_lzss          
000010cf  __TI_decompress_none          
ffffffff  __TI_pprof_out_hndl           
ffffffff  __TI_prof_data_size           
ffffffff  __TI_prof_data_start          
00000000  __TI_static_base__            
000010e9  __TI_zero_init                
00000d75  __aeabi_memclr                
00000d75  __aeabi_memclr4               
00000d75  __aeabi_memclr8               
00000cd9  __aeabi_memcpy                
00000cd9  __aeabi_memcpy4               
00000cd9  __aeabi_memcpy8               
00000d77  __aeabi_memset                
00000d77  __aeabi_memset4               
00000d77  __aeabi_memset8               
ffffffff  __binit__                     
ffffffff  __c_args__                    
UNDEFED   __mpu_init                    
20000a40  __stack                       
00000fb5  _c_int00_noargs               
UNDEFED   _system_post_cinit            
00001107  _system_pre_init              
0000110b  abort                         
ffffffff  binit                         
2000026c  buffer1                       
20000654  buffer2                       
20000000  g_pfnRAMVectors               
00000000  g_pfnVectors                  
20000c40  index                         
00000b5b  main                          
00000cd9  memcpy                        
00000d7d  memset                        
20000c44  remain                        


GLOBAL SYMBOLS: SORTED BY Symbol Address 

address   name                          
-------   ----                          
00000000  __TI_static_base__            
00000000  g_pfnVectors                  
00000200  __STACK_SIZE                  
000002cb  UARTParityModeSet             
000002e7  UARTParityModeGet             
000002f9  UARTFIFOLevelSet              
00000311  UARTFIFOLevelGet              
00000339  UARTConfigSetExpClk           
000003af  UARTConfigGetExpClk           
000003fb  UARTEnable                    
0000041f  UARTDisable                   
00000449  UARTFIFOEnable                
0000045f  UARTFIFODisable               
00000475  UARTEnableSIR                 
000004a3  UARTDisableSIR                
000004b9  UARTSmartCardEnable           
000004eb  UARTSmartCardDisable          
00000501  UARTModemControlSet           
00000539  UARTModemControlClear         
0000055d  UARTModemControlGet           
0000056f  UARTModemStatusGet            
00000583  UARTFlowControlSet            
0000059f  UARTFlowControlGet            
000005b1  UARTTxIntModeSet              
000005cd  UARTTxIntModeGet              
000005df  UARTCharsAvail                
000005fd  UARTSpaceAvail                
0000061b  UARTCharGetNonBlocking        
00000637  UARTCharGet                   
0000064d  UARTCharPutNonBlocking        
00000671  UARTCharPut                   
0000068f  UARTBreakCtl                  
000006b9  UARTBusy                      
000006d7  UARTIntRegister               
000006f5  UARTIntUnregister             
00000715  UARTIntEnable                 
0000072d  UARTIntDisable                
00000745  UARTIntStatus                 
00000763  UARTIntClear                  
00000775  UARTDMAEnable                 
0000078d  UARTDMADisable                
000007a5  UARTRxErrorGet                
000007b7  UARTRxErrorClear              
000007c7  UARTClockSourceSet            
000007db  UARTClockSourceGet            
000007eb  UART9BitEnable                
00000801  UART9BitDisable               
00000817  UART9BitAddrSet               
0000083d  UART9BitAddrSend              
00000885  UARTLoopbackEnable            
0000089b  GPIOPadConfigSet              
000009cd  SysCtlClockGet                
00000add  UARTGetBuffer                 
00000aff  UARTIntHandler                
00000b5b  main                          
00000be5  SysCtlClockSet                
00000cd9  __aeabi_memcpy                
00000cd9  __aeabi_memcpy4               
00000cd9  __aeabi_memcpy8               
00000cd9  memcpy                        
00000d75  __aeabi_memclr                
00000d75  __aeabi_memclr4               
00000d75  __aeabi_memclr8               
00000d77  __aeabi_memset                
00000d77  __aeabi_memset4               
00000d77  __aeabi_memset8               
00000d7d  memset                        
00000df1  IntDisable                    
00000e59  IntEnable                     
00000ec1  __TI_decompress_lzss          
00000f29  GPIOPinConfigure              
00000f71  __TI_auto_init_nobinit_nopinit
00000fb5  _c_int00_noargs               
00000fed  IntRegister                   
00001021  SysCtlPeripheralEnable        
00001055  GPIODirModeSet                
0000107f  GPIOPinTypeGPIOOutput         
00001099  IntUnregister                 
000010ad  GPIOPinTypeUART               
000010bf  IntMasterEnable               
000010cf  __TI_decompress_none          
000010dd  CPUcpsie                      
000010e9  __TI_zero_init                
000010f5  ResetISR                      
00001101  SysCtlDelay                   
00001107  _system_pre_init              
0000110b  C$$EXIT                       
0000110b  abort                         
00001300  __TI_Handler_Table_Base       
0000130c  __TI_Handler_Table_Limit      
00001328  __TI_CINIT_Base               
00001340  __TI_CINIT_Limit              
20000000  g_pfnRAMVectors               
2000026c  buffer1                       
20000654  buffer2                       
20000a40  __stack                       
20000c40  __STACK_END                   
20000c40  __STACK_TOP                   
20000c40  index                         
20000c44  remain                        
ffffffff  __TI_pprof_out_hndl           
ffffffff  __TI_prof_data_size           
ffffffff  __TI_prof_data_start          
ffffffff  __binit__                     
ffffffff  __c_args__                    
ffffffff  binit                         
UNDEFED   __mpu_init                    
UNDEFED   _system_post_cinit            

[108 symbols]
