******************************************************************************
                  TI ARM Linker PC v18.1.5                     
******************************************************************************
>> Linked Thu Mar 14 07:34:26 2019

OUTPUT FILE NAME:   <UART.out>
ENTRY POINT SYMBOL: "_c_int00_noargs"  address: 000012e5


MEMORY CONFIGURATION

         name            origin    length      used     unused   attr    fill
----------------------  --------  ---------  --------  --------  ----  --------
  FLASH                 00000000   00040000  0000161c  0003e9e4  R  X
  SRAM                  20000000   00008000  00000471  00007b8f  RW X


SEGMENT ALLOCATION MAP

run origin  load origin   length   init length attrs members
----------  ----------- ---------- ----------- ----- -------
00000000    00000000    00001620   00001620    r-x
  00000000    00000000    0000026c   0000026c    r-- .intvecs
  0000026c    0000026c    000011d0   000011d0    r-x .text
  0000143c    0000143c    000001b0   000001b0    r-- .const
  000015f0    000015f0    00000030   00000030    r-- .cinit
20000000    20000000    00000475   00000000    rw-
  20000000    20000000    0000026c   00000000    rw- .vtable
  20000270    20000270    00000200   00000000    rw- .stack
  20000470    20000470    00000005   00000000    rw- .data


SECTION ALLOCATION MAP

 output                                  attributes/
section   page    origin      length       input sections
--------  ----  ----------  ----------   ----------------
.intvecs   0    00000000    0000026c     
                  00000000    0000026c     tm4c123gh6pm_startup_ccs.obj (.intvecs)

.text      0    0000026c    000011d0     
                  0000026c    0000062e     uart.obj (.text)
                  0000089a    00000002     driverlib.lib : interrupt.obj (.text:_IntDefaultHandler)
                  0000089c    0000049c     uartstdio.obj (.text)
                  00000d38    00000132     driverlib.lib : gpio.obj (.text:GPIOPadConfigSet)
                  00000e6a    00000002     rtsv7M4_T_le_v4SPD16_eabi.lib : div0.asm.obj (.text)
                  00000e6c    000000f4     driverlib.lib : sysctl.obj (.text:SysCtlClockSet)
                  00000f60    000000ac     main.obj (.text)
                  0000100c    0000009c     rtsv7M4_T_le_v4SPD16_eabi.lib : memcpy_t2.asm.obj (.text)
                  000010a8    00000068     driverlib.lib : interrupt.obj (.text:IntDisable)
                  00001110    00000068                   : interrupt.obj (.text:IntEnable)
                  00001178    00000068     rtsv7M4_T_le_v4SPD16_eabi.lib : copy_decompress_lzss.c.obj (.text:decompress:lzss:__TI_decompress_lzss)
                  000011e0    00000048     driverlib.lib : gpio.obj (.text:GPIOPinConfigure)
                  00001228    00000044     rtsv7M4_T_le_v4SPD16_eabi.lib : autoinit.c.obj (.text:__TI_auto_init_nobinit_nopinit:__TI_auto_init_nobinit_nopinit)
                  0000126c    00000040                                   : u_divt2.asm.obj (.text)
                  000012ac    00000038     driverlib.lib : sysctl.obj (.text:SysCtlPeripheralPresent)
                  000012e4    00000038     rtsv7M4_T_le_v4SPD16_eabi.lib : boot_cortex_m.c.obj (.text:_c_int00_noargs:_c_int00_noargs)
                  0000131c    00000034     driverlib.lib : interrupt.obj (.text:IntRegister)
                  00001350    00000034                   : sysctl.obj (.text:SysCtlPeripheralEnable)
                  00001384    0000002c     uart_0_util.obj (.text)
                  000013b0    0000002a     driverlib.lib : gpio.obj (.text:GPIODirModeSet)
                  000013da    00000002     --HOLE-- [fill = 0]
                  000013dc    00000014                   : interrupt.obj (.text:IntUnregister)
                  000013f0    00000012                   : gpio.obj (.text:GPIOPinTypeUART)
                  00001402    00000012     rtsv7M4_T_le_v4SPD16_eabi.lib : copy_zero_init.c.obj (.text:decompress:ZI:__TI_zero_init_nomemset:__TI_zero_init_nomemset)
                  00001414    0000000e                                   : copy_decompress_none.c.obj (.text:decompress:none:__TI_decompress_none)
                  00001422    0000000c     tm4c123gh6pm_startup_ccs.obj (.text)
                  0000142e    00000006     driverlib.lib : sysctl.obj (.text:SysCtlDelay)
                  00001434    00000004     rtsv7M4_T_le_v4SPD16_eabi.lib : pre_init.c.obj (.text:_system_pre_init)
                  00001438    00000004                                   : exit.c.obj (.text:abort:abort)

.const     0    0000143c    000001b0     
                  0000143c    00000090     driverlib.lib : gpio.obj (.const:g_pui32GPIOBaseAddrs)
                  000014cc    00000070                   : interrupt.obj (.const)
                  0000153c    00000040     uart.obj (.const:g_ppui32UARTIntMap)
                  0000157c    00000040     uart.obj (.const:g_ppui32UARTIntMapSnowflake)
                  000015bc    00000012     uartstdio.obj (.const:.string)
                  000015ce    00000002     --HOLE-- [fill = 0]
                  000015d0    0000000c     uartstdio.obj (.const:g_ui32UARTBase)
                  000015dc    0000000c     uartstdio.obj (.const:g_ui32UARTPeriph)
                  000015e8    00000004     uartstdio.obj (.const)

.cinit     0    000015f0    00000030     
                  000015f0    0000000c     (__TI_handler_table)
                  000015fc    00000004     --HOLE-- [fill = 0]
                  00001600    00000008     (.cinit..vtable.load) [load image, compression = zero_init]
                  00001608    00000007     (.cinit..data.load) [load image, compression = lzss]
                  0000160f    00000001     --HOLE-- [fill = 0]
                  00001610    00000010     (__TI_cinit_table)

.init_array 
*          0    00000000    00000000     UNINITIALIZED

.vtable    0    20000000    0000026c     UNINITIALIZED
                  20000000    0000026c     driverlib.lib : interrupt.obj (.vtable)

.data      0    20000470    00000005     UNINITIALIZED
                  20000470    00000005     uartstdio.obj (.data)

.stack     0    20000270    00000200     UNINITIALIZED
                  20000270    00000004     rtsv7M4_T_le_v4SPD16_eabi.lib : boot_cortex_m.c.obj (.stack)
                  20000274    000001fc     --HOLE--

MODULE SUMMARY

       Module                         code   ro data   rw data
       ------                         ----   -------   -------
    .\
       uart.obj                       1582   128       0      
       uartstdio.obj                  1180   46        5      
       tm4c123gh6pm_startup_ccs.obj   12     620       0      
       main.obj                       172    0         0      
       uart_0_util.obj                44     0         0      
    +--+------------------------------+------+---------+---------+
       Total:                         2990   794       5      
                                                              
    C:/ti/TivaWare_C_Series-2.1.2.111/driverlib/ccs/Debug/driverlib.lib
       interrupt.obj                  282    112       620    
       gpio.obj                       438    144       0      
       sysctl.obj                     358    0         0      
    +--+------------------------------+------+---------+---------+
       Total:                         1078   256       620    
                                                              
    C:\ti\ccsv8\tools\compiler\ti-cgt-arm_18.1.5.LTS\lib\rtsv7M4_T_le_v4SPD16_eabi.lib
       memcpy_t2.asm.obj              156    0         0      
       copy_decompress_lzss.c.obj     104    0         0      
       autoinit.c.obj                 68     0         0      
       u_divt2.asm.obj                64     0         0      
       boot_cortex_m.c.obj            56     0         0      
       copy_zero_init.c.obj           18     0         0      
       copy_decompress_none.c.obj     14     0         0      
       exit.c.obj                     4      0         0      
       pre_init.c.obj                 4      0         0      
       div0.asm.obj                   2      0         0      
    +--+------------------------------+------+---------+---------+
       Total:                         490    0         0      
                                                              
       Stack:                         0      0         512    
       Linker Generated:              0      43        0      
    +--+------------------------------+------+---------+---------+
       Grand Total:                   4558   1093      1137   


LINKER GENERATED COPY TABLES

__TI_cinit_table @ 00001610 records: 2, size/record: 8, table size: 16
	.vtable: load addr=00001600, load size=00000008 bytes, run addr=20000000, run size=0000026c bytes, compression=zero_init
	.data: load addr=00001608, load size=00000007 bytes, run addr=20000470, run size=00000005 bytes, compression=lzss


LINKER GENERATED HANDLER TABLE

__TI_handler_table @ 000015f0 records: 3, size/record: 4, table size: 12
	index: 0, handler: __TI_zero_init
	index: 1, handler: __TI_decompress_lzss
	index: 2, handler: __TI_decompress_none


GLOBAL SYMBOLS: SORTED ALPHABETICALLY BY Name 

address   name                          
-------   ----                          
00001439  C$$EXIT                       
00000f61  ConfigureUART                 
000013b1  GPIODirModeSet                
00000d39  GPIOPadConfigSet              
000011e1  GPIOPinConfigure              
000013f1  GPIOPinTypeUART               
000010a9  IntDisable                    
00001111  IntEnable                     
0000131d  IntRegister                   
000013dd  IntUnregister                 
00001385  Putstr                        
00001423  ResetISR                      
00000e6d  SysCtlClockSet                
0000142f  SysCtlDelay                   
00001351  SysCtlPeripheralEnable        
000012ad  SysCtlPeripheralPresent       
0000083d  UART9BitAddrSend              
00000817  UART9BitAddrSet               
00000801  UART9BitDisable               
000007eb  UART9BitEnable                
0000068f  UARTBreakCtl                  
000006b9  UARTBusy                      
00000637  UARTCharGet                   
0000061b  UARTCharGetNonBlocking        
00000671  UARTCharPut                   
0000064d  UARTCharPutNonBlocking        
000005df  UARTCharsAvail                
000007db  UARTClockSourceGet            
000007c7  UARTClockSourceSet            
000003af  UARTConfigGetExpClk           
00000339  UARTConfigSetExpClk           
0000078d  UARTDMADisable                
00000775  UARTDMAEnable                 
0000041f  UARTDisable                   
000004a3  UARTDisableSIR                
000003fb  UARTEnable                    
00000475  UARTEnableSIR                 
0000045f  UARTFIFODisable               
00000449  UARTFIFOEnable                
00000311  UARTFIFOLevelGet              
000002f9  UARTFIFOLevelSet              
0000059f  UARTFlowControlGet            
00000583  UARTFlowControlSet            
00000763  UARTIntClear                  
0000072d  UARTIntDisable                
00000715  UARTIntEnable                 
000006d7  UARTIntRegister               
00000745  UARTIntStatus                 
000006f5  UARTIntUnregister             
00000885  UARTLoopbackEnable            
00000539  UARTModemControlClear         
0000055d  UARTModemControlGet           
00000501  UARTModemControlSet           
0000056f  UARTModemStatusGet            
000002e7  UARTParityModeGet             
000002cb  UARTParityModeSet             
000007b7  UARTRxErrorClear              
000007a5  UARTRxErrorGet                
000004eb  UARTSmartCardDisable          
000004b9  UARTSmartCardEnable           
000005fd  UARTSpaceAvail                
0000089d  UARTStdioConfig               
000005cd  UARTTxIntModeGet              
000005b1  UARTTxIntModeSet              
000009e3  UARTgetc                      
00000929  UARTgets                      
00000d03  UARTprintf                    
00000a09  UARTvprintf                   
000008e3  UARTwrite                     
20000470  __STACK_END                   
00000200  __STACK_SIZE                  
20000470  __STACK_TOP                   
00001610  __TI_CINIT_Base               
00001620  __TI_CINIT_Limit              
000015f0  __TI_Handler_Table_Base       
000015fc  __TI_Handler_Table_Limit      
00001229  __TI_auto_init_nobinit_nopinit
00001179  __TI_decompress_lzss          
00001415  __TI_decompress_none          
ffffffff  __TI_pprof_out_hndl           
ffffffff  __TI_prof_data_size           
ffffffff  __TI_prof_data_start          
00000000  __TI_static_base__            
00001403  __TI_zero_init_nomemset       
00000e6b  __aeabi_idiv0                 
00000e6b  __aeabi_ldiv0                 
0000100d  __aeabi_memcpy                
0000100d  __aeabi_memcpy4               
0000100d  __aeabi_memcpy8               
0000126d  __aeabi_uidiv                 
0000126d  __aeabi_uidivmod              
ffffffff  __binit__                     
ffffffff  __c_args__                    
UNDEFED   __mpu_init                    
20000270  __stack                       
000012e5  _c_int00_noargs               
UNDEFED   _system_post_cinit            
00001435  _system_pre_init              
00001439  abort                         
ffffffff  binit                         
20000000  g_pfnRAMVectors               
00000000  g_pfnVectors                  
00000f9d  main                          
0000100d  memcpy                        


GLOBAL SYMBOLS: SORTED BY Symbol Address 

address   name                          
-------   ----                          
00000000  __TI_static_base__            
00000000  g_pfnVectors                  
00000200  __STACK_SIZE                  
000002cb  UARTParityModeSet             
000002e7  UARTParityModeGet             
000002f9  UARTFIFOLevelSet              
00000311  UARTFIFOLevelGet              
00000339  UARTConfigSetExpClk           
000003af  UARTConfigGetExpClk           
000003fb  UARTEnable                    
0000041f  UARTDisable                   
00000449  UARTFIFOEnable                
0000045f  UARTFIFODisable               
00000475  UARTEnableSIR                 
000004a3  UARTDisableSIR                
000004b9  UARTSmartCardEnable           
000004eb  UARTSmartCardDisable          
00000501  UARTModemControlSet           
00000539  UARTModemControlClear         
0000055d  UARTModemControlGet           
0000056f  UARTModemStatusGet            
00000583  UARTFlowControlSet            
0000059f  UARTFlowControlGet            
000005b1  UARTTxIntModeSet              
000005cd  UARTTxIntModeGet              
000005df  UARTCharsAvail                
000005fd  UARTSpaceAvail                
0000061b  UARTCharGetNonBlocking        
00000637  UARTCharGet                   
0000064d  UARTCharPutNonBlocking        
00000671  UARTCharPut                   
0000068f  UARTBreakCtl                  
000006b9  UARTBusy                      
000006d7  UARTIntRegister               
000006f5  UARTIntUnregister             
00000715  UARTIntEnable                 
0000072d  UARTIntDisable                
00000745  UARTIntStatus                 
00000763  UARTIntClear                  
00000775  UARTDMAEnable                 
0000078d  UARTDMADisable                
000007a5  UARTRxErrorGet                
000007b7  UARTRxErrorClear              
000007c7  UARTClockSourceSet            
000007db  UARTClockSourceGet            
000007eb  UART9BitEnable                
00000801  UART9BitDisable               
00000817  UART9BitAddrSet               
0000083d  UART9BitAddrSend              
00000885  UARTLoopbackEnable            
0000089d  UARTStdioConfig               
000008e3  UARTwrite                     
00000929  UARTgets                      
000009e3  UARTgetc                      
00000a09  UARTvprintf                   
00000d03  UARTprintf                    
00000d39  GPIOPadConfigSet              
00000e6b  __aeabi_idiv0                 
00000e6b  __aeabi_ldiv0                 
00000e6d  SysCtlClockSet                
00000f61  ConfigureUART                 
00000f9d  main                          
0000100d  __aeabi_memcpy                
0000100d  __aeabi_memcpy4               
0000100d  __aeabi_memcpy8               
0000100d  memcpy                        
000010a9  IntDisable                    
00001111  IntEnable                     
00001179  __TI_decompress_lzss          
000011e1  GPIOPinConfigure              
00001229  __TI_auto_init_nobinit_nopinit
0000126d  __aeabi_uidiv                 
0000126d  __aeabi_uidivmod              
000012ad  SysCtlPeripheralPresent       
000012e5  _c_int00_noargs               
0000131d  IntRegister                   
00001351  SysCtlPeripheralEnable        
00001385  Putstr                        
000013b1  GPIODirModeSet                
000013dd  IntUnregister                 
000013f1  GPIOPinTypeUART               
00001403  __TI_zero_init_nomemset       
00001415  __TI_decompress_none          
00001423  ResetISR                      
0000142f  SysCtlDelay                   
00001435  _system_pre_init              
00001439  C$$EXIT                       
00001439  abort                         
000015f0  __TI_Handler_Table_Base       
000015fc  __TI_Handler_Table_Limit      
00001610  __TI_CINIT_Base               
00001620  __TI_CINIT_Limit              
20000000  g_pfnRAMVectors               
20000270  __stack                       
20000470  __STACK_END                   
20000470  __STACK_TOP                   
ffffffff  __TI_pprof_out_hndl           
ffffffff  __TI_prof_data_size           
ffffffff  __TI_prof_data_start          
ffffffff  __binit__                     
ffffffff  __c_args__                    
ffffffff  binit                         
UNDEFED   __mpu_init                    
UNDEFED   _system_post_cinit            

[104 symbols]
