******************************************************************************
                  TI ARM Linker PC v18.1.4                     
******************************************************************************
>> Linked Mon Jun  3 10:49:16 2019

OUTPUT FILE NAME:   <LEDRedMultiTaskExample.out>
ENTRY POINT SYMBOL: "_c_int00_noargs"  address: 00001239


MEMORY CONFIGURATION

         name            origin    length      used     unused   attr    fill
----------------------  --------  ---------  --------  --------  ----  --------
  FLASH                 00000000   00040000  000015fa  0003ea06  R  X
  SRAM                  20000000   00008000  00000249  00007db7  RW X


SEGMENT ALLOCATION MAP

run origin  load origin   length   init length attrs members
----------  ----------- ---------- ----------- ----- -------
00000000    00000000    00001600   00001600    r-x
  00000000    00000000    0000026c   0000026c    r-- .intvecs
  0000026c    0000026c    00001166   00001166    r-x .text
  000013d4    000013d4    000001e0   000001e0    r-- .const
  000015b8    000015b8    00000048   00000048    r-- .cinit
20000000    20000000    00000249   00000000    rw-
  20000000    20000000    00000200   00000000    rw- .stack
  20000200    20000200    00000049   00000000    rw- .data


SECTION ALLOCATION MAP

 output                                  attributes/
section   page    origin      length       input sections
--------  ----  ----------  ----------   ----------------
.intvecs   0    00000000    0000026c     
                  00000000    0000026c     tm4c123gh6pm_startup_ccs.obj (.intvecs)

.text      0    0000026c    00001166     
                  0000026c    0000049c     uartstdio.obj (.text)
                  00000708    00000204     ledGreenStateMachine.obj (.text)
                  0000090c    00000178     main.obj (.text)
                  00000a84    00000132     driverlib.lib : gpio.obj (.text:GPIOPadConfigSet)
                  00000bb6    00000002     rtsv7M4_T_le_v4SPD16_eabi.lib : div0.asm.obj (.text)
                  00000bb8    00000130     ledRedStateMachine.obj (.text)
                  00000ce8    00000110     driverlib.lib : sysctl.obj (.text:SysCtlClockGet)
                  00000df8    000000f4                   : sysctl.obj (.text:SysCtlClockSet)
                  00000eec    0000009c     rtsv7M4_T_le_v4SPD16_eabi.lib : memcpy_t2.asm.obj (.text)
                  00000f88    0000009c     switches.obj (.text)
                  00001024    00000068     rtsv7M4_T_le_v4SPD16_eabi.lib : copy_decompress_lzss.c.obj (.text:decompress:lzss:__TI_decompress_lzss)
                  0000108c    00000060     led.obj (.text)
                  000010ec    00000048     driverlib.lib : gpio.obj (.text:GPIOPinConfigure)
                  00001134    00000046                   : uart.obj (.text:UARTConfigSetExpClk)
                  0000117a    00000002     --HOLE-- [fill = 0]
                  0000117c    00000044     rtsv7M4_T_le_v4SPD16_eabi.lib : autoinit.c.obj (.text:__TI_auto_init_nobinit_nopinit:__TI_auto_init_nobinit_nopinit)
                  000011c0    00000040                                   : u_divt2.asm.obj (.text)
                  00001200    00000038     driverlib.lib : sysctl.obj (.text:SysCtlPeripheralPresent)
                  00001238    00000038     rtsv7M4_T_le_v4SPD16_eabi.lib : boot_cortex_m.c.obj (.text:_c_int00_noargs:_c_int00_noargs)
                  00001270    00000034     driverlib.lib : sysctl.obj (.text:SysCtlPeripheralEnable)
                  000012a4    0000002a                   : gpio.obj (.text:GPIODirModeSet)
                  000012ce    00000002     --HOLE-- [fill = 0]
                  000012d0    00000020                   : uart.obj (.text:UARTDisable)
                  000012f0    00000018                   : gpio.obj (.text:GPIOPinTypeGPIOOutput)
                  00001308    00000014                   : systick.obj (.text:SysTickEnable)
                  0000131c    00000014                   : systick.obj (.text:SysTickIntEnable)
                  00001330    00000014                   : uart.obj (.text:UARTEnable)
                  00001344    00000012                   : gpio.obj (.text:GPIOPinTypeUART)
                  00001356    00000010                   : interrupt.obj (.text:IntMasterEnable)
                  00001366    00000002     --HOLE-- [fill = 0]
                  00001368    00000010                   : systick.obj (.text:SysTickPeriodSet)
                  00001378    0000000e     rtsv7M4_T_le_v4SPD16_eabi.lib : copy_decompress_none.c.obj (.text:decompress:none:__TI_decompress_none)
                  00001386    0000000c     driverlib.lib : cpu.obj (.text:CPUcpsie)
                  00001392    0000000c     tm4c123gh6pm_startup_ccs.obj (.text)
                  0000139e    0000000a     driverlib.lib : uart.obj (.text:UARTCharGet)
                  000013a8    0000000a                   : uart.obj (.text:UARTCharPut)
                  000013b2    00000006                   : gpio.obj (.text:GPIOPinRead)
                  000013b8    00000006                   : gpio.obj (.text:GPIOPinWrite)
                  000013be    00000006                   : sysctl.obj (.text:SysCtlDelay)
                  000013c4    00000006                   : uart.obj (.text:UARTClockSourceSet)
                  000013ca    00000004     rtsv7M4_T_le_v4SPD16_eabi.lib : pre_init.c.obj (.text:_system_pre_init)
                  000013ce    00000004                                   : exit.c.obj (.text:abort:abort)

.const     0    000013d4    000001e0     
                  000013d4    00000090     driverlib.lib : gpio.obj (.const:g_pui32GPIOBaseAddrs)
                  00001464    0000006c                   : sysctl.obj (.const:g_pui32Xtals)
                  000014d0    00000052     ledGreenStateMachine.obj (.const:.string)
                  00001522    00000002     --HOLE-- [fill = 0]
                  00001524    00000038     ledRedStateMachine.obj (.const:.string)
                  0000155c    00000012     uartstdio.obj (.const:.string)
                  0000156e    0000000d     ledGreenStateMachine.obj (.const:.string:$P$T0$1)
                  0000157b    00000001     --HOLE-- [fill = 0]
                  0000157c    0000000c     uartstdio.obj (.const:g_ui32UARTBase)
                  00001588    0000000c     uartstdio.obj (.const:g_ui32UARTPeriph)
                  00001594    0000000c     led.obj (.const:ledPin)
                  000015a0    0000000b     ledRedStateMachine.obj (.const:.string:$P$T0$1)
                  000015ab    00000005     main.obj (.const:.string:$P$T0$1)
                  000015b0    00000004     uartstdio.obj (.const)

.cinit     0    000015b8    00000048     
                  000015b8    00000037     (.cinit..data.load) [load image, compression = lzss]
                  000015ef    00000001     --HOLE-- [fill = 0]
                  000015f0    00000008     (__TI_handler_table)
                  000015f8    00000008     (__TI_cinit_table)

.init_array 
*          0    00000000    00000000     UNINITIALIZED

.data      0    20000200    00000049     UNINITIALIZED
                  20000200    00000018     ledGreenStateMachine.obj (.data:stateName)
                  20000218    00000010     ledGreenStateMachine.obj (.data)
                  20000228    00000010     ledRedStateMachine.obj (.data:stateName)
                  20000238    0000000c     ledRedStateMachine.obj (.data)
                  20000244    00000005     uartstdio.obj (.data)

.stack     0    20000000    00000200     UNINITIALIZED
                  20000000    00000004     rtsv7M4_T_le_v4SPD16_eabi.lib : boot_cortex_m.c.obj (.stack)
                  20000004    000001fc     --HOLE--

MODULE SUMMARY

       Module                         code   ro data   rw data
       ------                         ----   -------   -------
    .\
       uartstdio.obj                  1180   46        5      
       ledGreenStateMachine.obj       516    95        40     
       tm4c123gh6pm_startup_ccs.obj   12     620       0      
       ledRedStateMachine.obj         304    67        28     
       main.obj                       376    5         0      
       switches.obj                   156    0         0      
       led.obj                        96     12        0      
    +--+------------------------------+------+---------+---------+
       Total:                         2640   845       73     
                                                              
    C:/ti/TivaWare_C_Series-2.1.4.178/driverlib/ccs/Debug/driverlib.lib
       sysctl.obj                     630    108       0      
       gpio.obj                       474    144       0      
       uart.obj                       148    0         0      
       systick.obj                    56     0         0      
       interrupt.obj                  16     0         0      
       cpu.obj                        12     0         0      
    +--+------------------------------+------+---------+---------+
       Total:                         1336   252       0      
                                                              
    C:\ti\ccsv8\tools\compiler\ti-cgt-arm_18.1.4.LTS\lib\rtsv7M4_T_le_v4SPD16_eabi.lib
       memcpy_t2.asm.obj              156    0         0      
       copy_decompress_lzss.c.obj     104    0         0      
       autoinit.c.obj                 68     0         0      
       u_divt2.asm.obj                64     0         0      
       boot_cortex_m.c.obj            56     0         0      
       copy_decompress_none.c.obj     14     0         0      
       exit.c.obj                     4      0         0      
       pre_init.c.obj                 4      0         0      
       div0.asm.obj                   2      0         0      
    +--+------------------------------+------+---------+---------+
       Total:                         472    0         0      
                                                              
       Stack:                         0      0         512    
       Linker Generated:              0      71        0      
    +--+------------------------------+------+---------+---------+
       Grand Total:                   4448   1168      585    


LINKER GENERATED COPY TABLES

__TI_cinit_table @ 000015f8 records: 1, size/record: 8, table size: 8
	.data: load addr=000015b8, load size=00000037 bytes, run addr=20000200, run size=00000049 bytes, compression=lzss


LINKER GENERATED HANDLER TABLE

__TI_handler_table @ 000015f0 records: 2, size/record: 4, table size: 8
	index: 0, handler: __TI_decompress_lzss
	index: 1, handler: __TI_decompress_none


GLOBAL SYMBOLS: SORTED ALPHABETICALLY BY Name 

address   name                          
-------   ----                          
000013cf  C$$EXIT                       
00001387  CPUcpsie                      
000012a5  GPIODirModeSet                
00000a85  GPIOPadConfigSet              
000010ed  GPIOPinConfigure              
000013b3  GPIOPinRead                   
000012f1  GPIOPinTypeGPIOOutput         
00001345  GPIOPinTypeUART               
000013b9  GPIOPinWrite                  
0000090d  InitConsole                   
00001357  IntMasterEnable               
00001393  ResetISR                      
00000ce9  SysCtlClockGet                
00000df9  SysCtlClockSet                
000013bf  SysCtlDelay                   
00001271  SysCtlPeripheralEnable        
00001201  SysCtlPeripheralPresent       
00001309  SysTickEnable                 
0000131d  SysTickIntEnable              
00000949  SysTickIntHandler             
00001369  SysTickPeriodSet              
0000139f  UARTCharGet                   
000013a9  UARTCharPut                   
000013c5  UARTClockSourceSet            
00001135  UARTConfigSetExpClk           
000012d1  UARTDisable                   
00001331  UARTEnable                    
0000026d  UARTStdioConfig               
000003b3  UARTgetc                      
000002f9  UARTgets                      
000006d3  UARTprintf                    
000003d9  UARTvprintf                   
000002b3  UARTwrite                     
20000200  __STACK_END                   
00000200  __STACK_SIZE                  
20000200  __STACK_TOP                   
000015f8  __TI_CINIT_Base               
00001600  __TI_CINIT_Limit              
000015f0  __TI_Handler_Table_Base       
000015f8  __TI_Handler_Table_Limit      
0000117d  __TI_auto_init_nobinit_nopinit
00001025  __TI_decompress_lzss          
00001379  __TI_decompress_none          
ffffffff  __TI_pprof_out_hndl           
ffffffff  __TI_prof_data_size           
ffffffff  __TI_prof_data_start          
00000000  __TI_static_base__            
00000bb7  __aeabi_idiv0                 
00000bb7  __aeabi_ldiv0                 
00000eed  __aeabi_memcpy                
00000eed  __aeabi_memcpy4               
00000eed  __aeabi_memcpy8               
000011c1  __aeabi_uidiv                 
000011c1  __aeabi_uidivmod              
ffffffff  __binit__                     
ffffffff  __c_args__                    
UNDEFED   __mpu_init                    
20000000  __stack                       
00001239  _c_int00_noargs               
UNDEFED   _system_post_cinit            
000013cb  _system_pre_init              
000013cf  abort                         
ffffffff  binit                         
00000000  g_pfnVectors                  
0000109f  ledControl                    
20000218  ledGTimer                     
00000709  ledGreenTask                  
0000108d  ledInit                       
00001594  ledPin                        
00000bb9  ledRedTask                    
00000991  main                          
00000eed  memcpy                        
00000f89  switchInit                    
00000fd1  switchState                   
20000224  taskgreenledFlag              
20000220  taskgreenledcounter           
20000240  taskredledFlag                
2000023c  taskredledcounter             


GLOBAL SYMBOLS: SORTED BY Symbol Address 

address   name                          
-------   ----                          
00000000  __TI_static_base__            
00000000  g_pfnVectors                  
00000200  __STACK_SIZE                  
0000026d  UARTStdioConfig               
000002b3  UARTwrite                     
000002f9  UARTgets                      
000003b3  UARTgetc                      
000003d9  UARTvprintf                   
000006d3  UARTprintf                    
00000709  ledGreenTask                  
0000090d  InitConsole                   
00000949  SysTickIntHandler             
00000991  main                          
00000a85  GPIOPadConfigSet              
00000bb7  __aeabi_idiv0                 
00000bb7  __aeabi_ldiv0                 
00000bb9  ledRedTask                    
00000ce9  SysCtlClockGet                
00000df9  SysCtlClockSet                
00000eed  __aeabi_memcpy                
00000eed  __aeabi_memcpy4               
00000eed  __aeabi_memcpy8               
00000eed  memcpy                        
00000f89  switchInit                    
00000fd1  switchState                   
00001025  __TI_decompress_lzss          
0000108d  ledInit                       
0000109f  ledControl                    
000010ed  GPIOPinConfigure              
00001135  UARTConfigSetExpClk           
0000117d  __TI_auto_init_nobinit_nopinit
000011c1  __aeabi_uidiv                 
000011c1  __aeabi_uidivmod              
00001201  SysCtlPeripheralPresent       
00001239  _c_int00_noargs               
00001271  SysCtlPeripheralEnable        
000012a5  GPIODirModeSet                
000012d1  UARTDisable                   
000012f1  GPIOPinTypeGPIOOutput         
00001309  SysTickEnable                 
0000131d  SysTickIntEnable              
00001331  UARTEnable                    
00001345  GPIOPinTypeUART               
00001357  IntMasterEnable               
00001369  SysTickPeriodSet              
00001379  __TI_decompress_none          
00001387  CPUcpsie                      
00001393  ResetISR                      
0000139f  UARTCharGet                   
000013a9  UARTCharPut                   
000013b3  GPIOPinRead                   
000013b9  GPIOPinWrite                  
000013bf  SysCtlDelay                   
000013c5  UARTClockSourceSet            
000013cb  _system_pre_init              
000013cf  C$$EXIT                       
000013cf  abort                         
00001594  ledPin                        
000015f0  __TI_Handler_Table_Base       
000015f8  __TI_CINIT_Base               
000015f8  __TI_Handler_Table_Limit      
00001600  __TI_CINIT_Limit              
20000000  __stack                       
20000200  __STACK_END                   
20000200  __STACK_TOP                   
20000218  ledGTimer                     
20000220  taskgreenledcounter           
20000224  taskgreenledFlag              
2000023c  taskredledcounter             
20000240  taskredledFlag                
ffffffff  __TI_pprof_out_hndl           
ffffffff  __TI_prof_data_size           
ffffffff  __TI_prof_data_start          
ffffffff  __binit__                     
ffffffff  __c_args__                    
ffffffff  binit                         
UNDEFED   __mpu_init                    
UNDEFED   _system_post_cinit            

[78 symbols]
