******************************************************************************
                  TI ARM Linker PC v18.1.4                     
******************************************************************************
>> Linked Sun Jun  2 00:02:18 2019

OUTPUT FILE NAME:   <systickMultiTask.out>
ENTRY POINT SYMBOL: "_c_int00_noargs"  address: 00000541


MEMORY CONFIGURATION

         name            origin    length      used     unused   attr    fill
----------------------  --------  ---------  --------  --------  ----  --------
  FLASH                 00000000   00040000  00000cae  0003f352  R  X
  SRAM                  20000000   00008000  00000218  00007de8  RW X


SEGMENT ALLOCATION MAP

run origin  load origin   length   init length attrs members
----------  ----------- ---------- ----------- ----- -------
00000000    00000000    00000cb4   00000cb4    r-x
  00000000    00000000    0000026c   0000026c    r-- .intvecs
  0000026c    0000026c    00000378   00000378    r-x .text
  000005e4    000005e4    00000254   00000254    r-- .constdata
  00000838    00000838    00000154   00000154    r-x i.SysCtlClockGet
  0000098c    0000098c    00000138   00000138    r-x i.GPIOPadConfigSet
  00000ac4    00000ac4    00000128   00000128    r-x i.SysCtlClockSet
  00000bec    00000bec    00000028   00000028    r-x i.GPIODirModeSet
  00000c14    00000c14    00000028   00000028    r-x i.SysCtlPeripheralEnable
  00000c3c    00000c3c    0000001c   0000001c    r-x i.GPIOPinTypeGPIOOutput
  00000c58    00000c58    0000000e   0000000e    r-x i.SysTickEnable
  00000c66    00000c66    0000000e   0000000e    r-x i.SysTickIntEnable
  00000c74    00000c74    0000000a   0000000a    r-x i.SysTickPeriodSet
  00000c80    00000c80    00000006   00000006    r-x .emb_text
  00000c86    00000c86    00000006   00000006    r-x i.GPIOPinWrite
  00000c90    00000c90    00000024   00000024    r-- .cinit
20000000    20000000    00000218   00000000    rw-
  20000000    20000000    00000200   00000000    rw- .stack
  20000200    20000200    00000018   00000000    rw- .data


SECTION ALLOCATION MAP

 output                                  attributes/
section   page    origin      length       input sections
--------  ----  ----------  ----------   ----------------
.intvecs   0    00000000    0000026c     
                  00000000    0000026c     tm4c123gh6pm_startup_ccs.obj (.intvecs)

.text      0    0000026c    00000378     
                  0000026c    000000e4     main.obj (.text)
                  00000350    000000a8     swState.obj (.text)
                  000003f8    0000009c     rtsv7M4_T_le_v4SPD16_eabi.lib : memcpy_t2.asm.obj (.text)
                  00000494    00000068                                   : copy_decompress_lzss.c.obj (.text:decompress:lzss:__TI_decompress_lzss)
                  000004fc    00000044                                   : autoinit.c.obj (.text:__TI_auto_init_nobinit_nopinit:__TI_auto_init_nobinit_nopinit)
                  00000540    00000038                                   : boot_cortex_m.c.obj (.text:_c_int00_noargs:_c_int00_noargs)
                  00000578    0000000e                                   : copy_decompress_none.c.obj (.text:decompress:none:__TI_decompress_none)
                  00000586    0000000c     tm4c123gh6pm_startup_ccs.obj (.text)
                  00000592    00000004     rtsv7M4_T_le_v4SPD16_eabi.lib : pre_init.c.obj (.text:_system_pre_init)
                  00000596    00000004                                   : exit.c.obj (.text:abort:abort)
                  0000059a    00000002     --HOLE-- [fill = 0]
                  0000059c    00000008     driverlib.lib : sysctl.o (.tramp.SysCtlDelay.1)
                  000005a4    00000008                   : gpio.o (.tramp.GPIOPinWrite.1)
                  000005ac    00000008                   : gpio.o (.tramp.GPIOPinTypeGPIOOutput.1)
                  000005b4    00000008                   : sysctl.o (.tramp.SysCtlPeripheralEnable.1)
                  000005bc    00000008                   : systick.o (.tramp.SysTickEnable.1)
                  000005c4    00000008                   : systick.o (.tramp.SysTickIntEnable.1)
                  000005cc    00000008                   : systick.o (.tramp.SysTickPeriodSet.1)
                  000005d4    00000008                   : sysctl.o (.tramp.SysCtlClockGet.1)
                  000005dc    00000008                   : sysctl.o (.tramp.SysCtlClockSet.1)

.constdata 
*          0    000005e4    00000254     
                  000005e4    00000254     driverlib.lib : sysctl.o (.constdata)

i.SysCtlClockGet 
*          0    00000838    00000154     
                  00000838    00000154     driverlib.lib : sysctl.o (i.SysCtlClockGet)

i.GPIOPadConfigSet 
*          0    0000098c    00000138     
                  0000098c    00000138     driverlib.lib : gpio.o (i.GPIOPadConfigSet)

i.SysCtlClockSet 
*          0    00000ac4    00000128     
                  00000ac4    00000120     driverlib.lib : sysctl.o (i.SysCtlClockSet)
                  00000be4    00000008                   : sysctl.o (.tramp.SysCtlDelay.2)

i.SysCtlPeripheralEnable 
*          0    00000c14    00000028     
                  00000c14    00000028     driverlib.lib : sysctl.o (i.SysCtlPeripheralEnable)

i.SysTickEnable 
*          0    00000c58    0000000e     
                  00000c58    0000000e     driverlib.lib : systick.o (i.SysTickEnable)

i.SysTickIntEnable 
*          0    00000c66    0000000e     
                  00000c66    0000000e     driverlib.lib : systick.o (i.SysTickIntEnable)

i.SysTickPeriodSet 
*          0    00000c74    0000000a     
                  00000c74    0000000a     driverlib.lib : systick.o (i.SysTickPeriodSet)

.cinit     0    00000c90    00000024     
                  00000c90    00000012     (.cinit..data.load) [load image, compression = lzss]
                  00000ca2    00000002     --HOLE-- [fill = 0]
                  00000ca4    00000008     (__TI_handler_table)
                  00000cac    00000008     (__TI_cinit_table)

.init_array 
*          0    00000000    00000000     UNINITIALIZED

.data      0    20000200    00000018     UNINITIALIZED
                  20000200    00000018     swState.obj (.data)

.stack     0    20000000    00000200     UNINITIALIZED
                  20000000    00000004     rtsv7M4_T_le_v4SPD16_eabi.lib : boot_cortex_m.c.obj (.stack)
                  20000004    000001fc     --HOLE--

i.GPIODirModeSet 
*          0    00000bec    00000028     
                  00000bec    00000028     driverlib.lib : gpio.o (i.GPIODirModeSet)

i.GPIOPinTypeGPIOOutput 
*          0    00000c3c    0000001c     
                  00000c3c    0000001c     driverlib.lib : gpio.o (i.GPIOPinTypeGPIOOutput)

i.GPIOPinWrite 
*          0    00000c86    00000006     
                  00000c86    00000006     driverlib.lib : gpio.o (i.GPIOPinWrite)

.emb_text 
*          0    00000c80    00000006     
                  00000c80    00000006     driverlib.lib : sysctl.o (.emb_text)

MODULE SUMMARY

       Module                         code   ro data   rw data
       ------                         ----   -------   -------
    .\
       tm4c123gh6pm_startup_ccs.obj   12     620       0      
       main.obj                       228    0         0      
       swState.obj                    168    0         24     
    +--+------------------------------+------+---------+---------+
       Total:                         408    620       24     
                                                              
    C:/ti/TivaWare_C_Series-2.1.4.178/driverlib/rvmdk/driverlib.lib
       sysctl.o                       714    596       0      
       gpio.o                         402    0         0      
       systick.o                      62     0         0      
    +--+------------------------------+------+---------+---------+
       Total:                         1178   596       0      
                                                              
    C:\ti\ccsv8\tools\compiler\ti-cgt-arm_18.1.4.LTS\lib\rtsv7M4_T_le_v4SPD16_eabi.lib
       memcpy_t2.asm.obj              156    0         0      
       copy_decompress_lzss.c.obj     104    0         0      
       autoinit.c.obj                 68     0         0      
       boot_cortex_m.c.obj            56     0         0      
       copy_decompress_none.c.obj     14     0         0      
       exit.c.obj                     4      0         0      
       pre_init.c.obj                 4      0         0      
    +--+------------------------------+------+---------+---------+
       Total:                         406    0         0      
                                                              
       Stack:                         0      0         512    
       Linker Generated:              0      34        0      
    +--+------------------------------+------+---------+---------+
       Grand Total:                   1992   1250      536    


LINKER GENERATED COPY TABLES

__TI_cinit_table @ 00000cac records: 1, size/record: 8, table size: 8
	.data: load addr=00000c90, load size=00000012 bytes, run addr=20000200, run size=00000018 bytes, compression=lzss


LINKER GENERATED HANDLER TABLE

__TI_handler_table @ 00000ca4 records: 2, size/record: 4, table size: 8
	index: 0, handler: __TI_decompress_lzss
	index: 1, handler: __TI_decompress_none


FAR CALL TRAMPOLINES

callee name               trampoline name
   callee addr  tramp addr   call addr  call info
--------------  -----------  ---------  ----------------
SysCtlDelay               $Tramp$TT$S$$SysCtlDelay
   00000c81     0000059c     00000366   swState.obj (.text)
                             0000037e   swState.obj (.text)
                             0000039a   swState.obj (.text)
                             000003b2   swState.obj (.text)
                             000003d2   swState.obj (.text)
                             000003ee   swState.obj (.text)
GPIOPinWrite              $Tramp$TT$S$$GPIOPinWrite
   00000c87     000005a4     00000358   swState.obj (.text)
                             00000370   swState.obj (.text)
                             0000038c   swState.obj (.text)
                             000003a4   swState.obj (.text)
                             000003c0   swState.obj (.text)
                             000003dc   swState.obj (.text)
GPIOPinTypeGPIOOutput     $Tramp$TT$S$$GPIOPinTypeGPIOOutput
   00000c3d     000005ac     000002f0   main.obj (.text)
SysCtlPeripheralEnable    $Tramp$TT$S$$SysCtlPeripheralEnable
   00000c15     000005b4     000002e8   main.obj (.text)
SysTickEnable             $Tramp$TT$S$$SysTickEnable
   00000c59     000005bc     000002e2   main.obj (.text)
SysTickIntEnable          $Tramp$TT$S$$SysTickIntEnable
   00000c67     000005c4     000002de   main.obj (.text)
SysTickPeriodSet          $Tramp$TT$S$$SysTickPeriodSet
   00000c75     000005cc     000002da   main.obj (.text)
SysCtlClockGet            $Tramp$TT$S$$SysCtlClockGet
   00000839     000005d4     000002ce   main.obj (.text)
                             0000035c   swState.obj (.text)
                             00000374   swState.obj (.text)
                             00000390   swState.obj (.text)
                             000003a8   swState.obj (.text)
                             000003c4   swState.obj (.text)
                             000003e0   swState.obj (.text)
SysCtlClockSet            $Tramp$TT$S$$SysCtlClockSet
   00000ac5     000005dc     000002ca   main.obj (.text)
SysCtlDelay               $Tramp$TT$S$$SysCtlDelay
   00000c81     00000be4     00000bce   driverlib.lib : sysctl.o (i.SysCtlClockSet)

[10 trampolines]
[26 trampoline calls]


GLOBAL SYMBOLS: SORTED ALPHABETICALLY BY Name 

address   name                          
-------   ----                          
00000597  C$$EXIT                       
00000bed  GPIODirModeSet                
0000098d  GPIOPadConfigSet              
00000c3d  GPIOPinTypeGPIOOutput         
00000c87  GPIOPinWrite                  
00000587  ResetISR                      
00000839  SysCtlClockGet                
00000ac5  SysCtlClockSet                
00000c81  SysCtlDelay                   
00000c15  SysCtlPeripheralEnable        
00000c59  SysTickEnable                 
00000c67  SysTickIntEnable              
0000026d  SysTickIntHandler             
00000c75  SysTickPeriodSet              
20000200  __STACK_END                   
00000200  __STACK_SIZE                  
20000200  __STACK_TOP                   
00000cac  __TI_CINIT_Base               
00000cb4  __TI_CINIT_Limit              
00000ca4  __TI_Handler_Table_Base       
00000cac  __TI_Handler_Table_Limit      
000004fd  __TI_auto_init_nobinit_nopinit
00000495  __TI_decompress_lzss          
00000579  __TI_decompress_none          
ffffffff  __TI_pprof_out_hndl           
ffffffff  __TI_prof_data_size           
ffffffff  __TI_prof_data_start          
00000000  __TI_static_base__            
000003f9  __aeabi_memcpy                
000003f9  __aeabi_memcpy4               
000003f9  __aeabi_memcpy8               
ffffffff  __binit__                     
ffffffff  __c_args__                    
UNDEFED   __mpu_init                    
20000000  __stack                       
00000541  _c_int00_noargs               
UNDEFED   _system_post_cinit            
00000593  _system_pre_init              
00000597  abort                         
ffffffff  binit                         
00000000  g_pfnVectors                  
00000385  ledBlueTask                   
000003b9  ledGreenTask                  
00000351  ledRedTask                    
000002c7  main                          
000003f9  memcpy                        
20000214  taskblueledFlag               
20000208  taskblueledcounter            
20000210  taskgreenledFlag              
20000204  taskgreenledcounter           
2000020c  taskredledFlag                
20000200  taskredledcounter             


GLOBAL SYMBOLS: SORTED BY Symbol Address 

address   name                          
-------   ----                          
00000000  __TI_static_base__            
00000000  g_pfnVectors                  
00000200  __STACK_SIZE                  
0000026d  SysTickIntHandler             
000002c7  main                          
00000351  ledRedTask                    
00000385  ledBlueTask                   
000003b9  ledGreenTask                  
000003f9  __aeabi_memcpy                
000003f9  __aeabi_memcpy4               
000003f9  __aeabi_memcpy8               
000003f9  memcpy                        
00000495  __TI_decompress_lzss          
000004fd  __TI_auto_init_nobinit_nopinit
00000541  _c_int00_noargs               
00000579  __TI_decompress_none          
00000587  ResetISR                      
00000593  _system_pre_init              
00000597  C$$EXIT                       
00000597  abort                         
00000839  SysCtlClockGet                
0000098d  GPIOPadConfigSet              
00000ac5  SysCtlClockSet                
00000bed  GPIODirModeSet                
00000c15  SysCtlPeripheralEnable        
00000c3d  GPIOPinTypeGPIOOutput         
00000c59  SysTickEnable                 
00000c67  SysTickIntEnable              
00000c75  SysTickPeriodSet              
00000c81  SysCtlDelay                   
00000c87  GPIOPinWrite                  
00000ca4  __TI_Handler_Table_Base       
00000cac  __TI_CINIT_Base               
00000cac  __TI_Handler_Table_Limit      
00000cb4  __TI_CINIT_Limit              
20000000  __stack                       
20000200  __STACK_END                   
20000200  __STACK_TOP                   
20000200  taskredledcounter             
20000204  taskgreenledcounter           
20000208  taskblueledcounter            
2000020c  taskredledFlag                
20000210  taskgreenledFlag              
20000214  taskblueledFlag               
ffffffff  __TI_pprof_out_hndl           
ffffffff  __TI_prof_data_size           
ffffffff  __TI_prof_data_start          
ffffffff  __binit__                     
ffffffff  __c_args__                    
ffffffff  binit                         
UNDEFED   __mpu_init                    
UNDEFED   _system_post_cinit            

[52 symbols]
