******************************************************************************
                  TI ARM Linker PC v18.1.5                     
******************************************************************************
>> Linked Thu Apr 18 20:34:49 2019

OUTPUT FILE NAME:   <schedulerMultiTask2Led.out>
ENTRY POINT SYMBOL: "_c_int00_noargs"  address: 00001419


MEMORY CONFIGURATION

         name            origin    length      used     unused   attr    fill
----------------------  --------  ---------  --------  --------  ----  --------
  FLASH                 00000000   00040000  00001856  0003e7aa  R  X
  SRAM                  20000000   00008000  0000029c  00007d64  RW X


SEGMENT ALLOCATION MAP

run origin  load origin   length   init length attrs members
----------  ----------- ---------- ----------- ----- -------
00000000    00000000    00001858   00001858    r-x
  00000000    00000000    0000026c   0000026c    r-- .intvecs
  0000026c    0000026c    0000133a   0000133a    r-x .text
  000015a8    000015a8    00000228   00000228    r-- .const
  000017d0    000017d0    00000088   00000088    r-- .cinit
20000000    20000000    0000029c   00000000    rw-
  20000000    20000000    00000200   00000000    rw- .stack
  20000200    20000200    00000098   00000000    rw- .data
  20000298    20000298    00000004   00000000    rw- .bss


SECTION ALLOCATION MAP

 output                                  attributes/
section   page    origin      length       input sections
--------  ----  ----------  ----------   ----------------
.intvecs   0    00000000    0000026c     
                  00000000    0000026c     tm4c123gh6pm_startup_ccs.obj (.intvecs)

.text      0    0000026c    0000133a     
                  0000026c    0000049c     uartstdio.obj (.text)
                  00000708    00000210     ledGreenStateMachine.obj (.text)
                  00000918    00000170     scheduler.obj (.text)
                  00000a88    0000013c     ledRedStateMachine.obj (.text)
                  00000bc4    00000132     driverlib.lib : gpio.obj (.text:GPIOPadConfigSet)
                  00000cf6    00000002     rtsv7M4_T_le_v4SPD16_eabi.lib : div0.asm.obj (.text)
                  00000cf8    00000110     driverlib.lib : sysctl.obj (.text:SysCtlClockGet)
                  00000e08    000000f4                   : sysctl.obj (.text:SysCtlClockSet)
                  00000efc    000000e8     ledBlueStateMachine.obj (.text)
                  00000fe4    000000e8     main.obj (.text)
                  000010cc    0000009c     rtsv7M4_T_le_v4SPD16_eabi.lib : memcpy_t2.asm.obj (.text)
                  00001168    0000009c     switches.obj (.text)
                  00001204    00000068     rtsv7M4_T_le_v4SPD16_eabi.lib : copy_decompress_lzss.c.obj (.text:decompress:lzss:__TI_decompress_lzss)
                  0000126c    00000060     led.obj (.text)
                  000012cc    00000048     driverlib.lib : gpio.obj (.text:GPIOPinConfigure)
                  00001314    00000046                   : uart.obj (.text:UARTConfigSetExpClk)
                  0000135a    00000002     --HOLE-- [fill = 0]
                  0000135c    00000044     rtsv7M4_T_le_v4SPD16_eabi.lib : autoinit.c.obj (.text:__TI_auto_init_nobinit_nopinit:__TI_auto_init_nobinit_nopinit)
                  000013a0    00000040                                   : u_divt2.asm.obj (.text)
                  000013e0    00000038     driverlib.lib : sysctl.obj (.text:SysCtlPeripheralPresent)
                  00001418    00000038     rtsv7M4_T_le_v4SPD16_eabi.lib : boot_cortex_m.c.obj (.text:_c_int00_noargs:_c_int00_noargs)
                  00001450    00000034     driverlib.lib : sysctl.obj (.text:SysCtlPeripheralEnable)
                  00001484    0000002a                   : gpio.obj (.text:GPIODirModeSet)
                  000014ae    00000002     --HOLE-- [fill = 0]
                  000014b0    00000020                   : uart.obj (.text:UARTDisable)
                  000014d0    00000018                   : gpio.obj (.text:GPIOPinTypeGPIOOutput)
                  000014e8    00000014                   : systick.obj (.text:SysTickEnable)
                  000014fc    00000014                   : systick.obj (.text:SysTickIntEnable)
                  00001510    00000014                   : uart.obj (.text:UARTEnable)
                  00001524    00000012                   : gpio.obj (.text:GPIOPinTypeUART)
                  00001536    00000012     rtsv7M4_T_le_v4SPD16_eabi.lib : copy_zero_init.c.obj (.text:decompress:ZI:__TI_zero_init_nomemset:__TI_zero_init_nomemset)
                  00001548    00000010     driverlib.lib : systick.obj (.text:SysTickPeriodSet)
                  00001558    0000000e     rtsv7M4_T_le_v4SPD16_eabi.lib : copy_decompress_none.c.obj (.text:decompress:none:__TI_decompress_none)
                  00001566    0000000c     tm4c123gh6pm_startup_ccs.obj (.text)
                  00001572    0000000a     driverlib.lib : uart.obj (.text:UARTCharGet)
                  0000157c    0000000a                   : uart.obj (.text:UARTCharPut)
                  00001586    00000006                   : gpio.obj (.text:GPIOPinRead)
                  0000158c    00000006                   : gpio.obj (.text:GPIOPinWrite)
                  00001592    00000006                   : sysctl.obj (.text:SysCtlDelay)
                  00001598    00000006                   : uart.obj (.text:UARTClockSourceSet)
                  0000159e    00000004     rtsv7M4_T_le_v4SPD16_eabi.lib : pre_init.c.obj (.text:_system_pre_init)
                  000015a2    00000004                                   : exit.c.obj (.text:abort:abort)

.const     0    000015a8    00000228     
                  000015a8    00000090     driverlib.lib : gpio.obj (.const:g_pui32GPIOBaseAddrs)
                  00001638    0000006c                   : sysctl.obj (.const:g_pui32Xtals)
                  000016a4    00000052     ledGreenStateMachine.obj (.const:.string)
                  000016f6    00000002     --HOLE-- [fill = 0]
                  000016f8    00000038     ledRedStateMachine.obj (.const:.string)
                  00001730    0000001a     ledBlueStateMachine.obj (.const:.string:$P$T0$1)
                  0000174a    00000019     ledRedStateMachine.obj (.const:.string:$P$T0$1)
                  00001763    00000014     ledGreenStateMachine.obj (.const:.string:$P$T0$1)
                  00001777    00000001     --HOLE-- [fill = 0]
                  00001778    00000012     ledBlueStateMachine.obj (.const:.string)
                  0000178a    00000002     --HOLE-- [fill = 0]
                  0000178c    00000012     uartstdio.obj (.const:.string)
                  0000179e    00000002     --HOLE-- [fill = 0]
                  000017a0    0000000c     uartstdio.obj (.const:g_ui32UARTBase)
                  000017ac    0000000c     uartstdio.obj (.const:g_ui32UARTPeriph)
                  000017b8    0000000c     led.obj (.const:ledPin)
                  000017c4    00000005     main.obj (.const:.string:$P$T0$1)
                  000017c9    00000003     --HOLE-- [fill = 0]
                  000017cc    00000004     uartstdio.obj (.const)

.cinit     0    000017d0    00000088     
                  000017d0    0000005d     (.cinit..data.load) [load image, compression = lzss]
                  0000182d    00000003     --HOLE-- [fill = 0]
                  00001830    0000000c     (__TI_handler_table)
                  0000183c    00000004     --HOLE-- [fill = 0]
                  00001840    00000008     (.cinit..bss.load) [load image, compression = zero_init]
                  00001848    00000010     (__TI_cinit_table)

.init_array 
*          0    00000000    00000000     UNINITIALIZED

.data      0    20000200    00000098     UNINITIALIZED
                  20000200    0000003c     task.obj (.data:g_psSchedulerTable)
                  2000023c    00000018     ledGreenStateMachine.obj (.data:stateName)
                  20000254    00000010     ledRedStateMachine.obj (.data:stateName)
                  20000264    0000000c     ledRedStateMachine.obj (.data)
                  20000270    00000009     ledGreenStateMachine.obj (.data)
                  20000279    00000003     --HOLE--
                  2000027c    00000008     ledBlueStateMachine.obj (.data)
                  20000284    00000008     ledBlueStateMachine.obj (.data:stateName)
                  2000028c    00000005     uartstdio.obj (.data)
                  20000291    00000003     --HOLE--
                  20000294    00000004     task.obj (.data)

.bss       0    20000298    00000004     UNINITIALIZED
                  20000298    00000004     scheduler.obj (.bss)

.stack     0    20000000    00000200     UNINITIALIZED
                  20000000    00000004     rtsv7M4_T_le_v4SPD16_eabi.lib : boot_cortex_m.c.obj (.stack)
                  20000004    000001fc     --HOLE--

MODULE SUMMARY

       Module                         code   ro data   rw data
       ------                         ----   -------   -------
    .\
       uartstdio.obj                  1180   46        5      
       ledGreenStateMachine.obj       528    102       33     
       tm4c123gh6pm_startup_ccs.obj   12     620       0      
       ledRedStateMachine.obj         316    81        28     
       scheduler.obj                  368    0         4      
       ledBlueStateMachine.obj        232    44        16     
       main.obj                       232    5         0      
       switches.obj                   156    0         0      
       led.obj                        96     12        0      
       task.obj                       0      0         64     
    +--+------------------------------+------+---------+---------+
       Total:                         3120   910       150    
                                                              
    C:/ti/TivaWare_C_Series-2.1.4.178/driverlib/ccs/Debug/driverlib.lib
       sysctl.obj                     630    108       0      
       gpio.obj                       474    144       0      
       uart.obj                       148    0         0      
       systick.obj                    56     0         0      
    +--+------------------------------+------+---------+---------+
       Total:                         1308   252       0      
                                                              
    C:\ti\ccsv8\tools\compiler\ti-cgt-arm_18.1.5.LTS\lib\rtsv7M4_T_le_v4SPD16_eabi.lib
       memcpy_t2.asm.obj              156    0         0      
       copy_decompress_lzss.c.obj     104    0         0      
       autoinit.c.obj                 68     0         0      
       u_divt2.asm.obj                64     0         0      
       boot_cortex_m.c.obj            56     0         0      
       copy_zero_init.c.obj           18     0         0      
       copy_decompress_none.c.obj     14     0         0      
       exit.c.obj                     4      0         0      
       pre_init.c.obj                 4      0         0      
       div0.asm.obj                   2      0         0      
    +--+------------------------------+------+---------+---------+
       Total:                         490    0         0      
                                                              
       Stack:                         0      0         512    
       Linker Generated:              0      129       0      
    +--+------------------------------+------+---------+---------+
       Grand Total:                   4918   1291      662    


LINKER GENERATED COPY TABLES

__TI_cinit_table @ 00001848 records: 2, size/record: 8, table size: 16
	.data: load addr=000017d0, load size=0000005d bytes, run addr=20000200, run size=00000098 bytes, compression=lzss
	.bss: load addr=00001840, load size=00000008 bytes, run addr=20000298, run size=00000004 bytes, compression=zero_init


LINKER GENERATED HANDLER TABLE

__TI_handler_table @ 00001830 records: 3, size/record: 4, table size: 12
	index: 0, handler: __TI_decompress_lzss
	index: 1, handler: __TI_decompress_none
	index: 2, handler: __TI_zero_init


GLOBAL SYMBOLS: SORTED ALPHABETICALLY BY Name 

address   name                          
-------   ----                          
000015a3  C$$EXIT                       
00001485  GPIODirModeSet                
00000bc5  GPIOPadConfigSet              
000012cd  GPIOPinConfigure              
00001587  GPIOPinRead                   
000014d1  GPIOPinTypeGPIOOutput         
00001525  GPIOPinTypeUART               
0000158d  GPIOPinWrite                  
00000fe5  InitConsole                   
00001567  ResetISR                      
00000a45  SchedulerElapsedTicksCalc     
00000a35  SchedulerElapsedTicksGet      
0000093f  SchedulerInit                 
0000095b  SchedulerRun                  
00000919  SchedulerSysTickIntHandler    
00000a0d  SchedulerTaskDisable          
000009b5  SchedulerTaskEnable           
00000a2f  SchedulerTickCountGet         
00000cf9  SysCtlClockGet                
00000e09  SysCtlClockSet                
00001593  SysCtlDelay                   
00001451  SysCtlPeripheralEnable        
000013e1  SysCtlPeripheralPresent       
000014e9  SysTickEnable                 
000014fd  SysTickIntEnable              
00001549  SysTickPeriodSet              
00001573  UARTCharGet                   
0000157d  UARTCharPut                   
00001599  UARTClockSourceSet            
00001315  UARTConfigSetExpClk           
000014b1  UARTDisable                   
00001511  UARTEnable                    
0000026d  UARTStdioConfig               
000003b3  UARTgetc                      
000002f9  UARTgets                      
000006d3  UARTprintf                    
000003d9  UARTvprintf                   
000002b3  UARTwrite                     
20000200  __STACK_END                   
00000200  __STACK_SIZE                  
20000200  __STACK_TOP                   
00001848  __TI_CINIT_Base               
00001858  __TI_CINIT_Limit              
00001830  __TI_Handler_Table_Base       
0000183c  __TI_Handler_Table_Limit      
0000135d  __TI_auto_init_nobinit_nopinit
00001205  __TI_decompress_lzss          
00001559  __TI_decompress_none          
ffffffff  __TI_pprof_out_hndl           
ffffffff  __TI_prof_data_size           
ffffffff  __TI_prof_data_start          
00000000  __TI_static_base__            
00001537  __TI_zero_init_nomemset       
00000cf7  __aeabi_idiv0                 
00000cf7  __aeabi_ldiv0                 
000010cd  __aeabi_memcpy                
000010cd  __aeabi_memcpy4               
000010cd  __aeabi_memcpy8               
000013a1  __aeabi_uidiv                 
000013a1  __aeabi_uidivmod              
ffffffff  __binit__                     
ffffffff  __c_args__                    
UNDEFED   __mpu_init                    
20000000  __stack                       
00001419  _c_int00_noargs               
UNDEFED   _system_post_cinit            
0000159f  _system_pre_init              
000015a3  abort                         
ffffffff  binit                         
00000000  g_pfnVectors                  
20000200  g_psSchedulerTable            
20000294  g_ui32SchedulerNumTasks       
20000280  ledBTimer                     
00000f07  ledBlueStateMachineUpdate     
00000efd  ledBlueTask                   
0000127f  ledControl                    
20000270  ledGTimer                     
00000713  ledGreenStateUpdate           
00000709  ledGreenTask                  
0000126d  ledInit                       
000017b8  ledPin                        
00000a93  ledRedStateMachineUpdate      
00000a89  ledRedTask                    
00001021  main                          
000010cd  memcpy                        
00001169  switchInit                    
000011b1  switchState                   
20000274  taskgreenledcounter           
2000026c  taskredledFlag                
20000268  taskredledcounter             


GLOBAL SYMBOLS: SORTED BY Symbol Address 

address   name                          
-------   ----                          
00000000  __TI_static_base__            
00000000  g_pfnVectors                  
00000200  __STACK_SIZE                  
0000026d  UARTStdioConfig               
000002b3  UARTwrite                     
000002f9  UARTgets                      
000003b3  UARTgetc                      
000003d9  UARTvprintf                   
000006d3  UARTprintf                    
00000709  ledGreenTask                  
00000713  ledGreenStateUpdate           
00000919  SchedulerSysTickIntHandler    
0000093f  SchedulerInit                 
0000095b  SchedulerRun                  
000009b5  SchedulerTaskEnable           
00000a0d  SchedulerTaskDisable          
00000a2f  SchedulerTickCountGet         
00000a35  SchedulerElapsedTicksGet      
00000a45  SchedulerElapsedTicksCalc     
00000a89  ledRedTask                    
00000a93  ledRedStateMachineUpdate      
00000bc5  GPIOPadConfigSet              
00000cf7  __aeabi_idiv0                 
00000cf7  __aeabi_ldiv0                 
00000cf9  SysCtlClockGet                
00000e09  SysCtlClockSet                
00000efd  ledBlueTask                   
00000f07  ledBlueStateMachineUpdate     
00000fe5  InitConsole                   
00001021  main                          
000010cd  __aeabi_memcpy                
000010cd  __aeabi_memcpy4               
000010cd  __aeabi_memcpy8               
000010cd  memcpy                        
00001169  switchInit                    
000011b1  switchState                   
00001205  __TI_decompress_lzss          
0000126d  ledInit                       
0000127f  ledControl                    
000012cd  GPIOPinConfigure              
00001315  UARTConfigSetExpClk           
0000135d  __TI_auto_init_nobinit_nopinit
000013a1  __aeabi_uidiv                 
000013a1  __aeabi_uidivmod              
000013e1  SysCtlPeripheralPresent       
00001419  _c_int00_noargs               
00001451  SysCtlPeripheralEnable        
00001485  GPIODirModeSet                
000014b1  UARTDisable                   
000014d1  GPIOPinTypeGPIOOutput         
000014e9  SysTickEnable                 
000014fd  SysTickIntEnable              
00001511  UARTEnable                    
00001525  GPIOPinTypeUART               
00001537  __TI_zero_init_nomemset       
00001549  SysTickPeriodSet              
00001559  __TI_decompress_none          
00001567  ResetISR                      
00001573  UARTCharGet                   
0000157d  UARTCharPut                   
00001587  GPIOPinRead                   
0000158d  GPIOPinWrite                  
00001593  SysCtlDelay                   
00001599  UARTClockSourceSet            
0000159f  _system_pre_init              
000015a3  C$$EXIT                       
000015a3  abort                         
000017b8  ledPin                        
00001830  __TI_Handler_Table_Base       
0000183c  __TI_Handler_Table_Limit      
00001848  __TI_CINIT_Base               
00001858  __TI_CINIT_Limit              
20000000  __stack                       
20000200  __STACK_END                   
20000200  __STACK_TOP                   
20000200  g_psSchedulerTable            
20000268  taskredledcounter             
2000026c  taskredledFlag                
20000270  ledGTimer                     
20000274  taskgreenledcounter           
20000280  ledBTimer                     
20000294  g_ui32SchedulerNumTasks       
ffffffff  __TI_pprof_out_hndl           
ffffffff  __TI_prof_data_size           
ffffffff  __TI_prof_data_start          
ffffffff  __binit__                     
ffffffff  __c_args__                    
ffffffff  binit                         
UNDEFED   __mpu_init                    
UNDEFED   _system_post_cinit            

[90 symbols]
