******************************************************************************
                  TI ARM Linker PC v17.9.0                     
******************************************************************************
>> Linked Sat Sep 15 14:07:38 2018

OUTPUT FILE NAME:   <FreeRTOSExample10.out>
ENTRY POINT SYMBOL: "_c_int00_noargs"  address: 00002a9d


MEMORY CONFIGURATION

         name            origin    length      used     unused   attr    fill
----------------------  --------  ---------  --------  --------  ----  --------
  FLASH                 00000000   00040000  00002c7c  0003d384  R  X
  SRAM                  20000000   00008000  00007934  000006cc  RW X


SEGMENT ALLOCATION MAP

run origin  load origin   length   init length attrs members
----------  ----------- ---------- ----------- ----- -------
00000000    00000000    00002c80   00002c80    r-x
  00000000    00000000    0000026c   0000026c    r-- .intvecs
  0000026c    0000026c    00002914   00002914    r-x .text
  00002b80    00002b80    000000c4   000000c4    r-- .const
  00002c48    00002c48    00000038   00000038    r-- .cinit
20000000    20000000    00007938   00000000    rw-
  20000000    20000000    000076ec   00000000    rw- .bss
  200076f0    200076f0    00000200   00000000    rw- .stack
  200078f0    200078f0    00000048   00000000    rw- .data


SECTION ALLOCATION MAP

 output                                  attributes/
section   page    origin      length       input sections
--------  ----  ----------  ----------   ----------------
.intvecs   0    00000000    0000026c     
                  00000000    0000026c     tm4c123gh6pm_startup_ccs.obj (.intvecs)

.text      0    0000026c    00002914     
                  0000026c    000018a4     tasks.obj (.text)
                  00001b10    000004dc     uartstdio.obj (.text)
                  00001fec    000001b8     heap_2.obj (.text)
                  000021a4    00000148     freertos_demo.obj (.text)
                  000022ec    0000013c     port.obj (.text)
                  00002428    00000132     driverlib.lib : gpio.obj (.text:GPIOPadConfigSet)
                  0000255a    0000012a     list.obj (.text)
                  00002684    000000f4     driverlib.lib : sysctl.obj (.text:SysCtlClockSet)
                  00002778    000000da     portasm.obj (.text)
                  00002852    0000009c     rtsv7M4_T_le_v4SPD16_eabi.lib : memcpy_t2.obj (.text)
                  000028ee    0000007a                                   : memset_t2.obj (.text)
                  00002968    00000068                                   : copy_decompress_lzss.obj (.text:decompress:lzss)
                  000029d0    00000048     driverlib.lib : gpio.obj (.text:GPIOPinConfigure)
                  00002a18    00000044     rtsv7M4_T_le_v4SPD16_eabi.lib : autoinit.obj (.text:__TI_auto_init_nobinit_nopinit)
                  00002a5c    00000040                                   : u_divt2.obj (.text)
                  00002a9c    00000038                                   : boot_cortex_m.obj (.text:_c_int00_noargs)
                  00002ad4    00000034     driverlib.lib : sysctl.obj (.text:SysCtlPeripheralEnable)
                  00002b08    0000002a                   : gpio.obj (.text:GPIODirModeSet)
                  00002b32    00000012                   : gpio.obj (.text:GPIOPinTypeUART)
                  00002b44    0000000e     rtsv7M4_T_le_v4SPD16_eabi.lib : copy_decompress_none.obj (.text:decompress:none)
                  00002b52    0000000c                                   : copy_zero_init.obj (.text:decompress:ZI)
                  00002b5e    0000000c     tm4c123gh6pm_startup_ccs.obj (.text)
                  00002b6a    00000006     driverlib.lib : sysctl.obj (.text:SysCtlDelay)
                  00002b70    00000006                   : uart.obj (.text:UARTClockSourceSet)
                  00002b76    00000004     rtsv7M4_T_le_v4SPD16_eabi.lib : exit.obj (.text:abort)
                  00002b7a    00000004                                   : pre_init.obj (.text)
                  00002b7e    00000002                                   : i_div0.obj (.text)

.const     0    00002b80    000000c4     
                  00002b80    00000090     driverlib.lib : gpio.obj (.const:g_pui32GPIOBaseAddrs)
                  00002c10    00000012     uartstdio.obj (.const:.string)
                  00002c22    00000002     --HOLE-- [fill = 0]
                  00002c24    0000000c     uartstdio.obj (.const:g_ui32UARTBase)
                  00002c30    0000000c     uartstdio.obj (.const:g_ui32UARTPeriph)
                  00002c3c    00000004     port.obj (.const)
                  00002c40    00000004     uartstdio.obj (.const)

.cinit     0    00002c48    00000038     
                  00002c48    0000000f     (.cinit..data.load) [load image, compression = lzss]
                  00002c57    00000001     --HOLE-- [fill = 0]
                  00002c58    0000000c     (__TI_handler_table)
                  00002c64    00000004     --HOLE-- [fill = 0]
                  00002c68    00000008     (.cinit..bss.load) [load image, compression = zero_init]
                  00002c70    00000010     (__TI_cinit_table)

.init_array 
*          0    00000000    00000000     UNINITIALIZED

.bss       0    20000000    000076ec     UNINITIALIZED
                  20000000    00007530     heap_2.obj (.bss:ucHeap)
                  20007530    00000140     tasks.obj (.bss:pxReadyTasksLists)
                  20007670    00000014     tasks.obj (.bss:xDelayedTaskList1)
                  20007684    00000014     tasks.obj (.bss:xDelayedTaskList2)
                  20007698    00000014     tasks.obj (.bss:xPendingReadyList)
                  200076ac    00000014     tasks.obj (.bss:xSuspendedTaskList)
                  200076c0    00000014     tasks.obj (.bss:xTasksWaitingTermination)
                  200076d4    00000008     tasks.obj (.bss)
                  200076dc    00000008     heap_2.obj (.bss:xEnd)
                  200076e4    00000008     heap_2.obj (.bss:xStart)

.data      0    200078f0    00000048     UNINITIALIZED
                  200078f0    00000034     tasks.obj (.data)
                  20007924    00000008     heap_2.obj (.data)
                  2000792c    00000005     uartstdio.obj (.data)
                  20007931    00000003     --HOLE--
                  20007934    00000004     port.obj (.data)

.stack     0    200076f0    00000200     UNINITIALIZED
                  200076f0    00000004     rtsv7M4_T_le_v4SPD16_eabi.lib : boot_cortex_m.obj (.stack)
                  200076f4    000001fc     --HOLE--

MODULE SUMMARY

       Module                         code    ro data   rw data
       ------                         ----    -------   -------
    .\
       tm4c123gh6pm_startup_ccs.obj   12      620       0      
    +--+------------------------------+-------+---------+---------+
       Total:                         12      620       0      
                                                               
    .\Application\
       freertos_demo.obj              328     0         0      
    +--+------------------------------+-------+---------+---------+
       Total:                         328     0         0      
                                                               
    .\FreeRTOSSource\
       heap_2.obj                     440     0         30024  
       tasks.obj                      6308    0         480    
       port.obj                       316     4         4      
       list.obj                       298     0         0      
       portasm.obj                    218     0         0      
    +--+------------------------------+-------+---------+---------+
       Total:                         7580    4         30508  
                                                               
    .\driver\
       uartstdio.obj                  1244    46        5      
    +--+------------------------------+-------+---------+---------+
       Total:                         1244    46        5      
                                                               
    C:/ti/TivaWare_C_Series-2.1.4.178/driverlib/ccs/Debug/driverlib.lib
       gpio.obj                       438     144       0      
       sysctl.obj                     302     0         0      
       uart.obj                       6       0         0      
    +--+------------------------------+-------+---------+---------+
       Total:                         746     144       0      
                                                               
    C:\ti\ccsv7\tools\compiler\ti-cgt-arm_17.9.0.STS\lib\rtsv7M4_T_le_v4SPD16_eabi.lib
       memcpy_t2.obj                  156     0         0      
       memset_t2.obj                  122     0         0      
       copy_decompress_lzss.obj       104     0         0      
       autoinit.obj                   68      0         0      
       u_divt2.obj                    64      0         0      
       boot_cortex_m.obj              56      0         0      
       copy_decompress_none.obj       14      0         0      
       copy_zero_init.obj             12      0         0      
       exit.obj                       4       0         0      
       pre_init.obj                   4       0         0      
       i_div0.obj                     2       0         0      
    +--+------------------------------+-------+---------+---------+
       Total:                         606     0         0      
                                                               
       Stack:                         0       0         512    
       Linker Generated:              0       51        0      
    +--+------------------------------+-------+---------+---------+
       Grand Total:                   10516   865       31025  


LINKER GENERATED COPY TABLES

__TI_cinit_table @ 00002c70 records: 2, size/record: 8, table size: 16
	.data: load addr=00002c48, load size=0000000f bytes, run addr=200078f0, run size=00000048 bytes, compression=lzss
	.bss: load addr=00002c68, load size=00000008 bytes, run addr=20000000, run size=000076ec bytes, compression=zero_init


LINKER GENERATED HANDLER TABLE

__TI_handler_table @ 00002c58 records: 3, size/record: 4, table size: 12
	index: 0, handler: __TI_decompress_lzss
	index: 1, handler: __TI_decompress_none
	index: 2, handler: __TI_zero_init


GLOBAL SYMBOLS: SORTED ALPHABETICALLY BY Name 

address   name                               
-------   ----                               
00002b77  C$$EXIT                            
000021af  ConfigureUART                      
00002b09  GPIODirModeSet                     
00002429  GPIOPadConfigSet                   
000029d1  GPIOPinConfigure                   
00002b33  GPIOPinTypeUART                    
00002b5f  ResetISR                           
00002685  SysCtlClockSet                     
00002b6b  SysCtlDelay                        
00002ad5  SysCtlPeripheralEnable             
00002b71  UARTClockSourceSet                 
00001b11  UARTStdioConfig                    
00001c89  UARTgetc                           
00001bc3  UARTgets                           
00001fb7  UARTprintf                         
00001cbd  UARTvprintf                        
00001b71  UARTwrite                          
200078f0  __STACK_END                        
00000200  __STACK_SIZE                       
200078f0  __STACK_TOP                        
00002c70  __TI_CINIT_Base                    
00002c80  __TI_CINIT_Limit                   
00002c58  __TI_Handler_Table_Base            
00002c64  __TI_Handler_Table_Limit           
00002a19  __TI_auto_init_nobinit_nopinit     
00002969  __TI_decompress_lzss               
00002b45  __TI_decompress_none               
ffffffff  __TI_pprof_out_hndl                
ffffffff  __TI_prof_data_size                
ffffffff  __TI_prof_data_start               
00000000  __TI_static_base__                 
00002b53  __TI_zero_init                     
00002b7f  __aeabi_idiv0                      
000028ef  __aeabi_memclr                     
000028ef  __aeabi_memclr4                    
000028ef  __aeabi_memclr8                    
00002853  __aeabi_memcpy                     
00002853  __aeabi_memcpy4                    
00002853  __aeabi_memcpy8                    
000028f1  __aeabi_memset                     
000028f1  __aeabi_memset4                    
000028f1  __aeabi_memset8                    
00002a5d  __aeabi_uidiv                      
00002a5d  __aeabi_uidivmod                   
ffffffff  __binit__                          
ffffffff  __c_args__                         
UNDEFED   __mpu_init                         
200076f0  __stack                            
00002a9d  _c_int00_noargs                    
UNDEFED   _system_post_cinit                 
00002b7b  _system_pre_init                   
00002b77  abort                              
ffffffff  binit                              
000005e1  eTaskGetState                      
00000000  g_pfnVectors                       
00002209  main                               
00002853  memcpy                             
000028f7  memset                             
00000baf  pcTaskGetName                      
00001fed  pvPortMalloc                       
0000162f  pvTaskIncrementMutexHeldCount      
200078f0  pxCurrentTCB                       
000022ed  pxPortInitialiseStack              
00002c3c  ulMaxSyscallInterruptPriority      
00002789  ulPortGetIPSR                      
0000164d  ulTaskNotifyTake                   
0000263d  uxListRemove                       
00000ba9  uxTaskGetNumberOfTasks             
00001315  uxTaskGetStackHighWaterMark        
00000bd5  uxTaskGetSystemState               
000010a5  uxTaskGetTaskNumber                
00000675  uxTaskPriorityGet                  
000006a5  uxTaskPriorityGetFromISR           
0000160d  uxTaskResetEventItemValue          
UNDEFED   vApplicationIdleHook               
000021a5  vApplicationStackOverflowHook      
0000255b  vListInitialise                    
0000258b  vListInitialiseItem                
000025d7  vListInsert                        
0000259b  vListInsertEnd                     
00002845  vPortEnableVFP                     
0000238d  vPortEndScheduler                  
0000238f  vPortEnterCritical                 
000023af  vPortExitCritical                  
000020e5  vPortFree                          
00002149  vPortInitialiseBlocks              
00002801  vPortSVCHandler                    
000023eb  vPortSetupTimerInterrupt           
00002821  vPortStartFirstTask                
000005a5  vTaskDelay                         
00000515  vTaskDelayUntil                    
00000467  vTaskDelete                        
00000a6b  vTaskEndScheduler                  
00001185  vTaskGetInfo                       
00000fef  vTaskInternalSetTimeOutState       
0000109d  vTaskMissedYield                   
00001969  vTaskNotifyGiveFromISR             
00000e93  vTaskPlaceOnEventList              
00000eaf  vTaskPlaceOnUnorderedEventList     
0000153b  vTaskPriorityDisinheritAfterTimeout
000006f1  vTaskPrioritySet                   
00000f69  vTaskRemoveFromUnorderedEventList  
00000919  vTaskResume                        
000010c5  vTaskSetTaskNumber                 
00000fd1  vTaskSetTimeOutState               
00000a21  vTaskStartScheduler                
00000809  vTaskSuspend                       
00000a8d  vTaskSuspendAll                    
00000df1  vTaskSwitchContext                 
00002143  xPortGetFreeHeapSize               
000027a1  xPortPendSVHandler                 
00002357  xPortStartScheduler                
000023c5  xPortSysTickHandler                
00001015  xTaskCheckForTimeOut               
0000026d  xTaskCreate                        
0000176f  xTaskGenericNotify                 
00001859  xTaskGenericNotifyFromISR          
00001389  xTaskGetCurrentTaskHandle          
00000b81  xTaskGetTickCount                  
00000b95  xTaskGetTickCountFromISR           
00000cc9  xTaskIncrementTick                 
00001a17  xTaskNotifyStateClear              
000016cd  xTaskNotifyWait                    
0000149d  xTaskPriorityDisinherit            
000013bd  xTaskPriorityInherit               
00000ee9  xTaskRemoveFromEventList           
00000a9d  xTaskResumeAll                     
00000993  xTaskResumeFromISR                 


GLOBAL SYMBOLS: SORTED BY Symbol Address 

address   name                               
-------   ----                               
00000000  __TI_static_base__                 
00000000  g_pfnVectors                       
00000200  __STACK_SIZE                       
0000026d  xTaskCreate                        
00000467  vTaskDelete                        
00000515  vTaskDelayUntil                    
000005a5  vTaskDelay                         
000005e1  eTaskGetState                      
00000675  uxTaskPriorityGet                  
000006a5  uxTaskPriorityGetFromISR           
000006f1  vTaskPrioritySet                   
00000809  vTaskSuspend                       
00000919  vTaskResume                        
00000993  xTaskResumeFromISR                 
00000a21  vTaskStartScheduler                
00000a6b  vTaskEndScheduler                  
00000a8d  vTaskSuspendAll                    
00000a9d  xTaskResumeAll                     
00000b81  xTaskGetTickCount                  
00000b95  xTaskGetTickCountFromISR           
00000ba9  uxTaskGetNumberOfTasks             
00000baf  pcTaskGetName                      
00000bd5  uxTaskGetSystemState               
00000cc9  xTaskIncrementTick                 
00000df1  vTaskSwitchContext                 
00000e93  vTaskPlaceOnEventList              
00000eaf  vTaskPlaceOnUnorderedEventList     
00000ee9  xTaskRemoveFromEventList           
00000f69  vTaskRemoveFromUnorderedEventList  
00000fd1  vTaskSetTimeOutState               
00000fef  vTaskInternalSetTimeOutState       
00001015  xTaskCheckForTimeOut               
0000109d  vTaskMissedYield                   
000010a5  uxTaskGetTaskNumber                
000010c5  vTaskSetTaskNumber                 
00001185  vTaskGetInfo                       
00001315  uxTaskGetStackHighWaterMark        
00001389  xTaskGetCurrentTaskHandle          
000013bd  xTaskPriorityInherit               
0000149d  xTaskPriorityDisinherit            
0000153b  vTaskPriorityDisinheritAfterTimeout
0000160d  uxTaskResetEventItemValue          
0000162f  pvTaskIncrementMutexHeldCount      
0000164d  ulTaskNotifyTake                   
000016cd  xTaskNotifyWait                    
0000176f  xTaskGenericNotify                 
00001859  xTaskGenericNotifyFromISR          
00001969  vTaskNotifyGiveFromISR             
00001a17  xTaskNotifyStateClear              
00001b11  UARTStdioConfig                    
00001b71  UARTwrite                          
00001bc3  UARTgets                           
00001c89  UARTgetc                           
00001cbd  UARTvprintf                        
00001fb7  UARTprintf                         
00001fed  pvPortMalloc                       
000020e5  vPortFree                          
00002143  xPortGetFreeHeapSize               
00002149  vPortInitialiseBlocks              
000021a5  vApplicationStackOverflowHook      
000021af  ConfigureUART                      
00002209  main                               
000022ed  pxPortInitialiseStack              
00002357  xPortStartScheduler                
0000238d  vPortEndScheduler                  
0000238f  vPortEnterCritical                 
000023af  vPortExitCritical                  
000023c5  xPortSysTickHandler                
000023eb  vPortSetupTimerInterrupt           
00002429  GPIOPadConfigSet                   
0000255b  vListInitialise                    
0000258b  vListInitialiseItem                
0000259b  vListInsertEnd                     
000025d7  vListInsert                        
0000263d  uxListRemove                       
00002685  SysCtlClockSet                     
00002789  ulPortGetIPSR                      
000027a1  xPortPendSVHandler                 
00002801  vPortSVCHandler                    
00002821  vPortStartFirstTask                
00002845  vPortEnableVFP                     
00002853  __aeabi_memcpy                     
00002853  __aeabi_memcpy4                    
00002853  __aeabi_memcpy8                    
00002853  memcpy                             
000028ef  __aeabi_memclr                     
000028ef  __aeabi_memclr4                    
000028ef  __aeabi_memclr8                    
000028f1  __aeabi_memset                     
000028f1  __aeabi_memset4                    
000028f1  __aeabi_memset8                    
000028f7  memset                             
00002969  __TI_decompress_lzss               
000029d1  GPIOPinConfigure                   
00002a19  __TI_auto_init_nobinit_nopinit     
00002a5d  __aeabi_uidiv                      
00002a5d  __aeabi_uidivmod                   
00002a9d  _c_int00_noargs                    
00002ad5  SysCtlPeripheralEnable             
00002b09  GPIODirModeSet                     
00002b33  GPIOPinTypeUART                    
00002b45  __TI_decompress_none               
00002b53  __TI_zero_init                     
00002b5f  ResetISR                           
00002b6b  SysCtlDelay                        
00002b71  UARTClockSourceSet                 
00002b77  C$$EXIT                            
00002b77  abort                              
00002b7b  _system_pre_init                   
00002b7f  __aeabi_idiv0                      
00002c3c  ulMaxSyscallInterruptPriority      
00002c58  __TI_Handler_Table_Base            
00002c64  __TI_Handler_Table_Limit           
00002c70  __TI_CINIT_Base                    
00002c80  __TI_CINIT_Limit                   
200076f0  __stack                            
200078f0  __STACK_END                        
200078f0  __STACK_TOP                        
200078f0  pxCurrentTCB                       
ffffffff  __TI_pprof_out_hndl                
ffffffff  __TI_prof_data_size                
ffffffff  __TI_prof_data_start               
ffffffff  __binit__                          
ffffffff  __c_args__                         
ffffffff  binit                              
UNDEFED   __mpu_init                         
UNDEFED   _system_post_cinit                 
UNDEFED   vApplicationIdleHook               

[128 symbols]
