******************************************************************************
                  TI ARM Linker PC v18.1.5                     
******************************************************************************
>> Linked Fri Apr 19 21:37:03 2019

OUTPUT FILE NAME:   <FreeRTOS_example3.out>
ENTRY POINT SYMBOL: "_c_int00_noargs"  address: 00002aa5


MEMORY CONFIGURATION

         name            origin    length      used     unused   attr    fill
----------------------  --------  ---------  --------  --------  ----  --------
  FLASH                 00000000   00040000  00002c0c  0003d3f4  R  X
  SRAM                  20000000   00008000  00007934  000006cc  RW X


SEGMENT ALLOCATION MAP

run origin  load origin   length   init length attrs members
----------  ----------- ---------- ----------- ----- -------
00000000    00000000    00002c10   00002c10    r-x
  00000000    00000000    0000026c   0000026c    r-- .intvecs
  0000026c    0000026c    00002928   00002928    r-x .text
  00002b94    00002b94    00000040   00000040    r-- .const
  00002bd8    00002bd8    00000038   00000038    r-- .cinit
20000000    20000000    00007938   00000000    rw-
  20000000    20000000    000076ec   00000000    rw- .bss
  200076f0    200076f0    00000200   00000000    rw- .stack
  200078f0    200078f0    00000048   00000000    rw- .data


SECTION ALLOCATION MAP

 output                                  attributes/
section   page    origin      length       input sections
--------  ----  ----------  ----------   ----------------
.intvecs   0    00000000    0000026c     
                  00000000    0000026c     tm4c123gh6pm_startup_ccs.obj (.intvecs)

.text      0    0000026c    00002928     
                  0000026c    000018a0     tasks.obj (.text)
                  00001b0c    000004dc     uartstdio.obj (.text)
                  00001fe8    000001b8     heap_2.obj (.text)
                  000021a0    0000013c     freertos_demo.obj (.text)
                  000022dc    0000013c     port.obj (.text)
                  00002418    00000132     driverlib.lib : gpio.obj (.text:GPIOPadConfigSet)
                  0000254a    0000012a     list.obj (.text)
                  00002674    000000f4     driverlib.lib : sysctl.obj (.text:SysCtlClockSet)
                  00002768    000000da     portasm.obj (.text)
                  00002842    0000009c     rtsv7M4_T_le_v4SPD16_eabi.lib : memcpy_t2.asm.obj (.text)
                  000028de    0000007a                                   : memset_t2.asm.obj (.text)
                  00002958    00000068                                   : copy_decompress_lzss.c.obj (.text:decompress:lzss:__TI_decompress_lzss)
                  000029c0    00000060     led.obj (.text)
                  00002a20    00000044     rtsv7M4_T_le_v4SPD16_eabi.lib : autoinit.c.obj (.text:__TI_auto_init_nobinit_nopinit:__TI_auto_init_nobinit_nopinit)
                  00002a64    00000040                                   : u_divt2.asm.obj (.text)
                  00002aa4    00000038                                   : boot_cortex_m.c.obj (.text:_c_int00_noargs:_c_int00_noargs)
                  00002adc    00000034     driverlib.lib : sysctl.obj (.text:SysCtlPeripheralEnable)
                  00002b10    0000002a                   : gpio.obj (.text:GPIODirModeSet)
                  00002b3a    00000018                   : gpio.obj (.text:GPIOPinTypeGPIOOutput)
                  00002b52    0000000e     rtsv7M4_T_le_v4SPD16_eabi.lib : copy_decompress_none.c.obj (.text:decompress:none:__TI_decompress_none)
                  00002b60    0000000c                                   : copy_zero_init.c.obj (.text:decompress:ZI:__TI_zero_init)
                  00002b6c    0000000c     tm4c123gh6pm_startup_ccs.obj (.text)
                  00002b78    00000006     driverlib.lib : gpio.obj (.text:GPIOPinWrite)
                  00002b7e    00000006                   : sysctl.obj (.text:SysCtlDelay)
                  00002b84    00000006                   : uart.obj (.text:UARTClockSourceSet)
                  00002b8a    00000004     rtsv7M4_T_le_v4SPD16_eabi.lib : pre_init.c.obj (.text:_system_pre_init)
                  00002b8e    00000004                                   : exit.c.obj (.text:abort:abort)
                  00002b92    00000002                                   : div0.asm.obj (.text)

.const     0    00002b94    00000040     
                  00002b94    00000012     uartstdio.obj (.const:.string)
                  00002ba6    00000002     --HOLE-- [fill = 0]
                  00002ba8    0000000c     uartstdio.obj (.const:g_ui32UARTBase)
                  00002bb4    0000000c     uartstdio.obj (.const:g_ui32UARTPeriph)
                  00002bc0    0000000c     led.obj (.const:ledPin)
                  00002bcc    00000004     port.obj (.const)
                  00002bd0    00000004     uartstdio.obj (.const)

.cinit     0    00002bd8    00000038     
                  00002bd8    0000000f     (.cinit..data.load) [load image, compression = lzss]
                  00002be7    00000001     --HOLE-- [fill = 0]
                  00002be8    0000000c     (__TI_handler_table)
                  00002bf4    00000004     --HOLE-- [fill = 0]
                  00002bf8    00000008     (.cinit..bss.load) [load image, compression = zero_init]
                  00002c00    00000010     (__TI_cinit_table)

.init_array 
*          0    00000000    00000000     UNINITIALIZED

.bss       0    20000000    000076ec     UNINITIALIZED
                  20000000    00007530     heap_2.obj (.bss:ucHeap)
                  20007530    00000140     tasks.obj (.bss:pxReadyTasksLists)
                  20007670    00000014     tasks.obj (.bss:xDelayedTaskList1)
                  20007684    00000014     tasks.obj (.bss:xDelayedTaskList2)
                  20007698    00000014     tasks.obj (.bss:xPendingReadyList)
                  200076ac    00000014     tasks.obj (.bss:xSuspendedTaskList)
                  200076c0    00000014     tasks.obj (.bss:xTasksWaitingTermination)
                  200076d4    00000008     tasks.obj (.bss)
                  200076dc    00000008     heap_2.obj (.bss:xEnd)
                  200076e4    00000008     heap_2.obj (.bss:xStart)

.data      0    200078f0    00000048     UNINITIALIZED
                  200078f0    00000034     tasks.obj (.data)
                  20007924    00000008     heap_2.obj (.data)
                  2000792c    00000005     uartstdio.obj (.data)
                  20007931    00000003     --HOLE--
                  20007934    00000004     port.obj (.data)

.stack     0    200076f0    00000200     UNINITIALIZED
                  200076f0    00000004     rtsv7M4_T_le_v4SPD16_eabi.lib : boot_cortex_m.c.obj (.stack)
                  200076f4    000001fc     --HOLE--

MODULE SUMMARY

       Module                         code    ro data   rw data
       ------                         ----    -------   -------
    .\
       tm4c123gh6pm_startup_ccs.obj   12      620       0      
    +--+------------------------------+-------+---------+---------+
       Total:                         12      620       0      
                                                               
    .\Application\
       freertos_demo.obj              316     0         0      
    +--+------------------------------+-------+---------+---------+
       Total:                         316     0         0      
                                                               
    .\FreeRTOSSource\
       heap_2.obj                     440     0         30024  
       tasks.obj                      6304    0         480    
       port.obj                       316     4         4      
       list.obj                       298     0         0      
       portasm.obj                    218     0         0      
    +--+------------------------------+-------+---------+---------+
       Total:                         7576    4         30508  
                                                               
    .\driver\
       uartstdio.obj                  1244    46        5      
       led.obj                        96      12        0      
    +--+------------------------------+-------+---------+---------+
       Total:                         1340    58        5      
                                                               
    C:/ti/TivaWare_C_Series-2.1.4.178/driverlib/ccs/Debug/driverlib.lib
       gpio.obj                       378     0         0      
       sysctl.obj                     302     0         0      
       uart.obj                       6       0         0      
    +--+------------------------------+-------+---------+---------+
       Total:                         686     0         0      
                                                               
    C:\ti\ccsv8\tools\compiler\ti-cgt-arm_18.1.5.LTS\lib\rtsv7M4_T_le_v4SPD16_eabi.lib
       memcpy_t2.asm.obj              156     0         0      
       memset_t2.asm.obj              122     0         0      
       copy_decompress_lzss.c.obj     104     0         0      
       autoinit.c.obj                 68      0         0      
       u_divt2.asm.obj                64      0         0      
       boot_cortex_m.c.obj            56      0         0      
       copy_decompress_none.c.obj     14      0         0      
       copy_zero_init.c.obj           12      0         0      
       exit.c.obj                     4       0         0      
       pre_init.c.obj                 4       0         0      
       div0.asm.obj                   2       0         0      
    +--+------------------------------+-------+---------+---------+
       Total:                         606     0         0      
                                                               
       Stack:                         0       0         512    
       Linker Generated:              0       51        0      
    +--+------------------------------+-------+---------+---------+
       Grand Total:                   10536   733       31025  


LINKER GENERATED COPY TABLES

__TI_cinit_table @ 00002c00 records: 2, size/record: 8, table size: 16
	.data: load addr=00002bd8, load size=0000000f bytes, run addr=200078f0, run size=00000048 bytes, compression=lzss
	.bss: load addr=00002bf8, load size=00000008 bytes, run addr=20000000, run size=000076ec bytes, compression=zero_init


LINKER GENERATED HANDLER TABLE

__TI_handler_table @ 00002be8 records: 3, size/record: 4, table size: 12
	index: 0, handler: __TI_decompress_lzss
	index: 1, handler: __TI_decompress_none
	index: 2, handler: __TI_zero_init


GLOBAL SYMBOLS: SORTED ALPHABETICALLY BY Name 

address   name                               
-------   ----                               
00002b8f  C$$EXIT                            
000021ab  ConfigureUART                      
00002b11  GPIODirModeSet                     
00002419  GPIOPadConfigSet                   
00002b3b  GPIOPinTypeGPIOOutput              
00002b79  GPIOPinWrite                       
00002b6d  ResetISR                           
00002675  SysCtlClockSet                     
00002b7f  SysCtlDelay                        
00002add  SysCtlPeripheralEnable             
00002b85  UARTClockSourceSet                 
00001b0d  UARTStdioConfig                    
00001c85  UARTgetc                           
00001bbf  UARTgets                           
00001fb3  UARTprintf                         
00001cb9  UARTvprintf                        
00001b6d  UARTwrite                          
200078f0  __STACK_END                        
00000200  __STACK_SIZE                       
200078f0  __STACK_TOP                        
00002c00  __TI_CINIT_Base                    
00002c10  __TI_CINIT_Limit                   
00002be8  __TI_Handler_Table_Base            
00002bf4  __TI_Handler_Table_Limit           
00002a21  __TI_auto_init_nobinit_nopinit     
00002959  __TI_decompress_lzss               
00002b53  __TI_decompress_none               
ffffffff  __TI_pprof_out_hndl                
ffffffff  __TI_prof_data_size                
ffffffff  __TI_prof_data_start               
00000000  __TI_static_base__                 
00002b61  __TI_zero_init                     
00002b93  __aeabi_idiv0                      
00002b93  __aeabi_ldiv0                      
000028df  __aeabi_memclr                     
000028df  __aeabi_memclr4                    
000028df  __aeabi_memclr8                    
00002843  __aeabi_memcpy                     
00002843  __aeabi_memcpy4                    
00002843  __aeabi_memcpy8                    
000028e1  __aeabi_memset                     
000028e1  __aeabi_memset4                    
000028e1  __aeabi_memset8                    
00002a65  __aeabi_uidiv                      
00002a65  __aeabi_uidivmod                   
ffffffff  __binit__                          
ffffffff  __c_args__                         
UNDEFED   __mpu_init                         
200076f0  __stack                            
00002aa5  _c_int00_noargs                    
UNDEFED   _system_post_cinit                 
00002b8b  _system_pre_init                   
00002b8f  abort                              
ffffffff  binit                              
000005e1  eTaskGetState                      
00000000  g_pfnVectors                       
000029d3  ledControl                         
000029c1  ledInit                            
00002bc0  ledPin                             
00002205  main                               
00002843  memcpy                             
000028e7  memset                             
00000baf  pcTaskGetName                      
00001fe9  pvPortMalloc                       
0000162b  pvTaskIncrementMutexHeldCount      
200078f0  pxCurrentTCB                       
000022dd  pxPortInitialiseStack              
00002bcc  ulMaxSyscallInterruptPriority      
00002779  ulPortGetIPSR                      
00001649  ulTaskNotifyTake                   
0000262d  uxListRemove                       
00000ba9  uxTaskGetNumberOfTasks             
00001311  uxTaskGetStackHighWaterMark        
00000bd5  uxTaskGetSystemState               
000010a5  uxTaskGetTaskNumber                
00000675  uxTaskPriorityGet                  
000006a5  uxTaskPriorityGetFromISR           
00001609  uxTaskResetEventItemValue          
000021a1  vApplicationStackOverflowHook      
0000254b  vListInitialise                    
0000257b  vListInitialiseItem                
000025c7  vListInsert                        
0000258b  vListInsertEnd                     
00002835  vPortEnableVFP                     
0000237d  vPortEndScheduler                  
0000237f  vPortEnterCritical                 
0000239f  vPortExitCritical                  
000020e1  vPortFree                          
00002145  vPortInitialiseBlocks              
000027f1  vPortSVCHandler                    
000023db  vPortSetupTimerInterrupt           
00002811  vPortStartFirstTask                
000005a5  vTaskDelay                         
00000515  vTaskDelayUntil                    
00000467  vTaskDelete                        
00000a6b  vTaskEndScheduler                  
00001181  vTaskGetInfo                       
00000fef  vTaskInternalSetTimeOutState       
0000109d  vTaskMissedYield                   
00001965  vTaskNotifyGiveFromISR             
00000e93  vTaskPlaceOnEventList              
00000eaf  vTaskPlaceOnUnorderedEventList     
00001537  vTaskPriorityDisinheritAfterTimeout
000006f1  vTaskPrioritySet                   
00000f69  vTaskRemoveFromUnorderedEventList  
00000919  vTaskResume                        
000010c5  vTaskSetTaskNumber                 
00000fd1  vTaskSetTimeOutState               
00000a21  vTaskStartScheduler                
00000809  vTaskSuspend                       
00000a8d  vTaskSuspendAll                    
00000df1  vTaskSwitchContext                 
0000213f  xPortGetFreeHeapSize               
00002791  xPortPendSVHandler                 
00002347  xPortStartScheduler                
000023b5  xPortSysTickHandler                
00001015  xTaskCheckForTimeOut               
0000026d  xTaskCreate                        
0000176b  xTaskGenericNotify                 
00001855  xTaskGenericNotifyFromISR          
00001385  xTaskGetCurrentTaskHandle          
00000b81  xTaskGetTickCount                  
00000b95  xTaskGetTickCountFromISR           
00000cc9  xTaskIncrementTick                 
00001a13  xTaskNotifyStateClear              
000016c9  xTaskNotifyWait                    
00001499  xTaskPriorityDisinherit            
000013b9  xTaskPriorityInherit               
00000ee9  xTaskRemoveFromEventList           
00000a9d  xTaskResumeAll                     
00000993  xTaskResumeFromISR                 


GLOBAL SYMBOLS: SORTED BY Symbol Address 

address   name                               
-------   ----                               
00000000  __TI_static_base__                 
00000000  g_pfnVectors                       
00000200  __STACK_SIZE                       
0000026d  xTaskCreate                        
00000467  vTaskDelete                        
00000515  vTaskDelayUntil                    
000005a5  vTaskDelay                         
000005e1  eTaskGetState                      
00000675  uxTaskPriorityGet                  
000006a5  uxTaskPriorityGetFromISR           
000006f1  vTaskPrioritySet                   
00000809  vTaskSuspend                       
00000919  vTaskResume                        
00000993  xTaskResumeFromISR                 
00000a21  vTaskStartScheduler                
00000a6b  vTaskEndScheduler                  
00000a8d  vTaskSuspendAll                    
00000a9d  xTaskResumeAll                     
00000b81  xTaskGetTickCount                  
00000b95  xTaskGetTickCountFromISR           
00000ba9  uxTaskGetNumberOfTasks             
00000baf  pcTaskGetName                      
00000bd5  uxTaskGetSystemState               
00000cc9  xTaskIncrementTick                 
00000df1  vTaskSwitchContext                 
00000e93  vTaskPlaceOnEventList              
00000eaf  vTaskPlaceOnUnorderedEventList     
00000ee9  xTaskRemoveFromEventList           
00000f69  vTaskRemoveFromUnorderedEventList  
00000fd1  vTaskSetTimeOutState               
00000fef  vTaskInternalSetTimeOutState       
00001015  xTaskCheckForTimeOut               
0000109d  vTaskMissedYield                   
000010a5  uxTaskGetTaskNumber                
000010c5  vTaskSetTaskNumber                 
00001181  vTaskGetInfo                       
00001311  uxTaskGetStackHighWaterMark        
00001385  xTaskGetCurrentTaskHandle          
000013b9  xTaskPriorityInherit               
00001499  xTaskPriorityDisinherit            
00001537  vTaskPriorityDisinheritAfterTimeout
00001609  uxTaskResetEventItemValue          
0000162b  pvTaskIncrementMutexHeldCount      
00001649  ulTaskNotifyTake                   
000016c9  xTaskNotifyWait                    
0000176b  xTaskGenericNotify                 
00001855  xTaskGenericNotifyFromISR          
00001965  vTaskNotifyGiveFromISR             
00001a13  xTaskNotifyStateClear              
00001b0d  UARTStdioConfig                    
00001b6d  UARTwrite                          
00001bbf  UARTgets                           
00001c85  UARTgetc                           
00001cb9  UARTvprintf                        
00001fb3  UARTprintf                         
00001fe9  pvPortMalloc                       
000020e1  vPortFree                          
0000213f  xPortGetFreeHeapSize               
00002145  vPortInitialiseBlocks              
000021a1  vApplicationStackOverflowHook      
000021ab  ConfigureUART                      
00002205  main                               
000022dd  pxPortInitialiseStack              
00002347  xPortStartScheduler                
0000237d  vPortEndScheduler                  
0000237f  vPortEnterCritical                 
0000239f  vPortExitCritical                  
000023b5  xPortSysTickHandler                
000023db  vPortSetupTimerInterrupt           
00002419  GPIOPadConfigSet                   
0000254b  vListInitialise                    
0000257b  vListInitialiseItem                
0000258b  vListInsertEnd                     
000025c7  vListInsert                        
0000262d  uxListRemove                       
00002675  SysCtlClockSet                     
00002779  ulPortGetIPSR                      
00002791  xPortPendSVHandler                 
000027f1  vPortSVCHandler                    
00002811  vPortStartFirstTask                
00002835  vPortEnableVFP                     
00002843  __aeabi_memcpy                     
00002843  __aeabi_memcpy4                    
00002843  __aeabi_memcpy8                    
00002843  memcpy                             
000028df  __aeabi_memclr                     
000028df  __aeabi_memclr4                    
000028df  __aeabi_memclr8                    
000028e1  __aeabi_memset                     
000028e1  __aeabi_memset4                    
000028e1  __aeabi_memset8                    
000028e7  memset                             
00002959  __TI_decompress_lzss               
000029c1  ledInit                            
000029d3  ledControl                         
00002a21  __TI_auto_init_nobinit_nopinit     
00002a65  __aeabi_uidiv                      
00002a65  __aeabi_uidivmod                   
00002aa5  _c_int00_noargs                    
00002add  SysCtlPeripheralEnable             
00002b11  GPIODirModeSet                     
00002b3b  GPIOPinTypeGPIOOutput              
00002b53  __TI_decompress_none               
00002b61  __TI_zero_init                     
00002b6d  ResetISR                           
00002b79  GPIOPinWrite                       
00002b7f  SysCtlDelay                        
00002b85  UARTClockSourceSet                 
00002b8b  _system_pre_init                   
00002b8f  C$$EXIT                            
00002b8f  abort                              
00002b93  __aeabi_idiv0                      
00002b93  __aeabi_ldiv0                      
00002bc0  ledPin                             
00002bcc  ulMaxSyscallInterruptPriority      
00002be8  __TI_Handler_Table_Base            
00002bf4  __TI_Handler_Table_Limit           
00002c00  __TI_CINIT_Base                    
00002c10  __TI_CINIT_Limit                   
200076f0  __stack                            
200078f0  __STACK_END                        
200078f0  __STACK_TOP                        
200078f0  pxCurrentTCB                       
ffffffff  __TI_pprof_out_hndl                
ffffffff  __TI_prof_data_size                
ffffffff  __TI_prof_data_start               
ffffffff  __binit__                          
ffffffff  __c_args__                         
ffffffff  binit                              
UNDEFED   __mpu_init                         
UNDEFED   _system_post_cinit                 

[131 symbols]
