******************************************************************************
                  TI ARM Linker PC v18.1.5                     
******************************************************************************
>> Linked Fri Apr  5 18:00:11 2019

OUTPUT FILE NAME:   <switchStateMachine_funcionPoiter.out>
ENTRY POINT SYMBOL: "_c_int00_noargs"  address: 00000ec1


MEMORY CONFIGURATION

         name            origin    length      used     unused   attr    fill
----------------------  --------  ---------  --------  --------  ----  --------
  FLASH                 00000000   00040000  000011a0  0003ee60  R  X
  SRAM                  20000000   00008000  00000236  00007dca  RW X


SEGMENT ALLOCATION MAP

run origin  load origin   length   init length attrs members
----------  ----------- ---------- ----------- ----- -------
00000000    00000000    000011a0   000011a0    r-x
  00000000    00000000    0000026c   0000026c    r-- .intvecs
  0000026c    0000026c    00000d98   00000d98    r-x .text
  00001004    00001004    0000015c   0000015c    r-- .const
  00001160    00001160    00000040   00000040    r-- .cinit
20000000    20000000    00000236   00000000    rw-
  20000000    20000000    00000200   00000000    rw- .stack
  20000200    20000200    00000036   00000000    rw- .data


SECTION ALLOCATION MAP

 output                                  attributes/
section   page    origin      length       input sections
--------  ----  ----------  ----------   ----------------
.intvecs   0    00000000    0000026c     
                  00000000    0000026c     tm4c123gh6pm_startup_ccs.obj (.intvecs)

.text      0    0000026c    00000d98     
                  0000026c    0000049c     uartstdio.obj (.text)
                  00000708    00000160     ledRedStateMachine.obj (.text)
                  00000868    00000132     driverlib.lib : gpio.obj (.text:GPIOPadConfigSet)
                  0000099a    00000002     rtsv7M4_T_le_v4SPD16_eabi.lib : div0.asm.obj (.text)
                  0000099c    000000f4     driverlib.lib : sysctl.obj (.text:SysCtlClockSet)
                  00000a90    000000e4     main.obj (.text)
                  00000b74    0000009c     rtsv7M4_T_le_v4SPD16_eabi.lib : memcpy_t2.asm.obj (.text)
                  00000c10    0000009c     switches.obj (.text)
                  00000cac    00000068     rtsv7M4_T_le_v4SPD16_eabi.lib : copy_decompress_lzss.c.obj (.text:decompress:lzss:__TI_decompress_lzss)
                  00000d14    00000060     led.obj (.text)
                  00000d74    00000048     driverlib.lib : gpio.obj (.text:GPIOPinConfigure)
                  00000dbc    00000046                   : uart.obj (.text:UARTConfigSetExpClk)
                  00000e02    00000002     --HOLE-- [fill = 0]
                  00000e04    00000044     rtsv7M4_T_le_v4SPD16_eabi.lib : autoinit.c.obj (.text:__TI_auto_init_nobinit_nopinit:__TI_auto_init_nobinit_nopinit)
                  00000e48    00000040                                   : u_divt2.asm.obj (.text)
                  00000e88    00000038     driverlib.lib : sysctl.obj (.text:SysCtlPeripheralPresent)
                  00000ec0    00000038     rtsv7M4_T_le_v4SPD16_eabi.lib : boot_cortex_m.c.obj (.text:_c_int00_noargs:_c_int00_noargs)
                  00000ef8    00000034     driverlib.lib : sysctl.obj (.text:SysCtlPeripheralEnable)
                  00000f2c    0000002a                   : gpio.obj (.text:GPIODirModeSet)
                  00000f56    00000002     --HOLE-- [fill = 0]
                  00000f58    00000020                   : uart.obj (.text:UARTDisable)
                  00000f78    00000018                   : gpio.obj (.text:GPIOPinTypeGPIOOutput)
                  00000f90    00000014                   : uart.obj (.text:UARTEnable)
                  00000fa4    00000012                   : gpio.obj (.text:GPIOPinTypeUART)
                  00000fb6    0000000e     rtsv7M4_T_le_v4SPD16_eabi.lib : copy_decompress_none.c.obj (.text:decompress:none:__TI_decompress_none)
                  00000fc4    0000000c     tm4c123gh6pm_startup_ccs.obj (.text)
                  00000fd0    0000000a     driverlib.lib : uart.obj (.text:UARTCharGet)
                  00000fda    0000000a                   : uart.obj (.text:UARTCharPut)
                  00000fe4    00000006                   : gpio.obj (.text:GPIOPinRead)
                  00000fea    00000006                   : gpio.obj (.text:GPIOPinWrite)
                  00000ff0    00000006                   : sysctl.obj (.text:SysCtlDelay)
                  00000ff6    00000006                   : uart.obj (.text:UARTClockSourceSet)
                  00000ffc    00000004     rtsv7M4_T_le_v4SPD16_eabi.lib : pre_init.c.obj (.text:_system_pre_init)
                  00001000    00000004                                   : exit.c.obj (.text:abort:abort)

.const     0    00001004    0000015c     
                  00001004    00000090     driverlib.lib : gpio.obj (.const:g_pui32GPIOBaseAddrs)
                  00001094    0000003c     ledRedStateMachine.obj (.const:.string)
                  000010d0    00000014     ledRedStateMachine.obj (.const:.string:$P$T1$2)
                  000010e4    00000013     ledRedStateMachine.obj (.const:.string:$P$T3$4)
                  000010f7    00000001     --HOLE-- [fill = 0]
                  000010f8    00000012     uartstdio.obj (.const:.string)
                  0000110a    00000010     ledRedStateMachine.obj (.const:.string:$P$T2$3)
                  0000111a    0000000f     ledRedStateMachine.obj (.const:.string:$P$T0$1)
                  00001129    00000003     --HOLE-- [fill = 0]
                  0000112c    0000000c     uartstdio.obj (.const:g_ui32UARTBase)
                  00001138    0000000c     uartstdio.obj (.const:g_ui32UARTPeriph)
                  00001144    0000000c     led.obj (.const:ledPin)
                  00001150    00000007     ledRedStateMachine.obj (.const:.string:$P$T4$5)
                  00001157    00000005     main.obj (.const:.string:$P$T0$1)
                  0000115c    00000004     uartstdio.obj (.const)

.cinit     0    00001160    00000040     
                  00001160    00000030     (.cinit..data.load) [load image, compression = lzss]
                  00001190    00000008     (__TI_handler_table)
                  00001198    00000008     (__TI_cinit_table)

.init_array 
*          0    00000000    00000000     UNINITIALIZED

.data      0    20000200    00000036     UNINITIALIZED
                  20000200    00000020     ledRedStateMachine.obj (.data:StateMachine)
                  20000220    00000010     ledRedStateMachine.obj (.data:stateName)
                  20000230    00000005     uartstdio.obj (.data)
                  20000235    00000001     ledRedStateMachine.obj (.data)

.stack     0    20000000    00000200     UNINITIALIZED
                  20000000    00000004     rtsv7M4_T_le_v4SPD16_eabi.lib : boot_cortex_m.c.obj (.stack)
                  20000004    000001fc     --HOLE--

MODULE SUMMARY

       Module                         code   ro data   rw data
       ------                         ----   -------   -------
    .\
       uartstdio.obj                  1180   46        5      
       tm4c123gh6pm_startup_ccs.obj   12     620       0      
       ledRedStateMachine.obj         352    137       49     
       main.obj                       228    5         0      
       switches.obj                   156    0         0      
       led.obj                        96     12        0      
    +--+------------------------------+------+---------+---------+
       Total:                         2024   820       54     
                                                              
    C:/ti/TivaWare_C_Series-2.1.4.178/driverlib/ccs/Debug/driverlib.lib
       gpio.obj                       474    144       0      
       sysctl.obj                     358    0         0      
       uart.obj                       148    0         0      
    +--+------------------------------+------+---------+---------+
       Total:                         980    144       0      
                                                              
    C:\ti\ccsv8\tools\compiler\ti-cgt-arm_18.1.5.LTS\lib\rtsv7M4_T_le_v4SPD16_eabi.lib
       memcpy_t2.asm.obj              156    0         0      
       copy_decompress_lzss.c.obj     104    0         0      
       autoinit.c.obj                 68     0         0      
       u_divt2.asm.obj                64     0         0      
       boot_cortex_m.c.obj            56     0         0      
       copy_decompress_none.c.obj     14     0         0      
       exit.c.obj                     4      0         0      
       pre_init.c.obj                 4      0         0      
       div0.asm.obj                   2      0         0      
    +--+------------------------------+------+---------+---------+
       Total:                         472    0         0      
                                                              
       Stack:                         0      0         512    
       Linker Generated:              0      64        0      
    +--+------------------------------+------+---------+---------+
       Grand Total:                   3476   1028      566    


LINKER GENERATED COPY TABLES

__TI_cinit_table @ 00001198 records: 1, size/record: 8, table size: 8
	.data: load addr=00001160, load size=00000030 bytes, run addr=20000200, run size=00000036 bytes, compression=lzss


LINKER GENERATED HANDLER TABLE

__TI_handler_table @ 00001190 records: 2, size/record: 4, table size: 8
	index: 0, handler: __TI_decompress_lzss
	index: 1, handler: __TI_decompress_none


GLOBAL SYMBOLS: SORTED ALPHABETICALLY BY Name 

address   name                          
-------   ----                          
00001001  C$$EXIT                       
00000f2d  GPIODirModeSet                
00000869  GPIOPadConfigSet              
00000d75  GPIOPinConfigure              
00000fe5  GPIOPinRead                   
00000f79  GPIOPinTypeGPIOOutput         
00000fa5  GPIOPinTypeUART               
00000feb  GPIOPinWrite                  
00000a91  InitConsole                   
00000fc5  ResetISR                      
20000235  SmState                       
000007b5  Sm_Run                        
0000075f  Sm_State_LEDOFF               
00000709  Sm_State_LEDON                
00000733  Sm_State_WAITLEDOFF           
00000789  Sm_State_WAITLEDON            
20000200  StateMachine                  
0000099d  SysCtlClockSet                
00000ff1  SysCtlDelay                   
00000ef9  SysCtlPeripheralEnable        
00000e89  SysCtlPeripheralPresent       
00000fd1  UARTCharGet                   
00000fdb  UARTCharPut                   
00000ff7  UARTClockSourceSet            
00000dbd  UARTConfigSetExpClk           
00000f59  UARTDisable                   
00000f91  UARTEnable                    
0000026d  UARTStdioConfig               
000003b3  UARTgetc                      
000002f9  UARTgets                      
000006d3  UARTprintf                    
000003d9  UARTvprintf                   
000002b3  UARTwrite                     
20000200  __STACK_END                   
00000200  __STACK_SIZE                  
20000200  __STACK_TOP                   
00001198  __TI_CINIT_Base               
000011a0  __TI_CINIT_Limit              
00001190  __TI_Handler_Table_Base       
00001198  __TI_Handler_Table_Limit      
00000e05  __TI_auto_init_nobinit_nopinit
00000cad  __TI_decompress_lzss          
00000fb7  __TI_decompress_none          
ffffffff  __TI_pprof_out_hndl           
ffffffff  __TI_prof_data_size           
ffffffff  __TI_prof_data_start          
00000000  __TI_static_base__            
0000099b  __aeabi_idiv0                 
0000099b  __aeabi_ldiv0                 
00000b75  __aeabi_memcpy                
00000b75  __aeabi_memcpy4               
00000b75  __aeabi_memcpy8               
00000e49  __aeabi_uidiv                 
00000e49  __aeabi_uidivmod              
ffffffff  __binit__                     
ffffffff  __c_args__                    
UNDEFED   __mpu_init                    
20000000  __stack                       
00000ec1  _c_int00_noargs               
UNDEFED   _system_post_cinit            
00000ffd  _system_pre_init              
00001001  abort                         
ffffffff  binit                         
00000000  g_pfnVectors                  
00000d27  ledControl                    
00000d15  ledInit                       
00001144  ledPin                        
00000acd  main                          
00000b75  memcpy                        
20000220  stateName                     
00000c11  switchInit                    
00000c59  switchState                   


GLOBAL SYMBOLS: SORTED BY Symbol Address 

address   name                          
-------   ----                          
00000000  __TI_static_base__            
00000000  g_pfnVectors                  
00000200  __STACK_SIZE                  
0000026d  UARTStdioConfig               
000002b3  UARTwrite                     
000002f9  UARTgets                      
000003b3  UARTgetc                      
000003d9  UARTvprintf                   
000006d3  UARTprintf                    
00000709  Sm_State_LEDON                
00000733  Sm_State_WAITLEDOFF           
0000075f  Sm_State_LEDOFF               
00000789  Sm_State_WAITLEDON            
000007b5  Sm_Run                        
00000869  GPIOPadConfigSet              
0000099b  __aeabi_idiv0                 
0000099b  __aeabi_ldiv0                 
0000099d  SysCtlClockSet                
00000a91  InitConsole                   
00000acd  main                          
00000b75  __aeabi_memcpy                
00000b75  __aeabi_memcpy4               
00000b75  __aeabi_memcpy8               
00000b75  memcpy                        
00000c11  switchInit                    
00000c59  switchState                   
00000cad  __TI_decompress_lzss          
00000d15  ledInit                       
00000d27  ledControl                    
00000d75  GPIOPinConfigure              
00000dbd  UARTConfigSetExpClk           
00000e05  __TI_auto_init_nobinit_nopinit
00000e49  __aeabi_uidiv                 
00000e49  __aeabi_uidivmod              
00000e89  SysCtlPeripheralPresent       
00000ec1  _c_int00_noargs               
00000ef9  SysCtlPeripheralEnable        
00000f2d  GPIODirModeSet                
00000f59  UARTDisable                   
00000f79  GPIOPinTypeGPIOOutput         
00000f91  UARTEnable                    
00000fa5  GPIOPinTypeUART               
00000fb7  __TI_decompress_none          
00000fc5  ResetISR                      
00000fd1  UARTCharGet                   
00000fdb  UARTCharPut                   
00000fe5  GPIOPinRead                   
00000feb  GPIOPinWrite                  
00000ff1  SysCtlDelay                   
00000ff7  UARTClockSourceSet            
00000ffd  _system_pre_init              
00001001  C$$EXIT                       
00001001  abort                         
00001144  ledPin                        
00001190  __TI_Handler_Table_Base       
00001198  __TI_CINIT_Base               
00001198  __TI_Handler_Table_Limit      
000011a0  __TI_CINIT_Limit              
20000000  __stack                       
20000200  StateMachine                  
20000200  __STACK_END                   
20000200  __STACK_TOP                   
20000220  stateName                     
20000235  SmState                       
ffffffff  __TI_pprof_out_hndl           
ffffffff  __TI_prof_data_size           
ffffffff  __TI_prof_data_start          
ffffffff  __binit__                     
ffffffff  __c_args__                    
ffffffff  binit                         
UNDEFED   __mpu_init                    
UNDEFED   _system_post_cinit            

[72 symbols]
