******************************************************************************
                  TI ARM Linker PC v5.2.6                      
******************************************************************************
>> Linked Wed Mar 13 02:49:59 2019

OUTPUT FILE NAME:   <uart_echo.out>
ENTRY POINT SYMBOL: "_c_int00"  address: 000006bd


MEMORY CONFIGURATION

         name            origin    length      used     unused   attr    fill
----------------------  --------  ---------  --------  --------  ----  --------
  FLASH                 00000000   00040000  00000998  0003f668  R  X
  SRAM                  20000000   00008000  00000114  00007eec  RW X


SEGMENT ALLOCATION MAP

run origin  load origin   length   init length attrs members
----------  ----------- ---------- ----------- ----- -------
00000000    00000000    00000998   00000998    r-x
  00000000    00000000    0000026c   0000026c    r-- .intvecs
  0000026c    0000026c    00000610   00000610    r-x .text
  0000087c    0000087c    000000fc   000000fc    r-- .const
  00000978    00000978    00000020   00000020    r-- .cinit
20000000    20000000    00000114   00000000    rw-
  20000000    20000000    00000100   00000000    rw- .stack
  20000100    20000100    00000014   00000000    rw- .data


SECTION ALLOCATION MAP

 output                                  attributes/
section   page    origin      length       input sections
--------  ----  ----------  ----------   ----------------
.intvecs   0    00000000    0000026c     
                  00000000    0000026c     startup_ccs.obj (.intvecs)

.text      0    0000026c    00000610     
                  0000026c    00000110     driverlib.lib : sysctl.obj (.text:SysCtlClockGet)
                  0000037c    000000b4     uart_echo.obj (.text:main)
                  00000430    0000009c     uart_echo.obj (.text:UARTIntHandler)
                  000004cc    0000009c     rtsv7M4_T_le_v4SPD16_eabi.lib : memcpy_t2.obj (.text)
                  00000568    0000007a                                   : memset_t2.obj (.text)
                  000005e2    00000002     startup_ccs.obj (.text:FaultISR)
                  000005e4    0000006c     rtsv7M4_T_le_v4SPD16_eabi.lib : autoinit.obj (.text)
                  00000650    0000006a                                   : copy_decompress_rle.obj (.text)
                  000006ba    00000002     startup_ccs.obj (.text:IntDefaultHandler)
                  000006bc    00000050     rtsv7M4_T_le_v4SPD16_eabi.lib : boot.obj (.text)
                  0000070c    0000004c                                   : cpy_tbl.obj (.text)
                  00000758    00000048     driverlib.lib : gpio.obj (.text:GPIOPinConfigure)
                  000007a0    00000044     rtsv7M4_T_le_v4SPD16_eabi.lib : exit.obj (.text)
                  000007e4    00000028     uart_echo.obj (.text:UARTSend)
                  0000080c    00000018     rtsv7M4_T_le_v4SPD16_eabi.lib : args_main.obj (.text)
                  00000824    00000014                                   : _lock.obj (.text)
                  00000838    0000000e     driverlib.lib : uart.obj (.text:UARTCharPutNonBlocking)
                  00000846    0000000e     rtsv7M4_T_le_v4SPD16_eabi.lib : copy_decompress_none.obj (.text:decompress:none)
                  00000854    0000000a     driverlib.lib : uart.obj (.text:UARTCharGet)
                  0000085e    00000006                   : gpio.obj (.text:GPIOPinWrite)
                  00000864    00000006     startup_ccs.obj (.text:ResetISR)
                  0000086a    00000006     driverlib.lib : sysctl.obj (.text:SysCtlDelay)
                  00000870    00000006     rtsv7M4_T_le_v4SPD16_eabi.lib : copy_decompress_rle.obj (.text:decompress:rle24)
                  00000876    00000004                                   : pre_init.obj (.text)
                  0000087a    00000002     startup_ccs.obj (.text:NmiSR)

.const     0    0000087c    000000fc     
                  0000087c    00000090     driverlib.lib : gpio.obj (.const:g_pui32GPIOBaseAddrs)
                  0000090c    0000006c                   : sysctl.obj (.const:g_pui32Xtals)

.cinit     0    00000978    00000020     
                  00000978    0000000f     (.cinit..data.load) [load image, compression = rle]
                  00000987    00000001     --HOLE-- [fill = 0]
                  00000988    00000008     (__TI_handler_table)
                  00000990    00000008     (__TI_cinit_table)

.init_array 
*          0    00000000    00000000     UNINITIALIZED

.stack     0    20000000    00000100     UNINITIALIZED
                  20000000    00000100     --HOLE--

.data      0    20000100    00000014     UNINITIALIZED
                  20000100    00000008     rtsv7M4_T_le_v4SPD16_eabi.lib : _lock.obj (.data)
                  20000108    00000008                                   : exit.obj (.data)
                  20000110    00000004                                   : stkdepth_vars.obj (.data)

.TI.persistent 
*          0    20000100    00000000     UNINITIALIZED


LINKER GENERATED COPY TABLES

__TI_cinit_table @ 00000990 records: 1, size/record: 8, table size: 8
	.data: load addr=00000978, load size=0000000f bytes, run addr=20000100, run size=00000014 bytes, compression=rle


LINKER GENERATED HANDLER TABLE

__TI_handler_table @ 00000988 records: 2, size/record: 4, table size: 8
	index: 0, handler: __TI_decompress_rle24
	index: 1, handler: __TI_decompress_none


GLOBAL SYMBOLS: SORTED ALPHABETICALLY BY Name 

address   name                    
-------   ----                    
000007a1  C$$EXIT                 
00000759  GPIOPinConfigure        
0000085f  GPIOPinWrite            
00000865  ResetISR                
UNDEFED   SHT$$INIT_ARRAY$$Base   
UNDEFED   SHT$$INIT_ARRAY$$Limit  
0000026d  SysCtlClockGet          
0000086b  SysCtlDelay             
00000855  UARTCharGet             
00000839  UARTCharPutNonBlocking  
00000431  UARTIntHandler          
000007e5  UARTSend                
20000100  __STACK_END             
00000100  __STACK_SIZE            
20000100  __STACK_TOP             
00000990  __TI_CINIT_Base         
00000998  __TI_CINIT_Limit        
00000988  __TI_Handler_Table_Base 
00000990  __TI_Handler_Table_Limit
000005e5  __TI_auto_init          
20000108  __TI_cleanup_ptr        
00000847  __TI_decompress_none    
00000871  __TI_decompress_rle24   
2000010c  __TI_dtors_ptr          
00000000  __TI_static_base__      
00000569  __aeabi_memclr          
00000569  __aeabi_memclr4         
00000569  __aeabi_memclr8         
000004cd  __aeabi_memcpy          
000004cd  __aeabi_memcpy4         
000004cd  __aeabi_memcpy8         
0000056b  __aeabi_memset          
0000056b  __aeabi_memset4         
0000056b  __aeabi_memset8         
ffffffff  __binit__               
ffffffff  __c_args__              
20000000  __stack                 
0000080d  _args_main              
000006bd  _c_int00                
20000100  _lock                   
00000833  _nop                    
0000082b  _register_lock          
00000825  _register_unlock        
00000877  _system_pre_init        
20000104  _unlock                 
000007a5  abort                   
ffffffff  binit                   
0000070d  copy_in                 
000007ad  exit                    
00000000  g_pfnVectors            
0000037d  main                    
20000110  main_func_sp            
000004cd  memcpy                  
00000571  memset                  


GLOBAL SYMBOLS: SORTED BY Symbol Address 

address   name                    
-------   ----                    
00000000  __TI_static_base__      
00000000  g_pfnVectors            
00000100  __STACK_SIZE            
0000026d  SysCtlClockGet          
0000037d  main                    
00000431  UARTIntHandler          
000004cd  __aeabi_memcpy          
000004cd  __aeabi_memcpy4         
000004cd  __aeabi_memcpy8         
000004cd  memcpy                  
00000569  __aeabi_memclr          
00000569  __aeabi_memclr4         
00000569  __aeabi_memclr8         
0000056b  __aeabi_memset          
0000056b  __aeabi_memset4         
0000056b  __aeabi_memset8         
00000571  memset                  
000005e5  __TI_auto_init          
000006bd  _c_int00                
0000070d  copy_in                 
00000759  GPIOPinConfigure        
000007a1  C$$EXIT                 
000007a5  abort                   
000007ad  exit                    
000007e5  UARTSend                
0000080d  _args_main              
00000825  _register_unlock        
0000082b  _register_lock          
00000833  _nop                    
00000839  UARTCharPutNonBlocking  
00000847  __TI_decompress_none    
00000855  UARTCharGet             
0000085f  GPIOPinWrite            
00000865  ResetISR                
0000086b  SysCtlDelay             
00000871  __TI_decompress_rle24   
00000877  _system_pre_init        
00000988  __TI_Handler_Table_Base 
00000990  __TI_CINIT_Base         
00000990  __TI_Handler_Table_Limit
00000998  __TI_CINIT_Limit        
20000000  __stack                 
20000100  __STACK_END             
20000100  __STACK_TOP             
20000100  _lock                   
20000104  _unlock                 
20000108  __TI_cleanup_ptr        
2000010c  __TI_dtors_ptr          
20000110  main_func_sp            
ffffffff  __binit__               
ffffffff  __c_args__              
ffffffff  binit                   
UNDEFED   SHT$$INIT_ARRAY$$Base   
UNDEFED   SHT$$INIT_ARRAY$$Limit  

[54 symbols]
