******************************************************************************
                  TI ARM Linker PC v17.9.0                     
******************************************************************************
>> Linked Wed Apr 17 12:53:06 2019

OUTPUT FILE NAME:   <FreeRTOSExample1.out>
ENTRY POINT SYMBOL: "_c_int00_noargs"  address: 00002889


MEMORY CONFIGURATION

         name            origin    length      used     unused   attr    fill
----------------------  --------  ---------  --------  --------  ----  --------
  FLASH                 00000000   00040000  00002966  0003d69a  R  X
  SRAM                  20000000   00008000  00007934  000006cc  RW X


SEGMENT ALLOCATION MAP

run origin  load origin   length   init length attrs members
----------  ----------- ---------- ----------- ----- -------
00000000    00000000    00002968   00002968    r-x
  00000000    00000000    0000026c   0000026c    r-- .intvecs
  0000026c    0000026c    00002682   00002682    r-x .text
  000028f0    000028f0    00000040   00000040    r-- .const
  00002930    00002930    00000038   00000038    r-- .cinit
20000000    20000000    00007938   00000000    rw-
  20000000    20000000    000076ec   00000000    rw- .bss
  200076f0    200076f0    00000200   00000000    rw- .stack
  200078f0    200078f0    00000048   00000000    rw- .data


SECTION ALLOCATION MAP

 output                                  attributes/
section   page    origin      length       input sections
--------  ----  ----------  ----------   ----------------
.intvecs   0    00000000    0000026c     
                  00000000    0000026c     tm4c123gh6pm_startup_ccs.obj (.intvecs)

.text      0    0000026c    00002682     
                  0000026c    000018a4     tasks.obj (.text)
                  00001b10    000004dc     uartstdio.obj (.text)
                  00001fec    000001b8     heap_2.obj (.text)
                  000021a4    00000140     freertos_demo.obj (.text)
                  000022e4    0000013c     port.obj (.text)
                  00002420    0000012a     list.obj (.text)
                  0000254a    00000002     rtsv7M4_T_le_v4SPD16_eabi.lib : i_div0.obj (.text)
                  0000254c    000000da     portasm.obj (.text)
                  00002626    0000009c     rtsv7M4_T_le_v4SPD16_eabi.lib : memcpy_t2.obj (.text)
                  000026c2    0000007a                                   : memset_t2.obj (.text)
                  0000273c    00000068                                   : copy_decompress_lzss.obj (.text:decompress:lzss)
                  000027a4    00000060     led.obj (.text)
                  00002804    00000044     rtsv7M4_T_le_v4SPD16_eabi.lib : autoinit.obj (.text:__TI_auto_init_nobinit_nopinit)
                  00002848    00000040                                   : u_divt2.obj (.text)
                  00002888    00000038                                   : boot_cortex_m.obj (.text:_c_int00_noargs)
                  000028c0    0000000e                                   : copy_decompress_none.obj (.text:decompress:none)
                  000028ce    0000000c                                   : copy_zero_init.obj (.text:decompress:ZI)
                  000028da    0000000c     tm4c123gh6pm_startup_ccs.obj (.text)
                  000028e6    00000004     rtsv7M4_T_le_v4SPD16_eabi.lib : exit.obj (.text:abort)
                  000028ea    00000004                                   : pre_init.obj (.text)

.const     0    000028f0    00000040     
                  000028f0    00000012     uartstdio.obj (.const:.string)
                  00002902    00000002     --HOLE-- [fill = 0]
                  00002904    0000000c     uartstdio.obj (.const:g_ui32UARTBase)
                  00002910    0000000c     uartstdio.obj (.const:g_ui32UARTPeriph)
                  0000291c    0000000c     led.obj (.const:ledPin)
                  00002928    00000004     port.obj (.const)
                  0000292c    00000004     uartstdio.obj (.const)

.cinit     0    00002930    00000038     
                  00002930    0000000f     (.cinit..data.load) [load image, compression = lzss]
                  0000293f    00000001     --HOLE-- [fill = 0]
                  00002940    0000000c     (__TI_handler_table)
                  0000294c    00000004     --HOLE-- [fill = 0]
                  00002950    00000008     (.cinit..bss.load) [load image, compression = zero_init]
                  00002958    00000010     (__TI_cinit_table)

.init_array 
*          0    00000000    00000000     UNINITIALIZED

.bss       0    20000000    000076ec     UNINITIALIZED
                  20000000    00007530     heap_2.obj (.bss:ucHeap)
                  20007530    00000140     tasks.obj (.bss:pxReadyTasksLists)
                  20007670    00000014     tasks.obj (.bss:xDelayedTaskList1)
                  20007684    00000014     tasks.obj (.bss:xDelayedTaskList2)
                  20007698    00000014     tasks.obj (.bss:xPendingReadyList)
                  200076ac    00000014     tasks.obj (.bss:xSuspendedTaskList)
                  200076c0    00000014     tasks.obj (.bss:xTasksWaitingTermination)
                  200076d4    00000008     tasks.obj (.bss)
                  200076dc    00000008     heap_2.obj (.bss:xEnd)
                  200076e4    00000008     heap_2.obj (.bss:xStart)

.data      0    200078f0    00000048     UNINITIALIZED
                  200078f0    00000034     tasks.obj (.data)
                  20007924    00000008     heap_2.obj (.data)
                  2000792c    00000005     uartstdio.obj (.data)
                  20007931    00000003     --HOLE--
                  20007934    00000004     port.obj (.data)

.stack     0    200076f0    00000200     UNINITIALIZED
                  200076f0    00000004     rtsv7M4_T_le_v4SPD16_eabi.lib : boot_cortex_m.obj (.stack)
                  200076f4    000001fc     --HOLE--

MODULE SUMMARY

       Module                         code   ro data   rw data
       ------                         ----   -------   -------
    .\
       tm4c123gh6pm_startup_ccs.obj   12     620       0      
    +--+------------------------------+------+---------+---------+
       Total:                         12     620       0      
                                                              
    .\Application\
       freertos_demo.obj              320    0         0      
    +--+------------------------------+------+---------+---------+
       Total:                         320    0         0      
                                                              
    .\FreeRTOSSource\
       heap_2.obj                     440    0         30024  
       tasks.obj                      6308   0         480    
       port.obj                       316    4         4      
       list.obj                       298    0         0      
       portasm.obj                    218    0         0      
    +--+------------------------------+------+---------+---------+
       Total:                         7580   4         30508  
                                                              
    .\driver\
       uartstdio.obj                  1244   46        5      
       led.obj                        96     12        0      
    +--+------------------------------+------+---------+---------+
       Total:                         1340   58        5      
                                                              
    C:\ti\ccsv7\tools\compiler\ti-cgt-arm_17.9.0.STS\lib\rtsv7M4_T_le_v4SPD16_eabi.lib
       memcpy_t2.obj                  156    0         0      
       memset_t2.obj                  122    0         0      
       copy_decompress_lzss.obj       104    0         0      
       autoinit.obj                   68     0         0      
       u_divt2.obj                    64     0         0      
       boot_cortex_m.obj              56     0         0      
       copy_decompress_none.obj       14     0         0      
       copy_zero_init.obj             12     0         0      
       exit.obj                       4      0         0      
       pre_init.obj                   4      0         0      
       i_div0.obj                     2      0         0      
    +--+------------------------------+------+---------+---------+
       Total:                         606    0         0      
                                                              
       Stack:                         0      0         512    
       Linker Generated:              0      51        0      
    +--+------------------------------+------+---------+---------+
       Grand Total:                   9858   733       31025  


LINKER GENERATED COPY TABLES

__TI_cinit_table @ 00002958 records: 2, size/record: 8, table size: 16
	.data: load addr=00002930, load size=0000000f bytes, run addr=200078f0, run size=00000048 bytes, compression=lzss
	.bss: load addr=00002950, load size=00000008 bytes, run addr=20000000, run size=000076ec bytes, compression=zero_init


LINKER GENERATED HANDLER TABLE

__TI_handler_table @ 00002940 records: 3, size/record: 4, table size: 12
	index: 0, handler: __TI_decompress_lzss
	index: 1, handler: __TI_decompress_none
	index: 2, handler: __TI_zero_init


GLOBAL SYMBOLS: SORTED ALPHABETICALLY BY Name 

address   name                               
-------   ----                               
000028e7  C$$EXIT                            
000021af  ConfigureUART                      
UNDEFED   GPIOPinTypeGPIOOutput              
UNDEFED   GPIOPinWrite                       
000028db  ResetISR                           
UNDEFED   SysCtlClockSet                     
UNDEFED   SysCtlPeripheralEnable             
UNDEFED   UARTClockSourceSet                 
00001b11  UARTStdioConfig                    
00001c89  UARTgetc                           
00001bc3  UARTgets                           
00001fb7  UARTprintf                         
00001cbd  UARTvprintf                        
00001b71  UARTwrite                          
200078f0  __STACK_END                        
00000200  __STACK_SIZE                       
200078f0  __STACK_TOP                        
00002958  __TI_CINIT_Base                    
00002968  __TI_CINIT_Limit                   
00002940  __TI_Handler_Table_Base            
0000294c  __TI_Handler_Table_Limit           
00002805  __TI_auto_init_nobinit_nopinit     
0000273d  __TI_decompress_lzss               
000028c1  __TI_decompress_none               
ffffffff  __TI_pprof_out_hndl                
ffffffff  __TI_prof_data_size                
ffffffff  __TI_prof_data_start               
00000000  __TI_static_base__                 
000028cf  __TI_zero_init                     
0000254b  __aeabi_idiv0                      
000026c3  __aeabi_memclr                     
000026c3  __aeabi_memclr4                    
000026c3  __aeabi_memclr8                    
00002627  __aeabi_memcpy                     
00002627  __aeabi_memcpy4                    
00002627  __aeabi_memcpy8                    
000026c5  __aeabi_memset                     
000026c5  __aeabi_memset4                    
000026c5  __aeabi_memset8                    
00002849  __aeabi_uidiv                      
00002849  __aeabi_uidivmod                   
ffffffff  __binit__                          
ffffffff  __c_args__                         
UNDEFED   __mpu_init                         
200076f0  __stack                            
00002889  _c_int00_noargs                    
UNDEFED   _system_post_cinit                 
000028eb  _system_pre_init                   
000028e7  abort                              
ffffffff  binit                              
000005e1  eTaskGetState                      
00000000  g_pfnVectors                       
000027b7  ledControl                         
000027a5  ledInit                            
0000291c  ledPin                             
00002209  main                               
00002627  memcpy                             
000026cb  memset                             
00000baf  pcTaskGetName                      
00001fed  pvPortMalloc                       
0000162f  pvTaskIncrementMutexHeldCount      
200078f0  pxCurrentTCB                       
000022e5  pxPortInitialiseStack              
00002928  ulMaxSyscallInterruptPriority      
0000255d  ulPortGetIPSR                      
0000164d  ulTaskNotifyTake                   
00002503  uxListRemove                       
00000ba9  uxTaskGetNumberOfTasks             
00001315  uxTaskGetStackHighWaterMark        
00000bd5  uxTaskGetSystemState               
000010a5  uxTaskGetTaskNumber                
00000675  uxTaskPriorityGet                  
000006a5  uxTaskPriorityGetFromISR           
0000160d  uxTaskResetEventItemValue          
UNDEFED   vApplicationIdleHook               
000021a5  vApplicationStackOverflowHook      
00002421  vListInitialise                    
00002451  vListInitialiseItem                
0000249d  vListInsert                        
00002461  vListInsertEnd                     
00002619  vPortEnableVFP                     
00002385  vPortEndScheduler                  
00002387  vPortEnterCritical                 
000023a7  vPortExitCritical                  
000020e5  vPortFree                          
00002149  vPortInitialiseBlocks              
000025d5  vPortSVCHandler                    
000023e3  vPortSetupTimerInterrupt           
000025f5  vPortStartFirstTask                
000005a5  vTaskDelay                         
00000515  vTaskDelayUntil                    
00000467  vTaskDelete                        
00000a6b  vTaskEndScheduler                  
00001185  vTaskGetInfo                       
00000fef  vTaskInternalSetTimeOutState       
0000109d  vTaskMissedYield                   
00001969  vTaskNotifyGiveFromISR             
00000e93  vTaskPlaceOnEventList              
00000eaf  vTaskPlaceOnUnorderedEventList     
0000153b  vTaskPriorityDisinheritAfterTimeout
000006f1  vTaskPrioritySet                   
00000f69  vTaskRemoveFromUnorderedEventList  
00000919  vTaskResume                        
000010c5  vTaskSetTaskNumber                 
00000fd1  vTaskSetTimeOutState               
00000a21  vTaskStartScheduler                
00000809  vTaskSuspend                       
00000a8d  vTaskSuspendAll                    
00000df1  vTaskSwitchContext                 
00002143  xPortGetFreeHeapSize               
00002575  xPortPendSVHandler                 
0000234f  xPortStartScheduler                
000023bd  xPortSysTickHandler                
00001015  xTaskCheckForTimeOut               
0000026d  xTaskCreate                        
0000176f  xTaskGenericNotify                 
00001859  xTaskGenericNotifyFromISR          
00001389  xTaskGetCurrentTaskHandle          
00000b81  xTaskGetTickCount                  
00000b95  xTaskGetTickCountFromISR           
00000cc9  xTaskIncrementTick                 
00001a17  xTaskNotifyStateClear              
000016cd  xTaskNotifyWait                    
0000149d  xTaskPriorityDisinherit            
000013bd  xTaskPriorityInherit               
00000ee9  xTaskRemoveFromEventList           
00000a9d  xTaskResumeAll                     
00000993  xTaskResumeFromISR                 


GLOBAL SYMBOLS: SORTED BY Symbol Address 

address   name                               
-------   ----                               
00000000  __TI_static_base__                 
00000000  g_pfnVectors                       
00000200  __STACK_SIZE                       
0000026d  xTaskCreate                        
00000467  vTaskDelete                        
00000515  vTaskDelayUntil                    
000005a5  vTaskDelay                         
000005e1  eTaskGetState                      
00000675  uxTaskPriorityGet                  
000006a5  uxTaskPriorityGetFromISR           
000006f1  vTaskPrioritySet                   
00000809  vTaskSuspend                       
00000919  vTaskResume                        
00000993  xTaskResumeFromISR                 
00000a21  vTaskStartScheduler                
00000a6b  vTaskEndScheduler                  
00000a8d  vTaskSuspendAll                    
00000a9d  xTaskResumeAll                     
00000b81  xTaskGetTickCount                  
00000b95  xTaskGetTickCountFromISR           
00000ba9  uxTaskGetNumberOfTasks             
00000baf  pcTaskGetName                      
00000bd5  uxTaskGetSystemState               
00000cc9  xTaskIncrementTick                 
00000df1  vTaskSwitchContext                 
00000e93  vTaskPlaceOnEventList              
00000eaf  vTaskPlaceOnUnorderedEventList     
00000ee9  xTaskRemoveFromEventList           
00000f69  vTaskRemoveFromUnorderedEventList  
00000fd1  vTaskSetTimeOutState               
00000fef  vTaskInternalSetTimeOutState       
00001015  xTaskCheckForTimeOut               
0000109d  vTaskMissedYield                   
000010a5  uxTaskGetTaskNumber                
000010c5  vTaskSetTaskNumber                 
00001185  vTaskGetInfo                       
00001315  uxTaskGetStackHighWaterMark        
00001389  xTaskGetCurrentTaskHandle          
000013bd  xTaskPriorityInherit               
0000149d  xTaskPriorityDisinherit            
0000153b  vTaskPriorityDisinheritAfterTimeout
0000160d  uxTaskResetEventItemValue          
0000162f  pvTaskIncrementMutexHeldCount      
0000164d  ulTaskNotifyTake                   
000016cd  xTaskNotifyWait                    
0000176f  xTaskGenericNotify                 
00001859  xTaskGenericNotifyFromISR          
00001969  vTaskNotifyGiveFromISR             
00001a17  xTaskNotifyStateClear              
00001b11  UARTStdioConfig                    
00001b71  UARTwrite                          
00001bc3  UARTgets                           
00001c89  UARTgetc                           
00001cbd  UARTvprintf                        
00001fb7  UARTprintf                         
00001fed  pvPortMalloc                       
000020e5  vPortFree                          
00002143  xPortGetFreeHeapSize               
00002149  vPortInitialiseBlocks              
000021a5  vApplicationStackOverflowHook      
000021af  ConfigureUART                      
00002209  main                               
000022e5  pxPortInitialiseStack              
0000234f  xPortStartScheduler                
00002385  vPortEndScheduler                  
00002387  vPortEnterCritical                 
000023a7  vPortExitCritical                  
000023bd  xPortSysTickHandler                
000023e3  vPortSetupTimerInterrupt           
00002421  vListInitialise                    
00002451  vListInitialiseItem                
00002461  vListInsertEnd                     
0000249d  vListInsert                        
00002503  uxListRemove                       
0000254b  __aeabi_idiv0                      
0000255d  ulPortGetIPSR                      
00002575  xPortPendSVHandler                 
000025d5  vPortSVCHandler                    
000025f5  vPortStartFirstTask                
00002619  vPortEnableVFP                     
00002627  __aeabi_memcpy                     
00002627  __aeabi_memcpy4                    
00002627  __aeabi_memcpy8                    
00002627  memcpy                             
000026c3  __aeabi_memclr                     
000026c3  __aeabi_memclr4                    
000026c3  __aeabi_memclr8                    
000026c5  __aeabi_memset                     
000026c5  __aeabi_memset4                    
000026c5  __aeabi_memset8                    
000026cb  memset                             
0000273d  __TI_decompress_lzss               
000027a5  ledInit                            
000027b7  ledControl                         
00002805  __TI_auto_init_nobinit_nopinit     
00002849  __aeabi_uidiv                      
00002849  __aeabi_uidivmod                   
00002889  _c_int00_noargs                    
000028c1  __TI_decompress_none               
000028cf  __TI_zero_init                     
000028db  ResetISR                           
000028e7  C$$EXIT                            
000028e7  abort                              
000028eb  _system_pre_init                   
0000291c  ledPin                             
00002928  ulMaxSyscallInterruptPriority      
00002940  __TI_Handler_Table_Base            
0000294c  __TI_Handler_Table_Limit           
00002958  __TI_CINIT_Base                    
00002968  __TI_CINIT_Limit                   
200076f0  __stack                            
200078f0  __STACK_END                        
200078f0  __STACK_TOP                        
200078f0  pxCurrentTCB                       
ffffffff  __TI_pprof_out_hndl                
ffffffff  __TI_prof_data_size                
ffffffff  __TI_prof_data_start               
ffffffff  __binit__                          
ffffffff  __c_args__                         
ffffffff  binit                              
UNDEFED   GPIOPinTypeGPIOOutput              
UNDEFED   GPIOPinWrite                       
UNDEFED   SysCtlClockSet                     
UNDEFED   SysCtlPeripheralEnable             
UNDEFED   UARTClockSourceSet                 
UNDEFED   __mpu_init                         
UNDEFED   _system_post_cinit                 
UNDEFED   vApplicationIdleHook               

[128 symbols]
