******************************************************************************
                  TI ARM Linker PC v18.1.5                     
******************************************************************************
>> Linked Wed Apr  3 14:12:38 2019

OUTPUT FILE NAME:   <UARTInterruptsRx.out>
ENTRY POINT SYMBOL: "_c_int00_noinit_noargs"  address: 000007f5


MEMORY CONFIGURATION

         name            origin    length      used     unused   attr    fill
----------------------  --------  ---------  --------  --------  ----  --------
  FLASH                 00000000   00040000  00000aa0  0003f560  R  X
  SRAM                  20000000   00008000  00000200  00007e00  RW X


SEGMENT ALLOCATION MAP

run origin  load origin   length   init length attrs members
----------  ----------- ---------- ----------- ----- -------
00000000    00000000    00000aa0   00000aa0    r-x
  00000000    00000000    0000026c   0000026c    r-- .intvecs
  0000026c    0000026c    000006c8   000006c8    r-x .text
  00000934    00000934    0000016c   0000016c    r-- .const
20000000    20000000    00000200   00000000    rw-
  20000000    20000000    00000200   00000000    rw- .stack


SECTION ALLOCATION MAP

 output                                  attributes/
section   page    origin      length       input sections
--------  ----  ----------  ----------   ----------------
.intvecs   0    00000000    0000026c     
                  00000000    0000026c     tm4c123gh6pm_startup_ccs.obj (.intvecs)

.text      0    0000026c    000006c8     
                  0000026c    00000132     driverlib.lib : gpio.obj (.text:GPIOPadConfigSet)
                  0000039e    00000002     --HOLE-- [fill = 0]
                  000003a0    00000124     main.obj (.text)
                  000004c4    00000110     driverlib.lib : sysctl.obj (.text:SysCtlClockGet)
                  000005d4    000000f4                   : sysctl.obj (.text:SysCtlClockSet)
                  000006c8    00000068                   : interrupt.obj (.text:IntEnable)
                  00000730    00000048                   : gpio.obj (.text:GPIOPinConfigure)
                  00000778    00000046                   : uart.obj (.text:UARTConfigSetExpClk)
                  000007be    00000002     --HOLE-- [fill = 0]
                  000007c0    00000034                   : sysctl.obj (.text:SysCtlPeripheralEnable)
                  000007f4    00000030     rtsv7M4_T_le_v4SPD16_eabi.lib : boot_cortex_m.c.obj (.text:_c_int00_noinit_noargs:_c_int00_noinit_noargs)
                  00000824    0000002a     driverlib.lib : gpio.obj (.text:GPIODirModeSet)
                  0000084e    00000002     --HOLE-- [fill = 0]
                  00000850    00000020                   : uart.obj (.text:UARTDisable)
                  00000870    00000018                   : gpio.obj (.text:GPIOPinTypeGPIOOutput)
                  00000888    00000014                   : uart.obj (.text:UARTEnable)
                  0000089c    00000012                   : gpio.obj (.text:GPIOPinTypeUART)
                  000008ae    00000010                   : interrupt.obj (.text:IntMasterEnable)
                  000008be    0000000e                   : uart.obj (.text:UARTCharGetNonBlocking)
                  000008cc    0000000e                   : uart.obj (.text:UARTCharPutNonBlocking)
                  000008da    0000000e                   : uart.obj (.text:UARTCharsAvail)
                  000008e8    0000000c                   : cpu.obj (.text:CPUcpsie)
                  000008f4    0000000c     tm4c123gh6pm_startup_ccs.obj (.text)
                  00000900    0000000a     driverlib.lib : uart.obj (.text:UARTCharPut)
                  0000090a    0000000a                   : uart.obj (.text:UARTIntStatus)
                  00000914    00000008                   : uart.obj (.text:UARTIntEnable)
                  0000091c    00000006                   : gpio.obj (.text:GPIOPinWrite)
                  00000922    00000006                   : sysctl.obj (.text:SysCtlDelay)
                  00000928    00000004                   : uart.obj (.text:UARTIntClear)
                  0000092c    00000004     rtsv7M4_T_le_v4SPD16_eabi.lib : pre_init.c.obj (.text:_system_pre_init)
                  00000930    00000004                                   : exit.c.obj (.text:abort:abort)

.const     0    00000934    0000016c     
                  00000934    00000090     driverlib.lib : gpio.obj (.const:g_pui32GPIOBaseAddrs)
                  000009c4    00000070                   : interrupt.obj (.const)
                  00000a34    0000006c                   : sysctl.obj (.const:g_pui32Xtals)

.cinit     0    00000000    00000000     UNINITIALIZED

.init_array 
*          0    00000000    00000000     UNINITIALIZED

.stack     0    20000000    00000200     UNINITIALIZED
                  20000000    00000004     rtsv7M4_T_le_v4SPD16_eabi.lib : boot_cortex_m.c.obj (.stack)
                  20000004    000001fc     --HOLE--

MODULE SUMMARY

       Module                         code   ro data   rw data
       ------                         ----   -------   -------
    .\
       tm4c123gh6pm_startup_ccs.obj   12     620       0      
       main.obj                       292    0         0      
    +--+------------------------------+------+---------+---------+
       Total:                         304    620       0      
                                                              
    C:/ti/TivaWare_C_Series-2.1.4.178/driverlib/ccs/Debug/driverlib.lib
       sysctl.obj                     574    108       0      
       gpio.obj                       468    144       0      
       interrupt.obj                  120    112       0      
       uart.obj                       196    0         0      
       cpu.obj                        12     0         0      
    +--+------------------------------+------+---------+---------+
       Total:                         1370   364       0      
                                                              
    C:\ti\ccsv8\tools\compiler\ti-cgt-arm_18.1.5.LTS\lib\rtsv7M4_T_le_v4SPD16_eabi.lib
       boot_cortex_m.c.obj            48     0         0      
       exit.c.obj                     4      0         0      
       pre_init.c.obj                 4      0         0      
    +--+------------------------------+------+---------+---------+
       Total:                         56     0         0      
                                                              
       Stack:                         0      0         512    
    +--+------------------------------+------+---------+---------+
       Grand Total:                   1730   984       512    


GLOBAL SYMBOLS: SORTED ALPHABETICALLY BY Name 

address   name                  
-------   ----                  
00000931  C$$EXIT               
000008e9  CPUcpsie              
00000825  GPIODirModeSet        
0000026d  GPIOPadConfigSet      
00000731  GPIOPinConfigure      
00000871  GPIOPinTypeGPIOOutput 
0000089d  GPIOPinTypeUART       
0000091d  GPIOPinWrite          
000006c9  IntEnable             
000008af  IntMasterEnable       
000003a1  PutStrInt             
000008f5  ResetISR              
000004c5  SysCtlClockGet        
000005d5  SysCtlClockSet        
00000923  SysCtlDelay           
000007c1  SysCtlPeripheralEnable
000008bf  UARTCharGetNonBlocking
00000901  UARTCharPut           
000008cd  UARTCharPutNonBlocking
000008db  UARTCharsAvail        
00000779  UARTConfigSetExpClk   
00000851  UARTDisable           
00000889  UARTEnable            
00000929  UARTIntClear          
00000915  UARTIntEnable         
000003c9  UARTIntHandler        
0000090b  UARTIntStatus         
20000200  __STACK_END           
00000200  __STACK_SIZE          
20000200  __STACK_TOP           
ffffffff  __TI_pprof_out_hndl   
ffffffff  __TI_prof_data_size   
ffffffff  __TI_prof_data_start  
00000000  __TI_static_base__    
ffffffff  __binit__             
ffffffff  __c_args__            
UNDEFED   __mpu_init            
20000000  __stack               
000007f5  _c_int00_noinit_noargs
0000092d  _system_pre_init      
00000931  abort                 
ffffffff  binit                 
00000000  g_pfnVectors          
00000443  main                  


GLOBAL SYMBOLS: SORTED BY Symbol Address 

address   name                  
-------   ----                  
00000000  __TI_static_base__    
00000000  g_pfnVectors          
00000200  __STACK_SIZE          
0000026d  GPIOPadConfigSet      
000003a1  PutStrInt             
000003c9  UARTIntHandler        
00000443  main                  
000004c5  SysCtlClockGet        
000005d5  SysCtlClockSet        
000006c9  IntEnable             
00000731  GPIOPinConfigure      
00000779  UARTConfigSetExpClk   
000007c1  SysCtlPeripheralEnable
000007f5  _c_int00_noinit_noargs
00000825  GPIODirModeSet        
00000851  UARTDisable           
00000871  GPIOPinTypeGPIOOutput 
00000889  UARTEnable            
0000089d  GPIOPinTypeUART       
000008af  IntMasterEnable       
000008bf  UARTCharGetNonBlocking
000008cd  UARTCharPutNonBlocking
000008db  UARTCharsAvail        
000008e9  CPUcpsie              
000008f5  ResetISR              
00000901  UARTCharPut           
0000090b  UARTIntStatus         
00000915  UARTIntEnable         
0000091d  GPIOPinWrite          
00000923  SysCtlDelay           
00000929  UARTIntClear          
0000092d  _system_pre_init      
00000931  C$$EXIT               
00000931  abort                 
20000000  __stack               
20000200  __STACK_END           
20000200  __STACK_TOP           
ffffffff  __TI_pprof_out_hndl   
ffffffff  __TI_prof_data_size   
ffffffff  __TI_prof_data_start  
ffffffff  __binit__             
ffffffff  __c_args__            
ffffffff  binit                 
UNDEFED   __mpu_init            

[44 symbols]
