******************************************************************************
                  TI ARM Linker PC v17.9.0                     
******************************************************************************
>> Linked Mon Apr 16 14:43:10 2018

OUTPUT FILE NAME:   <FreeRTOSExample14.out>
ENTRY POINT SYMBOL: "_c_int00_noargs"  address: 00003ed9


MEMORY CONFIGURATION

         name            origin    length      used     unused   attr    fill
----------------------  --------  ---------  --------  --------  ----  --------
  FLASH                 00000000   00040000  000040fe  0003bf02  R  X
  SRAM                  20000000   00008000  000079d4  0000062c  RW X


SEGMENT ALLOCATION MAP

run origin  load origin   length   init length attrs members
----------  ----------- ---------- ----------- ----- -------
00000000    00000000    00004100   00004100    r-x
  00000000    00000000    0000026c   0000026c    r-- .intvecs
  0000026c    0000026c    00003d82   00003d82    r-x .text
  00003ff0    00003ff0    000000d0   000000d0    r-- .const
  000040c0    000040c0    00000040   00000040    r-- .cinit
20000000    20000000    000079d8   00000000    rw-
  20000000    20000000    00007774   00000000    rw- .bss
  20007778    20007778    00000200   00000000    rw- .stack
  20007978    20007978    00000060   00000000    rw- .data


SECTION ALLOCATION MAP

 output                                  attributes/
section   page    origin      length       input sections
--------  ----  ----------  ----------   ----------------
.intvecs   0    00000000    0000026c     
                  00000000    0000026c     tm4c123gh6pm_startup_ccs.obj (.intvecs)

.text      0    0000026c    00003d82     
                  0000026c    00001908     tasks.obj (.text)
                  00001b74    00000ce8     queue.obj (.text)
                  0000285c    00000590     timers.obj (.text)
                  00002dec    000004dc     uartstdio.obj (.text)
                  000032c8    000001fc     freertos_demo.obj (.text)
                  000034c4    000001b8     heap_2.obj (.text)
                  0000367c    0000013c     port.obj (.text)
                  000037b8    00000132     driverlib.lib : gpio.obj (.text:GPIOPadConfigSet)
                  000038ea    0000012a     list.obj (.text)
                  00003a14    000000f4     driverlib.lib : sysctl.obj (.text:SysCtlClockSet)
                  00003b08    000000da     portasm.obj (.text)
                  00003be2    0000009c     rtsv7M4_T_le_v4SPD16_eabi.lib : memcpy_t2.obj (.text)
                  00003c7e    0000007a                                   : memset_t2.obj (.text)
                  00003cf8    00000068                                   : copy_decompress_lzss.obj (.text:decompress:lzss)
                  00003d60    00000060     led.obj (.text)
                  00003dc0    0000004c     rtsv7M4_T_le_v4SPD16_eabi.lib : rand.obj (.text)
                  00003e0c    00000048     driverlib.lib : gpio.obj (.text:GPIOPinConfigure)
                  00003e54    00000044     rtsv7M4_T_le_v4SPD16_eabi.lib : autoinit.obj (.text:__TI_auto_init_nobinit_nopinit)
                  00003e98    00000040                                   : u_divt2.obj (.text)
                  00003ed8    00000038                                   : boot_cortex_m.obj (.text:_c_int00_noargs)
                  00003f10    00000034     driverlib.lib : sysctl.obj (.text:SysCtlPeripheralEnable)
                  00003f44    0000002a                   : gpio.obj (.text:GPIODirModeSet)
                  00003f6e    00000018                   : gpio.obj (.text:GPIOPinTypeGPIOOutput)
                  00003f86    00000002     rtsv7M4_T_le_v4SPD16_eabi.lib : i_div0.obj (.text)
                  00003f88    00000014                                   : _lock.obj (.text)
                  00003f9c    00000012     driverlib.lib : gpio.obj (.text:GPIOPinTypeUART)
                  00003fae    0000000e     rtsv7M4_T_le_v4SPD16_eabi.lib : copy_decompress_none.obj (.text:decompress:none)
                  00003fbc    0000000c                                   : copy_zero_init.obj (.text:decompress:ZI)
                  00003fc8    0000000c     tm4c123gh6pm_startup_ccs.obj (.text)
                  00003fd4    00000006     driverlib.lib : gpio.obj (.text:GPIOPinWrite)
                  00003fda    00000006                   : sysctl.obj (.text:SysCtlDelay)
                  00003fe0    00000006                   : uart.obj (.text:UARTClockSourceSet)
                  00003fe6    00000004     rtsv7M4_T_le_v4SPD16_eabi.lib : exit.obj (.text:abort)
                  00003fea    00000004                                   : pre_init.obj (.text)

.const     0    00003ff0    000000d0     
                  00003ff0    00000090     driverlib.lib : gpio.obj (.const:g_pui32GPIOBaseAddrs)
                  00004080    00000012     uartstdio.obj (.const:.string)
                  00004092    00000002     --HOLE-- [fill = 0]
                  00004094    0000000c     uartstdio.obj (.const:g_ui32UARTBase)
                  000040a0    0000000c     uartstdio.obj (.const:g_ui32UARTPeriph)
                  000040ac    0000000c     led.obj (.const:ledPin)
                  000040b8    00000004     port.obj (.const)
                  000040bc    00000004     uartstdio.obj (.const)

.cinit     0    000040c0    00000040     
                  000040c0    00000017     (.cinit..data.load) [load image, compression = lzss]
                  000040d7    00000001     --HOLE-- [fill = 0]
                  000040d8    0000000c     (__TI_handler_table)
                  000040e4    00000004     --HOLE-- [fill = 0]
                  000040e8    00000008     (.cinit..bss.load) [load image, compression = zero_init]
                  000040f0    00000010     (__TI_cinit_table)

.init_array 
*          0    00000000    00000000     UNINITIALIZED

.bss       0    20000000    00007774     UNINITIALIZED
                  20000000    00007530     heap_2.obj (.bss:ucHeap)
                  20007530    00000140     tasks.obj (.bss:pxReadyTasksLists)
                  20007670    00000050     (.common:xQueueRegistry)
                  200076c0    00000014     timers.obj (.bss:xActiveTimerList1)
                  200076d4    00000014     timers.obj (.bss:xActiveTimerList2)
                  200076e8    00000014     tasks.obj (.bss:xDelayedTaskList1)
                  200076fc    00000014     tasks.obj (.bss:xDelayedTaskList2)
                  20007710    00000014     tasks.obj (.bss:xPendingReadyList)
                  20007724    00000014     tasks.obj (.bss:xSuspendedTaskList)
                  20007738    00000014     tasks.obj (.bss:xTasksWaitingTermination)
                  2000774c    00000008     tasks.obj (.bss)
                  20007754    00000008     timers.obj (.bss)
                  2000775c    00000008     heap_2.obj (.bss:xEnd)
                  20007764    00000008     heap_2.obj (.bss:xStart)
                  2000776c    00000004     (.common:myTimer)
                  20007770    00000004     (.common:serialPortMutex)

.data      0    20007978    00000060     UNINITIALIZED
                  20007978    00000034     tasks.obj (.data)
                  200079ac    0000000c     timers.obj (.data)
                  200079b8    00000008     rtsv7M4_T_le_v4SPD16_eabi.lib : _lock.obj (.data:$O1$$)
                  200079c0    00000008     heap_2.obj (.data)
                  200079c8    00000005     uartstdio.obj (.data)
                  200079cd    00000003     --HOLE--
                  200079d0    00000004     port.obj (.data)
                  200079d4    00000004     rtsv7M4_T_le_v4SPD16_eabi.lib : rand.obj (.data)

.stack     0    20007778    00000200     UNINITIALIZED
                  20007778    00000004     rtsv7M4_T_le_v4SPD16_eabi.lib : boot_cortex_m.obj (.stack)
                  2000777c    000001fc     --HOLE--

MODULE SUMMARY

       Module                         code    ro data   rw data
       ------                         ----    -------   -------
    .\
       tm4c123gh6pm_startup_ccs.obj   12      620       0      
    +--+------------------------------+-------+---------+---------+
       Total:                         12      620       0      
                                                               
    .\Application\
       freertos_demo.obj              508     0         8      
    +--+------------------------------+-------+---------+---------+
       Total:                         508     0         8      
                                                               
    .\FreeRTOSSource\
       heap_2.obj                     440     0         30024  
       tasks.obj                      6408    0         480    
       queue.obj                      3304    0         80     
       timers.obj                     1424    0         60     
       port.obj                       316     4         4      
       list.obj                       298     0         0      
       portasm.obj                    218     0         0      
    +--+------------------------------+-------+---------+---------+
       Total:                         12408   4         30648  
                                                               
    .\driver\
       uartstdio.obj                  1244    46        5      
       led.obj                        96      12        0      
    +--+------------------------------+-------+---------+---------+
       Total:                         1340    58        5      
                                                               
    C:/ti/TivaWare_C_Series-2.1.4.178/driverlib/ccs/Debug/driverlib.lib
       gpio.obj                       468     144       0      
       sysctl.obj                     302     0         0      
       uart.obj                       6       0         0      
    +--+------------------------------+-------+---------+---------+
       Total:                         776     144       0      
                                                               
    C:\ti\ccsv7\tools\compiler\ti-cgt-arm_17.9.0.STS\lib\rtsv7M4_T_le_v4SPD16_eabi.lib
       memcpy_t2.obj                  156     0         0      
       memset_t2.obj                  122     0         0      
       copy_decompress_lzss.obj       104     0         0      
       rand.obj                       76      0         4      
       autoinit.obj                   68      0         0      
       u_divt2.obj                    64      0         0      
       boot_cortex_m.obj              56      0         0      
       _lock.obj                      20      0         8      
       copy_decompress_none.obj       14      0         0      
       copy_zero_init.obj             12      0         0      
       exit.obj                       4       0         0      
       pre_init.obj                   4       0         0      
       i_div0.obj                     2       0         0      
    +--+------------------------------+-------+---------+---------+
       Total:                         702     0         12     
                                                               
       Stack:                         0       0         512    
       Linker Generated:              0       59        0      
    +--+------------------------------+-------+---------+---------+
       Grand Total:                   15746   885       31185  


LINKER GENERATED COPY TABLES

__TI_cinit_table @ 000040f0 records: 2, size/record: 8, table size: 16
	.data: load addr=000040c0, load size=00000017 bytes, run addr=20007978, run size=00000060 bytes, compression=lzss
	.bss: load addr=000040e8, load size=00000008 bytes, run addr=20000000, run size=00007774 bytes, compression=zero_init


LINKER GENERATED HANDLER TABLE

__TI_handler_table @ 000040d8 records: 3, size/record: 4, table size: 12
	index: 0, handler: __TI_decompress_lzss
	index: 1, handler: __TI_decompress_none
	index: 2, handler: __TI_zero_init


GLOBAL SYMBOLS: SORTED ALPHABETICALLY BY Name 

address   name                               
-------   ----                               
00003fe7  C$$EXIT                            
000032d3  ConfigureUART                      
00003f45  GPIODirModeSet                     
000037b9  GPIOPadConfigSet                   
00003e0d  GPIOPinConfigure                   
00003f6f  GPIOPinTypeGPIOOutput              
00003f9d  GPIOPinTypeUART                    
00003fd5  GPIOPinWrite                       
00003fc9  ResetISR                           
00003a15  SysCtlClockSet                     
00003fdb  SysCtlDelay                        
00003f11  SysCtlPeripheralEnable             
00003fe1  UARTClockSourceSet                 
00002ded  UARTStdioConfig                    
00002f65  UARTgetc                           
00002e9f  UARTgets                           
00003293  UARTprintf                         
00002f99  UARTvprintf                        
00002e4d  UARTwrite                          
20007978  __STACK_END                        
00000200  __STACK_SIZE                       
20007978  __STACK_TOP                        
000040f0  __TI_CINIT_Base                    
00004100  __TI_CINIT_Limit                   
000040d8  __TI_Handler_Table_Base            
000040e4  __TI_Handler_Table_Limit           
00003e55  __TI_auto_init_nobinit_nopinit     
00003cf9  __TI_decompress_lzss               
00003faf  __TI_decompress_none               
ffffffff  __TI_pprof_out_hndl                
ffffffff  __TI_prof_data_size                
ffffffff  __TI_prof_data_start               
00000000  __TI_static_base__                 
00003fbd  __TI_zero_init                     
00003f87  __aeabi_idiv0                      
00003c7f  __aeabi_memclr                     
00003c7f  __aeabi_memclr4                    
00003c7f  __aeabi_memclr8                    
00003be3  __aeabi_memcpy                     
00003be3  __aeabi_memcpy4                    
00003be3  __aeabi_memcpy8                    
00003c81  __aeabi_memset                     
00003c81  __aeabi_memset4                    
00003c81  __aeabi_memset8                    
00003e99  __aeabi_uidiv                      
00003e99  __aeabi_uidivmod                   
ffffffff  __binit__                          
ffffffff  __c_args__                         
UNDEFED   __mpu_init                         
20007778  __stack                            
00003ed9  _c_int00_noargs                    
200079b8  _lock                              
00003f97  _nop                               
00003f8f  _register_lock                     
00003f89  _register_unlock                   
UNDEFED   _system_post_cinit                 
00003feb  _system_pre_init                   
200079bc  _unlock                            
00003fe7  abort                              
ffffffff  binit                              
000005e1  eTaskGetState                      
00000000  g_pfnVectors                       
00003d73  ledControl                         
00003d61  ledInit                            
000040ac  ledPin                             
0000332d  main                               
00003be3  memcpy                             
00003c87  memset                             
2000776c  myTimer                            
00002773  pcQueueGetName                     
00000bbb  pcTaskGetName                      
00002995  pcTimerGetName                     
000034c5  pvPortMalloc                       
00001695  pvTaskIncrementMutexHeldCount      
00002d7d  pvTimerGetTimerID                  
20007978  pxCurrentTCB                       
0000367d  pxPortInitialiseStack              
00003dd7  rand                               
20007770  serialPortMutex                    
00003dc1  srand                              
000024d5  ucQueueGetQueueType                
000040b8  ulMaxSyscallInterruptPriority      
00003b19  ulPortGetIPSR                      
000016b1  ulTaskNotifyTake                   
000039cd  uxListRemove                       
000024b5  uxQueueGetQueueNumber              
00002457  uxQueueMessagesWaiting             
0000248d  uxQueueMessagesWaitingFromISR      
0000246d  uxQueueSpacesAvailable             
00000bb5  uxTaskGetNumberOfTasks             
00001349  uxTaskGetStackHighWaterMark        
00000be1  uxTaskGetSystemState               
000010d7  uxTaskGetTaskNumber                
00000675  uxTaskPriorityGet                  
000006a5  uxTaskPriorityGetFromISR           
0000166b  uxTaskResetEventItemValue          
00002db1  uxTimerGetTimerNumber              
000032c9  vApplicationStackOverflowHook      
000038eb  vListInitialise                    
0000391b  vListInitialiseItem                
00003967  vListInsert                        
0000392b  vListInsertEnd                     
00003bd5  vPortEnableVFP                     
0000371d  vPortEndScheduler                  
0000371f  vPortEnterCritical                 
0000373f  vPortExitCritical                  
000035bd  vPortFree                          
00003621  vPortInitialiseBlocks              
00003b91  vPortSVCHandler                    
0000377b  vPortSetupTimerInterrupt           
00003bb1  vPortStartFirstTask                
00002731  vQueueAddToRegistry                
0000249f  vQueueDelete                       
000024c3  vQueueSetQueueNumber               
000027b3  vQueueUnregisterQueue              
000027f7  vQueueWaitForMessageRestricted     
000005a5  vTaskDelay                         
00000515  vTaskDelayUntil                    
00000467  vTaskDelete                        
00000a7d  vTaskEndScheduler                  
000011b9  vTaskGetInfo                       
00001025  vTaskInternalSetTimeOutState       
000010cf  vTaskMissedYield                   
000019cd  vTaskNotifyGiveFromISR             
00000e9f  vTaskPlaceOnEventList              
00000eed  vTaskPlaceOnEventListRestricted    
00000ebb  vTaskPlaceOnUnorderedEventList     
0000159d  vTaskPriorityDisinheritAfterTimeout
000006f1  vTaskPrioritySet                   
00000fa5  vTaskRemoveFromUnorderedEventList  
00000919  vTaskResume                        
000010fd  vTaskSetTaskNumber                 
00001007  vTaskSetTimeOutState               
00000a21  vTaskStartScheduler                
00000809  vTaskSuspend                       
00000a99  vTaskSuspendAll                    
00000dfd  vTaskSwitchContext                 
00002d97  vTimerSetTimerID                   
00002dbf  vTimerSetTimerNumber               
0000361b  xPortGetFreeHeapSize               
00003b31  xPortPendSVHandler                 
000036e7  xPortStartScheduler                
00003755  xPortSysTickHandler                
00001ccd  xQueueCreateMutex                  
00001c13  xQueueGenericCreate                
00001b75  xQueueGenericReset                 
00001d79  xQueueGenericSend                  
00001ea7  xQueueGenericSendFromISR           
00001f41  xQueueGiveFromISR                  
00001cf9  xQueueGiveMutexRecursive           
000026cd  xQueueIsQueueEmptyFromISR          
0000270f  xQueueIsQueueFullFromISR           
0000224b  xQueuePeek                         
00002405  xQueuePeekFromISR                  
00001fd3  xQueueReceive                      
0000236d  xQueueReceiveFromISR               
20007670  xQueueRegistry                     
000020f1  xQueueSemaphoreTake                
00001d35  xQueueTakeMutexRecursive           
00001051  xTaskCheckForTimeOut               
0000026d  xTaskCreate                        
000017d3  xTaskGenericNotify                 
000018bd  xTaskGenericNotifyFromISR          
000013bd  xTaskGetCurrentTaskHandle          
000013e1  xTaskGetSchedulerState             
00000b91  xTaskGetTickCount                  
00000ba1  xTaskGetTickCountFromISR           
00000cd5  xTaskIncrementTick                 
00001a7b  xTaskNotifyStateClear              
00001731  xTaskNotifyWait                    
000014f9  xTaskPriorityDisinherit            
00001419  xTaskPriorityInherit               
00000f1d  xTaskRemoveFromEventList           
00000aad  xTaskResumeAll                     
00000993  xTaskResumeFromISR                 
00002887  xTimerCreate                       
0000285d  xTimerCreateTimerTask              
000028fb  xTimerGenericCommand               
0000297f  xTimerGetExpiryTime                
0000296d  xTimerGetPeriod                    
00002967  xTimerGetTimerDaemonTaskHandle     
00002d51  xTimerIsTimerActive                


GLOBAL SYMBOLS: SORTED BY Symbol Address 

address   name                               
-------   ----                               
00000000  __TI_static_base__                 
00000000  g_pfnVectors                       
00000200  __STACK_SIZE                       
0000026d  xTaskCreate                        
00000467  vTaskDelete                        
00000515  vTaskDelayUntil                    
000005a5  vTaskDelay                         
000005e1  eTaskGetState                      
00000675  uxTaskPriorityGet                  
000006a5  uxTaskPriorityGetFromISR           
000006f1  vTaskPrioritySet                   
00000809  vTaskSuspend                       
00000919  vTaskResume                        
00000993  xTaskResumeFromISR                 
00000a21  vTaskStartScheduler                
00000a7d  vTaskEndScheduler                  
00000a99  vTaskSuspendAll                    
00000aad  xTaskResumeAll                     
00000b91  xTaskGetTickCount                  
00000ba1  xTaskGetTickCountFromISR           
00000bb5  uxTaskGetNumberOfTasks             
00000bbb  pcTaskGetName                      
00000be1  uxTaskGetSystemState               
00000cd5  xTaskIncrementTick                 
00000dfd  vTaskSwitchContext                 
00000e9f  vTaskPlaceOnEventList              
00000ebb  vTaskPlaceOnUnorderedEventList     
00000eed  vTaskPlaceOnEventListRestricted    
00000f1d  xTaskRemoveFromEventList           
00000fa5  vTaskRemoveFromUnorderedEventList  
00001007  vTaskSetTimeOutState               
00001025  vTaskInternalSetTimeOutState       
00001051  xTaskCheckForTimeOut               
000010cf  vTaskMissedYield                   
000010d7  uxTaskGetTaskNumber                
000010fd  vTaskSetTaskNumber                 
000011b9  vTaskGetInfo                       
00001349  uxTaskGetStackHighWaterMark        
000013bd  xTaskGetCurrentTaskHandle          
000013e1  xTaskGetSchedulerState             
00001419  xTaskPriorityInherit               
000014f9  xTaskPriorityDisinherit            
0000159d  vTaskPriorityDisinheritAfterTimeout
0000166b  uxTaskResetEventItemValue          
00001695  pvTaskIncrementMutexHeldCount      
000016b1  ulTaskNotifyTake                   
00001731  xTaskNotifyWait                    
000017d3  xTaskGenericNotify                 
000018bd  xTaskGenericNotifyFromISR          
000019cd  vTaskNotifyGiveFromISR             
00001a7b  xTaskNotifyStateClear              
00001b75  xQueueGenericReset                 
00001c13  xQueueGenericCreate                
00001ccd  xQueueCreateMutex                  
00001cf9  xQueueGiveMutexRecursive           
00001d35  xQueueTakeMutexRecursive           
00001d79  xQueueGenericSend                  
00001ea7  xQueueGenericSendFromISR           
00001f41  xQueueGiveFromISR                  
00001fd3  xQueueReceive                      
000020f1  xQueueSemaphoreTake                
0000224b  xQueuePeek                         
0000236d  xQueueReceiveFromISR               
00002405  xQueuePeekFromISR                  
00002457  uxQueueMessagesWaiting             
0000246d  uxQueueSpacesAvailable             
0000248d  uxQueueMessagesWaitingFromISR      
0000249f  vQueueDelete                       
000024b5  uxQueueGetQueueNumber              
000024c3  vQueueSetQueueNumber               
000024d5  ucQueueGetQueueType                
000026cd  xQueueIsQueueEmptyFromISR          
0000270f  xQueueIsQueueFullFromISR           
00002731  vQueueAddToRegistry                
00002773  pcQueueGetName                     
000027b3  vQueueUnregisterQueue              
000027f7  vQueueWaitForMessageRestricted     
0000285d  xTimerCreateTimerTask              
00002887  xTimerCreate                       
000028fb  xTimerGenericCommand               
00002967  xTimerGetTimerDaemonTaskHandle     
0000296d  xTimerGetPeriod                    
0000297f  xTimerGetExpiryTime                
00002995  pcTimerGetName                     
00002d51  xTimerIsTimerActive                
00002d7d  pvTimerGetTimerID                  
00002d97  vTimerSetTimerID                   
00002db1  uxTimerGetTimerNumber              
00002dbf  vTimerSetTimerNumber               
00002ded  UARTStdioConfig                    
00002e4d  UARTwrite                          
00002e9f  UARTgets                           
00002f65  UARTgetc                           
00002f99  UARTvprintf                        
00003293  UARTprintf                         
000032c9  vApplicationStackOverflowHook      
000032d3  ConfigureUART                      
0000332d  main                               
000034c5  pvPortMalloc                       
000035bd  vPortFree                          
0000361b  xPortGetFreeHeapSize               
00003621  vPortInitialiseBlocks              
0000367d  pxPortInitialiseStack              
000036e7  xPortStartScheduler                
0000371d  vPortEndScheduler                  
0000371f  vPortEnterCritical                 
0000373f  vPortExitCritical                  
00003755  xPortSysTickHandler                
0000377b  vPortSetupTimerInterrupt           
000037b9  GPIOPadConfigSet                   
000038eb  vListInitialise                    
0000391b  vListInitialiseItem                
0000392b  vListInsertEnd                     
00003967  vListInsert                        
000039cd  uxListRemove                       
00003a15  SysCtlClockSet                     
00003b19  ulPortGetIPSR                      
00003b31  xPortPendSVHandler                 
00003b91  vPortSVCHandler                    
00003bb1  vPortStartFirstTask                
00003bd5  vPortEnableVFP                     
00003be3  __aeabi_memcpy                     
00003be3  __aeabi_memcpy4                    
00003be3  __aeabi_memcpy8                    
00003be3  memcpy                             
00003c7f  __aeabi_memclr                     
00003c7f  __aeabi_memclr4                    
00003c7f  __aeabi_memclr8                    
00003c81  __aeabi_memset                     
00003c81  __aeabi_memset4                    
00003c81  __aeabi_memset8                    
00003c87  memset                             
00003cf9  __TI_decompress_lzss               
00003d61  ledInit                            
00003d73  ledControl                         
00003dc1  srand                              
00003dd7  rand                               
00003e0d  GPIOPinConfigure                   
00003e55  __TI_auto_init_nobinit_nopinit     
00003e99  __aeabi_uidiv                      
00003e99  __aeabi_uidivmod                   
00003ed9  _c_int00_noargs                    
00003f11  SysCtlPeripheralEnable             
00003f45  GPIODirModeSet                     
00003f6f  GPIOPinTypeGPIOOutput              
00003f87  __aeabi_idiv0                      
00003f89  _register_unlock                   
00003f8f  _register_lock                     
00003f97  _nop                               
00003f9d  GPIOPinTypeUART                    
00003faf  __TI_decompress_none               
00003fbd  __TI_zero_init                     
00003fc9  ResetISR                           
00003fd5  GPIOPinWrite                       
00003fdb  SysCtlDelay                        
00003fe1  UARTClockSourceSet                 
00003fe7  C$$EXIT                            
00003fe7  abort                              
00003feb  _system_pre_init                   
000040ac  ledPin                             
000040b8  ulMaxSyscallInterruptPriority      
000040d8  __TI_Handler_Table_Base            
000040e4  __TI_Handler_Table_Limit           
000040f0  __TI_CINIT_Base                    
00004100  __TI_CINIT_Limit                   
20007670  xQueueRegistry                     
2000776c  myTimer                            
20007770  serialPortMutex                    
20007778  __stack                            
20007978  __STACK_END                        
20007978  __STACK_TOP                        
20007978  pxCurrentTCB                       
200079b8  _lock                              
200079bc  _unlock                            
ffffffff  __TI_pprof_out_hndl                
ffffffff  __TI_prof_data_size                
ffffffff  __TI_prof_data_start               
ffffffff  __binit__                          
ffffffff  __c_args__                         
ffffffff  binit                              
UNDEFED   __mpu_init                         
UNDEFED   _system_post_cinit                 

[182 symbols]
