******************************************************************************
                  TI ARM Linker PC v17.9.0                     
******************************************************************************
>> Linked Mon Apr 16 13:47:35 2018

OUTPUT FILE NAME:   <FreeRTOSExample8.out>
ENTRY POINT SYMBOL: "_c_int00_noargs"  address: 00003a45


MEMORY CONFIGURATION

         name            origin    length      used     unused   attr    fill
----------------------  --------  ---------  --------  --------  ----  --------
  FLASH                 00000000   00040000  00003d88  0003c278  R  X
  SRAM                  20000000   00008000  00007988  00000678  RW X


SEGMENT ALLOCATION MAP

run origin  load origin   length   init length attrs members
----------  ----------- ---------- ----------- ----- -------
00000000    00000000    00003d88   00003d88    r-x
  00000000    00000000    0000026c   0000026c    r-- .intvecs
  0000026c    0000026c    00003914   00003914    r-x .text
  00003b80    00003b80    000001d0   000001d0    r-- .const
  00003d50    00003d50    00000038   00000038    r-- .cinit
20000000    20000000    00007988   00000000    rw-
  20000000    20000000    00007740   00000000    rw- .bss
  20007740    20007740    00000200   00000000    rw- .stack
  20007940    20007940    00000048   00000000    rw- .data


SECTION ALLOCATION MAP

 output                                  attributes/
section   page    origin      length       input sections
--------  ----  ----------  ----------   ----------------
.intvecs   0    00000000    0000026c     
                  00000000    0000026c     tm4c123gh6pm_startup_ccs.obj (.intvecs)

.text      0    0000026c    00003914     
                  0000026c    000018a0     tasks.obj (.text)
                  00001b0c    00000c8c     queue.obj (.text)
                  00002798    000004dc     uartstdio.obj (.text)
                  00002c74    000002cc     freertos_demo.obj (.text)
                  00002f40    000001b8     heap_2.obj (.text)
                  000030f8    0000013c     port.obj (.text)
                  00003234    00000132     driverlib.lib : gpio.obj (.text:GPIOPadConfigSet)
                  00003366    0000012a     list.obj (.text)
                  00003490    000000f4     driverlib.lib : sysctl.obj (.text:SysCtlClockSet)
                  00003584    000000da     portasm.obj (.text)
                  0000365e    00000002     rtsv7M4_T_le_v4SPD16_eabi.lib : i_div0.obj (.text)
                  00003660    000000d8     switches.obj (.text)
                  00003738    0000009c     rtsv7M4_T_le_v4SPD16_eabi.lib : memcpy_t2.obj (.text)
                  000037d4    0000007a                                   : memset_t2.obj (.text)
                  0000384e    00000002     --HOLE-- [fill = 0]
                  00003850    00000068     driverlib.lib : interrupt.obj (.text:IntEnable)
                  000038b8    00000068     rtsv7M4_T_le_v4SPD16_eabi.lib : copy_decompress_lzss.obj (.text:decompress:lzss)
                  00003920    00000056     driverlib.lib : gpio.obj (.text:GPIOIntTypeSet)
                  00003976    00000002     --HOLE-- [fill = 0]
                  00003978    00000048                   : gpio.obj (.text:GPIOPinConfigure)
                  000039c0    00000044     rtsv7M4_T_le_v4SPD16_eabi.lib : autoinit.obj (.text:__TI_auto_init_nobinit_nopinit)
                  00003a04    00000040                                   : u_divt2.obj (.text)
                  00003a44    00000038                                   : boot_cortex_m.obj (.text:_c_int00_noargs)
                  00003a7c    00000034     driverlib.lib : sysctl.obj (.text:SysCtlPeripheralEnable)
                  00003ab0    0000002a                   : gpio.obj (.text:GPIODirModeSet)
                  00003ada    00000002     --HOLE-- [fill = 0]
                  00003adc    00000024                   : interrupt.obj (.text:IntPrioritySet)
                  00003b00    00000012                   : gpio.obj (.text:GPIOPinTypeUART)
                  00003b12    00000010                   : interrupt.obj (.text:IntMasterDisable)
                  00003b22    0000000e     rtsv7M4_T_le_v4SPD16_eabi.lib : copy_decompress_none.obj (.text:decompress:none)
                  00003b30    0000000c     driverlib.lib : cpu.obj (.text:CPUcpsid)
                  00003b3c    0000000c                   : gpio.obj (.text:GPIOIntEnable)
                  00003b48    0000000c     rtsv7M4_T_le_v4SPD16_eabi.lib : copy_zero_init.obj (.text:decompress:ZI)
                  00003b54    0000000c     tm4c123gh6pm_startup_ccs.obj (.text)
                  00003b60    00000006     driverlib.lib : gpio.obj (.text:GPIOIntClear)
                  00003b66    00000006                   : gpio.obj (.text:GPIOPinRead)
                  00003b6c    00000006                   : sysctl.obj (.text:SysCtlDelay)
                  00003b72    00000006                   : uart.obj (.text:UARTClockSourceSet)
                  00003b78    00000004     rtsv7M4_T_le_v4SPD16_eabi.lib : exit.obj (.text:abort)
                  00003b7c    00000004                                   : pre_init.obj (.text)

.const     0    00003b80    000001d0     
                  00003b80    0000009c     driverlib.lib : interrupt.obj (.const:g_pui32Regs)
                  00003c1c    00000090                   : gpio.obj (.const:g_pui32GPIOBaseAddrs)
                  00003cac    00000070                   : interrupt.obj (.const)
                  00003d1c    00000012     uartstdio.obj (.const:.string)
                  00003d2e    00000002     --HOLE-- [fill = 0]
                  00003d30    0000000c     uartstdio.obj (.const:g_ui32UARTBase)
                  00003d3c    0000000c     uartstdio.obj (.const:g_ui32UARTPeriph)
                  00003d48    00000004     port.obj (.const)
                  00003d4c    00000004     uartstdio.obj (.const)

.cinit     0    00003d50    00000038     
                  00003d50    0000000f     (.cinit..data.load) [load image, compression = lzss]
                  00003d5f    00000001     --HOLE-- [fill = 0]
                  00003d60    0000000c     (__TI_handler_table)
                  00003d6c    00000004     --HOLE-- [fill = 0]
                  00003d70    00000008     (.cinit..bss.load) [load image, compression = zero_init]
                  00003d78    00000010     (__TI_cinit_table)

.init_array 
*          0    00000000    00000000     UNINITIALIZED

.bss       0    20000000    00007740     UNINITIALIZED
                  20000000    00007530     heap_2.obj (.bss:ucHeap)
                  20007530    00000140     tasks.obj (.bss:pxReadyTasksLists)
                  20007670    00000050     (.common:xQueueRegistry)
                  200076c0    00000014     tasks.obj (.bss:xDelayedTaskList1)
                  200076d4    00000014     tasks.obj (.bss:xDelayedTaskList2)
                  200076e8    00000014     tasks.obj (.bss:xPendingReadyList)
                  200076fc    00000014     tasks.obj (.bss:xSuspendedTaskList)
                  20007710    00000014     tasks.obj (.bss:xTasksWaitingTermination)
                  20007724    00000008     tasks.obj (.bss)
                  2000772c    00000008     heap_2.obj (.bss:xEnd)
                  20007734    00000008     heap_2.obj (.bss:xStart)
                  2000773c    00000004     (.common:xBinarySemaphore)

.data      0    20007940    00000048     UNINITIALIZED
                  20007940    00000034     tasks.obj (.data)
                  20007974    00000008     heap_2.obj (.data)
                  2000797c    00000005     uartstdio.obj (.data)
                  20007981    00000003     --HOLE--
                  20007984    00000004     port.obj (.data)

.stack     0    20007740    00000200     UNINITIALIZED
                  20007740    00000004     rtsv7M4_T_le_v4SPD16_eabi.lib : boot_cortex_m.obj (.stack)
                  20007744    000001fc     --HOLE--

MODULE SUMMARY

       Module                         code    ro data   rw data
       ------                         ----    -------   -------
    .\
       tm4c123gh6pm_startup_ccs.obj   12      620       0      
    +--+------------------------------+-------+---------+---------+
       Total:                         12      620       0      
                                                               
    .\Application\
       freertos_demo.obj              716     0         4      
    +--+------------------------------+-------+---------+---------+
       Total:                         716     0         4      
                                                               
    .\FreeRTOSSource\
       heap_2.obj                     440     0         30024  
       tasks.obj                      6304    0         480    
       queue.obj                      3212    0         80     
       port.obj                       316     4         4      
       list.obj                       298     0         0      
       portasm.obj                    218     0         0      
    +--+------------------------------+-------+---------+---------+
       Total:                         10788   4         30588  
                                                               
    .\driver\
       uartstdio.obj                  1244    46        5      
       switches.obj                   216     0         0      
    +--+------------------------------+-------+---------+---------+
       Total:                         1460    46        5      
                                                               
    C:/ti/TivaWare_C_Series-2.1.4.178/driverlib/ccs/Debug/driverlib.lib
       gpio.obj                       548     144       0      
       interrupt.obj                  156     268       0      
       sysctl.obj                     302     0         0      
       cpu.obj                        12      0         0      
       uart.obj                       6       0         0      
    +--+------------------------------+-------+---------+---------+
       Total:                         1024    412       0      
                                                               
    C:\ti\ccsv7\tools\compiler\ti-cgt-arm_17.9.0.STS\lib\rtsv7M4_T_le_v4SPD16_eabi.lib
       memcpy_t2.obj                  156     0         0      
       memset_t2.obj                  122     0         0      
       copy_decompress_lzss.obj       104     0         0      
       autoinit.obj                   68      0         0      
       u_divt2.obj                    64      0         0      
       boot_cortex_m.obj              56      0         0      
       copy_decompress_none.obj       14      0         0      
       copy_zero_init.obj             12      0         0      
       exit.obj                       4       0         0      
       pre_init.obj                   4       0         0      
       i_div0.obj                     2       0         0      
    +--+------------------------------+-------+---------+---------+
       Total:                         606     0         0      
                                                               
       Stack:                         0       0         512    
       Linker Generated:              0       51        0      
    +--+------------------------------+-------+---------+---------+
       Grand Total:                   14606   1133      31109  


LINKER GENERATED COPY TABLES

__TI_cinit_table @ 00003d78 records: 2, size/record: 8, table size: 16
	.data: load addr=00003d50, load size=0000000f bytes, run addr=20007940, run size=00000048 bytes, compression=lzss
	.bss: load addr=00003d70, load size=00000008 bytes, run addr=20000000, run size=00007740 bytes, compression=zero_init


LINKER GENERATED HANDLER TABLE

__TI_handler_table @ 00003d60 records: 3, size/record: 4, table size: 12
	index: 0, handler: __TI_decompress_lzss
	index: 1, handler: __TI_decompress_none
	index: 2, handler: __TI_zero_init


GLOBAL SYMBOLS: SORTED ALPHABETICALLY BY Name 

address   name                               
-------   ----                               
00003b79  C$$EXIT                            
00003b31  CPUcpsid                           
00002c7f  ConfigureUART                      
00003ab1  GPIODirModeSet                     
00003b61  GPIOIntClear                       
00003b3d  GPIOIntEnable                      
00003921  GPIOIntTypeSet                     
00003235  GPIOPadConfigSet                   
00003979  GPIOPinConfigure                   
00003b67  GPIOPinRead                        
00003b01  GPIOPinTypeUART                    
00002d5f  GPIOPortFIntHandler                
00003851  IntEnable                          
00003b13  IntMasterDisable                   
00003add  IntPrioritySet                     
00003b55  ResetISR                           
00003491  SysCtlClockSet                     
00003b6d  SysCtlDelay                        
00003a7d  SysCtlPeripheralEnable             
00003b73  UARTClockSourceSet                 
00002799  UARTStdioConfig                    
00002911  UARTgetc                           
0000284b  UARTgets                           
00002c3f  UARTprintf                         
00002945  UARTvprintf                        
000027f9  UARTwrite                          
20007940  __STACK_END                        
00000200  __STACK_SIZE                       
20007940  __STACK_TOP                        
00003d78  __TI_CINIT_Base                    
00003d88  __TI_CINIT_Limit                   
00003d60  __TI_Handler_Table_Base            
00003d6c  __TI_Handler_Table_Limit           
000039c1  __TI_auto_init_nobinit_nopinit     
000038b9  __TI_decompress_lzss               
00003b23  __TI_decompress_none               
ffffffff  __TI_pprof_out_hndl                
ffffffff  __TI_prof_data_size                
ffffffff  __TI_prof_data_start               
00000000  __TI_static_base__                 
00003b49  __TI_zero_init                     
0000365f  __aeabi_idiv0                      
000037d5  __aeabi_memclr                     
000037d5  __aeabi_memclr4                    
000037d5  __aeabi_memclr8                    
00003739  __aeabi_memcpy                     
00003739  __aeabi_memcpy4                    
00003739  __aeabi_memcpy8                    
000037d7  __aeabi_memset                     
000037d7  __aeabi_memset4                    
000037d7  __aeabi_memset8                    
00003a05  __aeabi_uidiv                      
00003a05  __aeabi_uidivmod                   
ffffffff  __binit__                          
ffffffff  __c_args__                         
UNDEFED   __mpu_init                         
20007740  __stack                            
00003a45  _c_int00_noargs                    
UNDEFED   _system_post_cinit                 
00003b7d  _system_pre_init                   
00003b79  abort                              
ffffffff  binit                              
000005e1  eTaskGetState                      
00000000  g_pfnVectors                       
00002cd9  main                               
00003739  memcpy                             
000037dd  memset                             
0000270b  pcQueueGetName                     
00000baf  pcTaskGetName                      
00002f41  pvPortMalloc                       
0000162b  pvTaskIncrementMutexHeldCount      
20007940  pxCurrentTCB                       
000030f9  pxPortInitialiseStack              
000036e1  swIntEnable                        
00003661  switchInit                         
000036a9  switchState                        
0000246d  ucQueueGetQueueType                
00003d48  ulMaxSyscallInterruptPriority      
00003595  ulPortGetIPSR                      
00001649  ulTaskNotifyTake                   
00003449  uxListRemove                       
0000244d  uxQueueGetQueueNumber              
000023ef  uxQueueMessagesWaiting             
00002425  uxQueueMessagesWaitingFromISR      
00002405  uxQueueSpacesAvailable             
00000ba9  uxTaskGetNumberOfTasks             
00001311  uxTaskGetStackHighWaterMark        
00000bd5  uxTaskGetSystemState               
000010a5  uxTaskGetTaskNumber                
00000675  uxTaskPriorityGet                  
000006a5  uxTaskPriorityGetFromISR           
00001609  uxTaskResetEventItemValue          
00002c75  vApplicationStackOverflowHook      
00003367  vListInitialise                    
00003397  vListInitialiseItem                
000033e3  vListInsert                        
000033a7  vListInsertEnd                     
00003651  vPortEnableVFP                     
00003199  vPortEndScheduler                  
0000319b  vPortEnterCritical                 
000031bb  vPortExitCritical                  
00003039  vPortFree                          
0000309d  vPortInitialiseBlocks              
0000360d  vPortSVCHandler                    
000031f7  vPortSetupTimerInterrupt           
0000362d  vPortStartFirstTask                
000026c9  vQueueAddToRegistry                
00002437  vQueueDelete                       
0000245b  vQueueSetQueueNumber               
0000274b  vQueueUnregisterQueue              
000005a5  vTaskDelay                         
00000515  vTaskDelayUntil                    
00000467  vTaskDelete                        
00000a6b  vTaskEndScheduler                  
00001181  vTaskGetInfo                       
00000fef  vTaskInternalSetTimeOutState       
0000109d  vTaskMissedYield                   
00001965  vTaskNotifyGiveFromISR             
00000e93  vTaskPlaceOnEventList              
00000eaf  vTaskPlaceOnUnorderedEventList     
00001537  vTaskPriorityDisinheritAfterTimeout
000006f1  vTaskPrioritySet                   
00000f69  vTaskRemoveFromUnorderedEventList  
00000919  vTaskResume                        
000010c5  vTaskSetTaskNumber                 
00000fd1  vTaskSetTimeOutState               
00000a21  vTaskStartScheduler                
00000809  vTaskSuspend                       
00000a8d  vTaskSuspendAll                    
00000df1  vTaskSwitchContext                 
2000773c  xBinarySemaphore                   
00003097  xPortGetFreeHeapSize               
000035ad  xPortPendSVHandler                 
00003163  xPortStartScheduler                
000031d1  xPortSysTickHandler                
00001c65  xQueueCreateMutex                  
00001bab  xQueueGenericCreate                
00001b0d  xQueueGenericReset                 
00001d11  xQueueGenericSend                  
00001e3f  xQueueGenericSendFromISR           
00001ed9  xQueueGiveFromISR                  
00001c91  xQueueGiveMutexRecursive           
00002665  xQueueIsQueueEmptyFromISR          
000026a7  xQueueIsQueueFullFromISR           
000021e3  xQueuePeek                         
0000239d  xQueuePeekFromISR                  
00001f6b  xQueueReceive                      
00002305  xQueueReceiveFromISR               
20007670  xQueueRegistry                     
00002089  xQueueSemaphoreTake                
00001ccd  xQueueTakeMutexRecursive           
00001015  xTaskCheckForTimeOut               
0000026d  xTaskCreate                        
0000176b  xTaskGenericNotify                 
00001855  xTaskGenericNotifyFromISR          
00001385  xTaskGetCurrentTaskHandle          
00000b81  xTaskGetTickCount                  
00000b95  xTaskGetTickCountFromISR           
00000cc9  xTaskIncrementTick                 
00001a13  xTaskNotifyStateClear              
000016c9  xTaskNotifyWait                    
00001499  xTaskPriorityDisinherit            
000013b9  xTaskPriorityInherit               
00000ee9  xTaskRemoveFromEventList           
00000a9d  xTaskResumeAll                     
00000993  xTaskResumeFromISR                 


GLOBAL SYMBOLS: SORTED BY Symbol Address 

address   name                               
-------   ----                               
00000000  __TI_static_base__                 
00000000  g_pfnVectors                       
00000200  __STACK_SIZE                       
0000026d  xTaskCreate                        
00000467  vTaskDelete                        
00000515  vTaskDelayUntil                    
000005a5  vTaskDelay                         
000005e1  eTaskGetState                      
00000675  uxTaskPriorityGet                  
000006a5  uxTaskPriorityGetFromISR           
000006f1  vTaskPrioritySet                   
00000809  vTaskSuspend                       
00000919  vTaskResume                        
00000993  xTaskResumeFromISR                 
00000a21  vTaskStartScheduler                
00000a6b  vTaskEndScheduler                  
00000a8d  vTaskSuspendAll                    
00000a9d  xTaskResumeAll                     
00000b81  xTaskGetTickCount                  
00000b95  xTaskGetTickCountFromISR           
00000ba9  uxTaskGetNumberOfTasks             
00000baf  pcTaskGetName                      
00000bd5  uxTaskGetSystemState               
00000cc9  xTaskIncrementTick                 
00000df1  vTaskSwitchContext                 
00000e93  vTaskPlaceOnEventList              
00000eaf  vTaskPlaceOnUnorderedEventList     
00000ee9  xTaskRemoveFromEventList           
00000f69  vTaskRemoveFromUnorderedEventList  
00000fd1  vTaskSetTimeOutState               
00000fef  vTaskInternalSetTimeOutState       
00001015  xTaskCheckForTimeOut               
0000109d  vTaskMissedYield                   
000010a5  uxTaskGetTaskNumber                
000010c5  vTaskSetTaskNumber                 
00001181  vTaskGetInfo                       
00001311  uxTaskGetStackHighWaterMark        
00001385  xTaskGetCurrentTaskHandle          
000013b9  xTaskPriorityInherit               
00001499  xTaskPriorityDisinherit            
00001537  vTaskPriorityDisinheritAfterTimeout
00001609  uxTaskResetEventItemValue          
0000162b  pvTaskIncrementMutexHeldCount      
00001649  ulTaskNotifyTake                   
000016c9  xTaskNotifyWait                    
0000176b  xTaskGenericNotify                 
00001855  xTaskGenericNotifyFromISR          
00001965  vTaskNotifyGiveFromISR             
00001a13  xTaskNotifyStateClear              
00001b0d  xQueueGenericReset                 
00001bab  xQueueGenericCreate                
00001c65  xQueueCreateMutex                  
00001c91  xQueueGiveMutexRecursive           
00001ccd  xQueueTakeMutexRecursive           
00001d11  xQueueGenericSend                  
00001e3f  xQueueGenericSendFromISR           
00001ed9  xQueueGiveFromISR                  
00001f6b  xQueueReceive                      
00002089  xQueueSemaphoreTake                
000021e3  xQueuePeek                         
00002305  xQueueReceiveFromISR               
0000239d  xQueuePeekFromISR                  
000023ef  uxQueueMessagesWaiting             
00002405  uxQueueSpacesAvailable             
00002425  uxQueueMessagesWaitingFromISR      
00002437  vQueueDelete                       
0000244d  uxQueueGetQueueNumber              
0000245b  vQueueSetQueueNumber               
0000246d  ucQueueGetQueueType                
00002665  xQueueIsQueueEmptyFromISR          
000026a7  xQueueIsQueueFullFromISR           
000026c9  vQueueAddToRegistry                
0000270b  pcQueueGetName                     
0000274b  vQueueUnregisterQueue              
00002799  UARTStdioConfig                    
000027f9  UARTwrite                          
0000284b  UARTgets                           
00002911  UARTgetc                           
00002945  UARTvprintf                        
00002c3f  UARTprintf                         
00002c75  vApplicationStackOverflowHook      
00002c7f  ConfigureUART                      
00002cd9  main                               
00002d5f  GPIOPortFIntHandler                
00002f41  pvPortMalloc                       
00003039  vPortFree                          
00003097  xPortGetFreeHeapSize               
0000309d  vPortInitialiseBlocks              
000030f9  pxPortInitialiseStack              
00003163  xPortStartScheduler                
00003199  vPortEndScheduler                  
0000319b  vPortEnterCritical                 
000031bb  vPortExitCritical                  
000031d1  xPortSysTickHandler                
000031f7  vPortSetupTimerInterrupt           
00003235  GPIOPadConfigSet                   
00003367  vListInitialise                    
00003397  vListInitialiseItem                
000033a7  vListInsertEnd                     
000033e3  vListInsert                        
00003449  uxListRemove                       
00003491  SysCtlClockSet                     
00003595  ulPortGetIPSR                      
000035ad  xPortPendSVHandler                 
0000360d  vPortSVCHandler                    
0000362d  vPortStartFirstTask                
00003651  vPortEnableVFP                     
0000365f  __aeabi_idiv0                      
00003661  switchInit                         
000036a9  switchState                        
000036e1  swIntEnable                        
00003739  __aeabi_memcpy                     
00003739  __aeabi_memcpy4                    
00003739  __aeabi_memcpy8                    
00003739  memcpy                             
000037d5  __aeabi_memclr                     
000037d5  __aeabi_memclr4                    
000037d5  __aeabi_memclr8                    
000037d7  __aeabi_memset                     
000037d7  __aeabi_memset4                    
000037d7  __aeabi_memset8                    
000037dd  memset                             
00003851  IntEnable                          
000038b9  __TI_decompress_lzss               
00003921  GPIOIntTypeSet                     
00003979  GPIOPinConfigure                   
000039c1  __TI_auto_init_nobinit_nopinit     
00003a05  __aeabi_uidiv                      
00003a05  __aeabi_uidivmod                   
00003a45  _c_int00_noargs                    
00003a7d  SysCtlPeripheralEnable             
00003ab1  GPIODirModeSet                     
00003add  IntPrioritySet                     
00003b01  GPIOPinTypeUART                    
00003b13  IntMasterDisable                   
00003b23  __TI_decompress_none               
00003b31  CPUcpsid                           
00003b3d  GPIOIntEnable                      
00003b49  __TI_zero_init                     
00003b55  ResetISR                           
00003b61  GPIOIntClear                       
00003b67  GPIOPinRead                        
00003b6d  SysCtlDelay                        
00003b73  UARTClockSourceSet                 
00003b79  C$$EXIT                            
00003b79  abort                              
00003b7d  _system_pre_init                   
00003d48  ulMaxSyscallInterruptPriority      
00003d60  __TI_Handler_Table_Base            
00003d6c  __TI_Handler_Table_Limit           
00003d78  __TI_CINIT_Base                    
00003d88  __TI_CINIT_Limit                   
20007670  xQueueRegistry                     
2000773c  xBinarySemaphore                   
20007740  __stack                            
20007940  __STACK_END                        
20007940  __STACK_TOP                        
20007940  pxCurrentTCB                       
ffffffff  __TI_pprof_out_hndl                
ffffffff  __TI_prof_data_size                
ffffffff  __TI_prof_data_start               
ffffffff  __binit__                          
ffffffff  __c_args__                         
ffffffff  binit                              
UNDEFED   __mpu_init                         
UNDEFED   _system_post_cinit                 

[166 symbols]
