******************************************************************************
                  TI ARM Linker PC v17.9.0                     
******************************************************************************
>> Linked Fri May 11 16:10:54 2018

OUTPUT FILE NAME:   <FreeRTOSExample8.out>
ENTRY POINT SYMBOL: "_c_int00_noargs"  address: 00003d99


MEMORY CONFIGURATION

         name            origin    length      used     unused   attr    fill
----------------------  --------  ---------  --------  --------  ----  --------
  FLASH                 00000000   00040000  000040d2  0003bf2e  R  X
  SRAM                  20000000   00008000  00007bf4  0000040c  RW X


SEGMENT ALLOCATION MAP

run origin  load origin   length   init length attrs members
----------  ----------- ---------- ----------- ----- -------
00000000    00000000    000040d8   000040d8    r-x
  00000000    00000000    0000026c   0000026c    r-- .intvecs
  0000026c    0000026c    00003c4e   00003c4e    r-x .text
  00003ebc    00003ebc    000001d0   000001d0    r-- .const
  00004090    00004090    00000048   00000048    r-- .cinit
20000000    20000000    00007bf8   00000000    rw-
  20000000    20000000    0000026c   00000000    rw- .vtable
  2000026c    2000026c    00007740   00000000    rw- .bss
  200079b0    200079b0    00000200   00000000    rw- .stack
  20007bb0    20007bb0    00000048   00000000    rw- .data


SECTION ALLOCATION MAP

 output                                  attributes/
section   page    origin      length       input sections
--------  ----  ----------  ----------   ----------------
.intvecs   0    00000000    0000026c     
                  00000000    0000026c     tm4c123gh6pm_startup_ccs.obj (.intvecs)

.text      0    0000026c    00003c4e     
                  0000026c    000018a0     tasks.obj (.text)
                  00001b0c    00000c8c     queue.obj (.text)
                  00002798    000004dc     uartstdio.obj (.text)
                  00002c74    000003c0     interrupt.obj (.text)
                  00003034    000002cc     freertos_demo.obj (.text)
                  00003300    000001b8     heap_2.obj (.text)
                  000034b8    0000013c     port.obj (.text)
                  000035f4    00000132     driverlib.lib : gpio.obj (.text:GPIOPadConfigSet)
                  00003726    0000012a     list.obj (.text)
                  00003850    000000f4     driverlib.lib : sysctl.obj (.text:SysCtlClockSet)
                  00003944    000000da     portasm.obj (.text)
                  00003a1e    00000002     rtsv7M4_T_le_v4SPD16_eabi.lib : i_div0.obj (.text)
                  00003a20    000000d8     switches.obj (.text)
                  00003af8    0000009c     rtsv7M4_T_le_v4SPD16_eabi.lib : memcpy_t2.obj (.text)
                  00003b94    0000007a                                   : memset_t2.obj (.text)
                  00003c0e    00000068                                   : copy_decompress_lzss.obj (.text:decompress:lzss)
                  00003c76    00000056     driverlib.lib : gpio.obj (.text:GPIOIntTypeSet)
                  00003ccc    00000048                   : gpio.obj (.text:GPIOPinConfigure)
                  00003d14    00000044     rtsv7M4_T_le_v4SPD16_eabi.lib : autoinit.obj (.text:__TI_auto_init_nobinit_nopinit)
                  00003d58    00000040                                   : u_divt2.obj (.text)
                  00003d98    00000038                                   : boot_cortex_m.obj (.text:_c_int00_noargs)
                  00003dd0    00000034     driverlib.lib : sysctl.obj (.text:SysCtlPeripheralEnable)
                  00003e04    0000002a                   : gpio.obj (.text:GPIODirModeSet)
                  00003e2e    00000012                   : gpio.obj (.text:GPIOPinTypeUART)
                  00003e40    0000000e     rtsv7M4_T_le_v4SPD16_eabi.lib : copy_decompress_none.obj (.text:decompress:none)
                  00003e4e    0000000c     driverlib.lib : cpu.obj (.text:CPUcpsid)
                  00003e5a    0000000c                   : cpu.obj (.text:CPUcpsie)
                  00003e66    0000000c                   : gpio.obj (.text:GPIOIntEnable)
                  00003e72    0000000c     rtsv7M4_T_le_v4SPD16_eabi.lib : copy_zero_init.obj (.text:decompress:ZI)
                  00003e7e    0000000c     tm4c123gh6pm_startup_ccs.obj (.text)
                  00003e8a    0000000a     driverlib.lib : cpu.obj (.text:CPUbasepriGet)
                  00003e94    00000006                   : cpu.obj (.text:CPUbasepriSet)
                  00003e9a    00000006                   : gpio.obj (.text:GPIOIntClear)
                  00003ea0    00000006                   : gpio.obj (.text:GPIOPinRead)
                  00003ea6    00000006                   : sysctl.obj (.text:SysCtlDelay)
                  00003eac    00000006                   : uart.obj (.text:UARTClockSourceSet)
                  00003eb2    00000004     rtsv7M4_T_le_v4SPD16_eabi.lib : exit.obj (.text:abort)
                  00003eb6    00000004                                   : pre_init.obj (.text)

.const     0    00003ebc    000001d0     
                  00003ebc    0000009c     interrupt.obj (.const:g_pui32Regs)
                  00003f58    00000090     driverlib.lib : gpio.obj (.const:g_pui32GPIOBaseAddrs)
                  00003fe8    00000020     interrupt.obj (.const:g_pui32Priority)
                  00004008    00000014     interrupt.obj (.const:g_pui32Dii16Regs)
                  0000401c    00000014     interrupt.obj (.const:g_pui32EnRegs)
                  00004030    00000014     interrupt.obj (.const:g_pui32PendRegs)
                  00004044    00000014     interrupt.obj (.const:g_pui32UnpendRegs)
                  00004058    00000012     uartstdio.obj (.const:.string)
                  0000406a    00000002     --HOLE-- [fill = 0]
                  0000406c    0000000c     uartstdio.obj (.const:g_ui32UARTBase)
                  00004078    0000000c     uartstdio.obj (.const:g_ui32UARTPeriph)
                  00004084    00000004     port.obj (.const)
                  00004088    00000004     uartstdio.obj (.const)

.cinit     0    00004090    00000048     
                  00004090    0000000f     (.cinit..data.load) [load image, compression = lzss]
                  0000409f    00000001     --HOLE-- [fill = 0]
                  000040a0    0000000c     (__TI_handler_table)
                  000040ac    00000004     --HOLE-- [fill = 0]
                  000040b0    00000008     (.cinit..bss.load) [load image, compression = zero_init]
                  000040b8    00000008     (.cinit..vtable.load) [load image, compression = zero_init]
                  000040c0    00000018     (__TI_cinit_table)

.init_array 
*          0    00000000    00000000     UNINITIALIZED

.vtable    0    20000000    0000026c     UNINITIALIZED
                  20000000    0000026c     interrupt.obj (.vtable)

.bss       0    2000026c    00007740     UNINITIALIZED
                  2000026c    00007530     heap_2.obj (.bss:ucHeap)
                  2000779c    00000140     tasks.obj (.bss:pxReadyTasksLists)
                  200078dc    00000050     (.common:xQueueRegistry)
                  2000792c    00000014     tasks.obj (.bss:xDelayedTaskList1)
                  20007940    00000014     tasks.obj (.bss:xDelayedTaskList2)
                  20007954    00000014     tasks.obj (.bss:xPendingReadyList)
                  20007968    00000014     tasks.obj (.bss:xSuspendedTaskList)
                  2000797c    00000014     tasks.obj (.bss:xTasksWaitingTermination)
                  20007990    00000008     tasks.obj (.bss)
                  20007998    00000008     heap_2.obj (.bss:xEnd)
                  200079a0    00000008     heap_2.obj (.bss:xStart)
                  200079a8    00000004     (.common:xBinarySemaphore)

.data      0    20007bb0    00000048     UNINITIALIZED
                  20007bb0    00000034     tasks.obj (.data)
                  20007be4    00000008     heap_2.obj (.data)
                  20007bec    00000005     uartstdio.obj (.data)
                  20007bf1    00000003     --HOLE--
                  20007bf4    00000004     port.obj (.data)

.stack     0    200079b0    00000200     UNINITIALIZED
                  200079b0    00000004     rtsv7M4_T_le_v4SPD16_eabi.lib : boot_cortex_m.obj (.stack)
                  200079b4    000001fc     --HOLE--

MODULE SUMMARY

       Module                         code    ro data   rw data
       ------                         ----    -------   -------
    .\
       interrupt.obj                  960     268       620    
       tm4c123gh6pm_startup_ccs.obj   12      620       0      
    +--+------------------------------+-------+---------+---------+
       Total:                         972     888       620    
                                                               
    .\Application\
       freertos_demo.obj              716     0         4      
    +--+------------------------------+-------+---------+---------+
       Total:                         716     0         4      
                                                               
    .\FreeRTOSSource\
       heap_2.obj                     440     0         30024  
       tasks.obj                      6304    0         480    
       queue.obj                      3212    0         80     
       port.obj                       316     4         4      
       list.obj                       298     0         0      
       portasm.obj                    218     0         0      
    +--+------------------------------+-------+---------+---------+
       Total:                         10788   4         30588  
                                                               
    .\driver\
       uartstdio.obj                  1244    46        5      
       switches.obj                   216     0         0      
    +--+------------------------------+-------+---------+---------+
       Total:                         1460    46        5      
                                                               
    C:/ti/TivaWare_C_Series-2.1.4.178/driverlib/ccs/Debug/driverlib.lib
       gpio.obj                       548     144       0      
       sysctl.obj                     302     0         0      
       cpu.obj                        40      0         0      
       uart.obj                       6       0         0      
    +--+------------------------------+-------+---------+---------+
       Total:                         896     144       0      
                                                               
    C:\ti\ccsv7\tools\compiler\ti-cgt-arm_17.9.0.STS\lib\rtsv7M4_T_le_v4SPD16_eabi.lib
       memcpy_t2.obj                  156     0         0      
       memset_t2.obj                  122     0         0      
       copy_decompress_lzss.obj       104     0         0      
       autoinit.obj                   68      0         0      
       u_divt2.obj                    64      0         0      
       boot_cortex_m.obj              56      0         0      
       copy_decompress_none.obj       14      0         0      
       copy_zero_init.obj             12      0         0      
       exit.obj                       4       0         0      
       pre_init.obj                   4       0         0      
       i_div0.obj                     2       0         0      
    +--+------------------------------+-------+---------+---------+
       Total:                         606     0         0      
                                                               
       Stack:                         0       0         512    
       Linker Generated:              0       67        0      
    +--+------------------------------+-------+---------+---------+
       Grand Total:                   15438   1149      31729  


LINKER GENERATED COPY TABLES

__TI_cinit_table @ 000040c0 records: 3, size/record: 8, table size: 24
	.data: load addr=00004090, load size=0000000f bytes, run addr=20007bb0, run size=00000048 bytes, compression=lzss
	.bss: load addr=000040b0, load size=00000008 bytes, run addr=2000026c, run size=00007740 bytes, compression=zero_init
	.vtable: load addr=000040b8, load size=00000008 bytes, run addr=20000000, run size=0000026c bytes, compression=zero_init


LINKER GENERATED HANDLER TABLE

__TI_handler_table @ 000040a0 records: 3, size/record: 4, table size: 12
	index: 0, handler: __TI_zero_init
	index: 1, handler: __TI_decompress_lzss
	index: 2, handler: __TI_decompress_none


GLOBAL SYMBOLS: SORTED ALPHABETICALLY BY Name 

address   name                               
-------   ----                               
00003eb3  C$$EXIT                            
00003e8b  CPUbasepriGet                      
00003e95  CPUbasepriSet                      
00003e4f  CPUcpsid                           
00003e5b  CPUcpsie                           
0000303f  ConfigureUART                      
00003e05  GPIODirModeSet                     
00003e9b  GPIOIntClear                       
00003e67  GPIOIntEnable                      
00003c77  GPIOIntTypeSet                     
000035f5  GPIOPadConfigSet                   
00003ccd  GPIOPinConfigure                   
00003ea1  GPIOPinRead                        
00003e2f  GPIOPinTypeUART                    
0000311f  GPIOPortFIntHandler                
00002e35  IntDisable                         
00002dc3  IntEnable                          
00002ea7  IntIsEnabled                       
00002c87  IntMasterDisable                   
00002c77  IntMasterEnable                    
00002f9d  IntPendClear                       
00002f2d  IntPendSet                         
00002d9f  IntPriorityGet                     
00002d17  IntPriorityGroupingGet             
00002cfd  IntPriorityGroupingSet             
00002ff7  IntPriorityMaskGet                 
00002feb  IntPriorityMaskSet                 
00002d4f  IntPrioritySet                     
00002c97  IntRegister                        
00002fff  IntTrigger                         
00002ce9  IntUnregister                      
00003e7f  ResetISR                           
00003851  SysCtlClockSet                     
00003ea7  SysCtlDelay                        
00003dd1  SysCtlPeripheralEnable             
00003ead  UARTClockSourceSet                 
00002799  UARTStdioConfig                    
00002911  UARTgetc                           
0000284b  UARTgets                           
00002c3f  UARTprintf                         
00002945  UARTvprintf                        
000027f9  UARTwrite                          
20007bb0  __STACK_END                        
00000200  __STACK_SIZE                       
20007bb0  __STACK_TOP                        
000040c0  __TI_CINIT_Base                    
000040d8  __TI_CINIT_Limit                   
000040a0  __TI_Handler_Table_Base            
000040ac  __TI_Handler_Table_Limit           
00003d15  __TI_auto_init_nobinit_nopinit     
00003c0f  __TI_decompress_lzss               
00003e41  __TI_decompress_none               
ffffffff  __TI_pprof_out_hndl                
ffffffff  __TI_prof_data_size                
ffffffff  __TI_prof_data_start               
00000000  __TI_static_base__                 
00003e73  __TI_zero_init                     
00003a1f  __aeabi_idiv0                      
00003b95  __aeabi_memclr                     
00003b95  __aeabi_memclr4                    
00003b95  __aeabi_memclr8                    
00003af9  __aeabi_memcpy                     
00003af9  __aeabi_memcpy4                    
00003af9  __aeabi_memcpy8                    
00003b97  __aeabi_memset                     
00003b97  __aeabi_memset4                    
00003b97  __aeabi_memset8                    
00003d59  __aeabi_uidiv                      
00003d59  __aeabi_uidivmod                   
ffffffff  __binit__                          
ffffffff  __c_args__                         
UNDEFED   __mpu_init                         
200079b0  __stack                            
00003d99  _c_int00_noargs                    
UNDEFED   _system_post_cinit                 
00003eb7  _system_pre_init                   
00003eb3  abort                              
ffffffff  binit                              
000005e1  eTaskGetState                      
20000000  g_pfnRAMVectors                    
00000000  g_pfnVectors                       
00003099  main                               
00003af9  memcpy                             
00003b9d  memset                             
0000270b  pcQueueGetName                     
00000baf  pcTaskGetName                      
00003301  pvPortMalloc                       
0000162b  pvTaskIncrementMutexHeldCount      
20007bb0  pxCurrentTCB                       
000034b9  pxPortInitialiseStack              
00003aa1  swIntEnable                        
00003a21  switchInit                         
00003a69  switchState                        
0000246d  ucQueueGetQueueType                
00004084  ulMaxSyscallInterruptPriority      
00003955  ulPortGetIPSR                      
00001649  ulTaskNotifyTake                   
00003809  uxListRemove                       
0000244d  uxQueueGetQueueNumber              
000023ef  uxQueueMessagesWaiting             
00002425  uxQueueMessagesWaitingFromISR      
00002405  uxQueueSpacesAvailable             
00000ba9  uxTaskGetNumberOfTasks             
00001311  uxTaskGetStackHighWaterMark        
00000bd5  uxTaskGetSystemState               
000010a5  uxTaskGetTaskNumber                
00000675  uxTaskPriorityGet                  
000006a5  uxTaskPriorityGetFromISR           
00001609  uxTaskResetEventItemValue          
00003035  vApplicationStackOverflowHook      
00003727  vListInitialise                    
00003757  vListInitialiseItem                
000037a3  vListInsert                        
00003767  vListInsertEnd                     
00003a11  vPortEnableVFP                     
00003559  vPortEndScheduler                  
0000355b  vPortEnterCritical                 
0000357b  vPortExitCritical                  
000033f9  vPortFree                          
0000345d  vPortInitialiseBlocks              
000039cd  vPortSVCHandler                    
000035b7  vPortSetupTimerInterrupt           
000039ed  vPortStartFirstTask                
000026c9  vQueueAddToRegistry                
00002437  vQueueDelete                       
0000245b  vQueueSetQueueNumber               
0000274b  vQueueUnregisterQueue              
000005a5  vTaskDelay                         
00000515  vTaskDelayUntil                    
00000467  vTaskDelete                        
00000a6b  vTaskEndScheduler                  
00001181  vTaskGetInfo                       
00000fef  vTaskInternalSetTimeOutState       
0000109d  vTaskMissedYield                   
00001965  vTaskNotifyGiveFromISR             
00000e93  vTaskPlaceOnEventList              
00000eaf  vTaskPlaceOnUnorderedEventList     
00001537  vTaskPriorityDisinheritAfterTimeout
000006f1  vTaskPrioritySet                   
00000f69  vTaskRemoveFromUnorderedEventList  
00000919  vTaskResume                        
000010c5  vTaskSetTaskNumber                 
00000fd1  vTaskSetTimeOutState               
00000a21  vTaskStartScheduler                
00000809  vTaskSuspend                       
00000a8d  vTaskSuspendAll                    
00000df1  vTaskSwitchContext                 
200079a8  xBinarySemaphore                   
00003457  xPortGetFreeHeapSize               
0000396d  xPortPendSVHandler                 
00003523  xPortStartScheduler                
00003591  xPortSysTickHandler                
00001c65  xQueueCreateMutex                  
00001bab  xQueueGenericCreate                
00001b0d  xQueueGenericReset                 
00001d11  xQueueGenericSend                  
00001e3f  xQueueGenericSendFromISR           
00001ed9  xQueueGiveFromISR                  
00001c91  xQueueGiveMutexRecursive           
00002665  xQueueIsQueueEmptyFromISR          
000026a7  xQueueIsQueueFullFromISR           
000021e3  xQueuePeek                         
0000239d  xQueuePeekFromISR                  
00001f6b  xQueueReceive                      
00002305  xQueueReceiveFromISR               
200078dc  xQueueRegistry                     
00002089  xQueueSemaphoreTake                
00001ccd  xQueueTakeMutexRecursive           
00001015  xTaskCheckForTimeOut               
0000026d  xTaskCreate                        
0000176b  xTaskGenericNotify                 
00001855  xTaskGenericNotifyFromISR          
00001385  xTaskGetCurrentTaskHandle          
00000b81  xTaskGetTickCount                  
00000b95  xTaskGetTickCountFromISR           
00000cc9  xTaskIncrementTick                 
00001a13  xTaskNotifyStateClear              
000016c9  xTaskNotifyWait                    
00001499  xTaskPriorityDisinherit            
000013b9  xTaskPriorityInherit               
00000ee9  xTaskRemoveFromEventList           
00000a9d  xTaskResumeAll                     
00000993  xTaskResumeFromISR                 


GLOBAL SYMBOLS: SORTED BY Symbol Address 

address   name                               
-------   ----                               
00000000  __TI_static_base__                 
00000000  g_pfnVectors                       
00000200  __STACK_SIZE                       
0000026d  xTaskCreate                        
00000467  vTaskDelete                        
00000515  vTaskDelayUntil                    
000005a5  vTaskDelay                         
000005e1  eTaskGetState                      
00000675  uxTaskPriorityGet                  
000006a5  uxTaskPriorityGetFromISR           
000006f1  vTaskPrioritySet                   
00000809  vTaskSuspend                       
00000919  vTaskResume                        
00000993  xTaskResumeFromISR                 
00000a21  vTaskStartScheduler                
00000a6b  vTaskEndScheduler                  
00000a8d  vTaskSuspendAll                    
00000a9d  xTaskResumeAll                     
00000b81  xTaskGetTickCount                  
00000b95  xTaskGetTickCountFromISR           
00000ba9  uxTaskGetNumberOfTasks             
00000baf  pcTaskGetName                      
00000bd5  uxTaskGetSystemState               
00000cc9  xTaskIncrementTick                 
00000df1  vTaskSwitchContext                 
00000e93  vTaskPlaceOnEventList              
00000eaf  vTaskPlaceOnUnorderedEventList     
00000ee9  xTaskRemoveFromEventList           
00000f69  vTaskRemoveFromUnorderedEventList  
00000fd1  vTaskSetTimeOutState               
00000fef  vTaskInternalSetTimeOutState       
00001015  xTaskCheckForTimeOut               
0000109d  vTaskMissedYield                   
000010a5  uxTaskGetTaskNumber                
000010c5  vTaskSetTaskNumber                 
00001181  vTaskGetInfo                       
00001311  uxTaskGetStackHighWaterMark        
00001385  xTaskGetCurrentTaskHandle          
000013b9  xTaskPriorityInherit               
00001499  xTaskPriorityDisinherit            
00001537  vTaskPriorityDisinheritAfterTimeout
00001609  uxTaskResetEventItemValue          
0000162b  pvTaskIncrementMutexHeldCount      
00001649  ulTaskNotifyTake                   
000016c9  xTaskNotifyWait                    
0000176b  xTaskGenericNotify                 
00001855  xTaskGenericNotifyFromISR          
00001965  vTaskNotifyGiveFromISR             
00001a13  xTaskNotifyStateClear              
00001b0d  xQueueGenericReset                 
00001bab  xQueueGenericCreate                
00001c65  xQueueCreateMutex                  
00001c91  xQueueGiveMutexRecursive           
00001ccd  xQueueTakeMutexRecursive           
00001d11  xQueueGenericSend                  
00001e3f  xQueueGenericSendFromISR           
00001ed9  xQueueGiveFromISR                  
00001f6b  xQueueReceive                      
00002089  xQueueSemaphoreTake                
000021e3  xQueuePeek                         
00002305  xQueueReceiveFromISR               
0000239d  xQueuePeekFromISR                  
000023ef  uxQueueMessagesWaiting             
00002405  uxQueueSpacesAvailable             
00002425  uxQueueMessagesWaitingFromISR      
00002437  vQueueDelete                       
0000244d  uxQueueGetQueueNumber              
0000245b  vQueueSetQueueNumber               
0000246d  ucQueueGetQueueType                
00002665  xQueueIsQueueEmptyFromISR          
000026a7  xQueueIsQueueFullFromISR           
000026c9  vQueueAddToRegistry                
0000270b  pcQueueGetName                     
0000274b  vQueueUnregisterQueue              
00002799  UARTStdioConfig                    
000027f9  UARTwrite                          
0000284b  UARTgets                           
00002911  UARTgetc                           
00002945  UARTvprintf                        
00002c3f  UARTprintf                         
00002c77  IntMasterEnable                    
00002c87  IntMasterDisable                   
00002c97  IntRegister                        
00002ce9  IntUnregister                      
00002cfd  IntPriorityGroupingSet             
00002d17  IntPriorityGroupingGet             
00002d4f  IntPrioritySet                     
00002d9f  IntPriorityGet                     
00002dc3  IntEnable                          
00002e35  IntDisable                         
00002ea7  IntIsEnabled                       
00002f2d  IntPendSet                         
00002f9d  IntPendClear                       
00002feb  IntPriorityMaskSet                 
00002ff7  IntPriorityMaskGet                 
00002fff  IntTrigger                         
00003035  vApplicationStackOverflowHook      
0000303f  ConfigureUART                      
00003099  main                               
0000311f  GPIOPortFIntHandler                
00003301  pvPortMalloc                       
000033f9  vPortFree                          
00003457  xPortGetFreeHeapSize               
0000345d  vPortInitialiseBlocks              
000034b9  pxPortInitialiseStack              
00003523  xPortStartScheduler                
00003559  vPortEndScheduler                  
0000355b  vPortEnterCritical                 
0000357b  vPortExitCritical                  
00003591  xPortSysTickHandler                
000035b7  vPortSetupTimerInterrupt           
000035f5  GPIOPadConfigSet                   
00003727  vListInitialise                    
00003757  vListInitialiseItem                
00003767  vListInsertEnd                     
000037a3  vListInsert                        
00003809  uxListRemove                       
00003851  SysCtlClockSet                     
00003955  ulPortGetIPSR                      
0000396d  xPortPendSVHandler                 
000039cd  vPortSVCHandler                    
000039ed  vPortStartFirstTask                
00003a11  vPortEnableVFP                     
00003a1f  __aeabi_idiv0                      
00003a21  switchInit                         
00003a69  switchState                        
00003aa1  swIntEnable                        
00003af9  __aeabi_memcpy                     
00003af9  __aeabi_memcpy4                    
00003af9  __aeabi_memcpy8                    
00003af9  memcpy                             
00003b95  __aeabi_memclr                     
00003b95  __aeabi_memclr4                    
00003b95  __aeabi_memclr8                    
00003b97  __aeabi_memset                     
00003b97  __aeabi_memset4                    
00003b97  __aeabi_memset8                    
00003b9d  memset                             
00003c0f  __TI_decompress_lzss               
00003c77  GPIOIntTypeSet                     
00003ccd  GPIOPinConfigure                   
00003d15  __TI_auto_init_nobinit_nopinit     
00003d59  __aeabi_uidiv                      
00003d59  __aeabi_uidivmod                   
00003d99  _c_int00_noargs                    
00003dd1  SysCtlPeripheralEnable             
00003e05  GPIODirModeSet                     
00003e2f  GPIOPinTypeUART                    
00003e41  __TI_decompress_none               
00003e4f  CPUcpsid                           
00003e5b  CPUcpsie                           
00003e67  GPIOIntEnable                      
00003e73  __TI_zero_init                     
00003e7f  ResetISR                           
00003e8b  CPUbasepriGet                      
00003e95  CPUbasepriSet                      
00003e9b  GPIOIntClear                       
00003ea1  GPIOPinRead                        
00003ea7  SysCtlDelay                        
00003ead  UARTClockSourceSet                 
00003eb3  C$$EXIT                            
00003eb3  abort                              
00003eb7  _system_pre_init                   
00004084  ulMaxSyscallInterruptPriority      
000040a0  __TI_Handler_Table_Base            
000040ac  __TI_Handler_Table_Limit           
000040c0  __TI_CINIT_Base                    
000040d8  __TI_CINIT_Limit                   
20000000  g_pfnRAMVectors                    
200078dc  xQueueRegistry                     
200079a8  xBinarySemaphore                   
200079b0  __stack                            
20007bb0  __STACK_END                        
20007bb0  __STACK_TOP                        
20007bb0  pxCurrentTCB                       
ffffffff  __TI_pprof_out_hndl                
ffffffff  __TI_prof_data_size                
ffffffff  __TI_prof_data_start               
ffffffff  __binit__                          
ffffffff  __c_args__                         
ffffffff  binit                              
UNDEFED   __mpu_init                         
UNDEFED   _system_post_cinit                 

[183 symbols]
