******************************************************************************
                  TI ARM Linker PC v18.1.5                     
******************************************************************************
>> Linked Fri Apr  5 18:00:04 2019

OUTPUT FILE NAME:   <UART_Rx_Control_Led.out>
ENTRY POINT SYMBOL: "_c_int00_noargs"  address: 00000f21


MEMORY CONFIGURATION

         name            origin    length      used     unused   attr    fill
----------------------  --------  ---------  --------  --------  ----  --------
  FLASH                 00000000   00040000  000012a6  0003ed5a  R  X
  SRAM                  20000000   00008000  0000022b  00007dd5  RW X


SEGMENT ALLOCATION MAP

run origin  load origin   length   init length attrs members
----------  ----------- ---------- ----------- ----- -------
00000000    00000000    000012a8   000012a8    r-x
  00000000    00000000    0000026c   0000026c    r-- .intvecs
  0000026c    0000026c    00000e56   00000e56    r-x .text
  000010c4    000010c4    0000019c   0000019c    r-- .const
  00001260    00001260    00000048   00000048    r-- .cinit
20000000    20000000    0000022b   00000000    rw-
  20000000    20000000    00000200   00000000    rw- .stack
  20000200    20000200    00000023   00000000    rw- .data
  20000223    20000223    00000008   00000000    rw- .bss


SECTION ALLOCATION MAP

 output                                  attributes/
section   page    origin      length       input sections
--------  ----  ----------  ----------   ----------------
.intvecs   0    00000000    0000026c     
                  00000000    0000026c     tm4c123gh6pm_startup_ccs.obj (.intvecs)

.text      0    0000026c    00000e56     
                  0000026c    000006c4     main.obj (.text)
                  00000930    00000132     driverlib.lib : gpio.obj (.text:GPIOPadConfigSet)
                  00000a62    00000002     rtsv7M4_T_le_v4SPD16_eabi.lib : div0.asm.obj (.text)
                  00000a64    00000110     driverlib.lib : sysctl.obj (.text:SysCtlClockGet)
                  00000b74    000000f4                   : sysctl.obj (.text:SysCtlClockSet)
                  00000c68    0000009c     rtsv7M4_T_le_v4SPD16_eabi.lib : memcpy_t2.asm.obj (.text)
                  00000d04    00000068     driverlib.lib : interrupt.obj (.text:IntEnable)
                  00000d6c    00000068     rtsv7M4_T_le_v4SPD16_eabi.lib : copy_decompress_lzss.c.obj (.text:decompress:lzss:__TI_decompress_lzss)
                  00000dd4    00000048     driverlib.lib : gpio.obj (.text:GPIOPinConfigure)
                  00000e1c    00000046                   : uart.obj (.text:UARTConfigSetExpClk)
                  00000e62    00000002     --HOLE-- [fill = 0]
                  00000e64    00000044     rtsv7M4_T_le_v4SPD16_eabi.lib : autoinit.c.obj (.text:__TI_auto_init_nobinit_nopinit:__TI_auto_init_nobinit_nopinit)
                  00000ea8    00000040                                   : u_divt2.asm.obj (.text)
                  00000ee8    00000038     driverlib.lib : sysctl.obj (.text:SysCtlPeripheralPresent)
                  00000f20    00000038     rtsv7M4_T_le_v4SPD16_eabi.lib : boot_cortex_m.c.obj (.text:_c_int00_noargs:_c_int00_noargs)
                  00000f58    00000034     driverlib.lib : sysctl.obj (.text:SysCtlPeripheralEnable)
                  00000f8c    0000002a                   : gpio.obj (.text:GPIODirModeSet)
                  00000fb6    00000002     --HOLE-- [fill = 0]
                  00000fb8    00000020                   : uart.obj (.text:UARTDisable)
                  00000fd8    00000018                   : gpio.obj (.text:GPIOPinTypeGPIOOutput)
                  00000ff0    00000018     rtsv7M4_T_le_v4SPD16_eabi.lib : strcmp.c.obj (.text:strcmp)
                  00001008    00000014     driverlib.lib : uart.obj (.text:UARTEnable)
                  0000101c    00000012                   : gpio.obj (.text:GPIOPinTypeUART)
                  0000102e    00000012     rtsv7M4_T_le_v4SPD16_eabi.lib : copy_zero_init.c.obj (.text:decompress:ZI:__TI_zero_init_nomemset:__TI_zero_init_nomemset)
                  00001040    00000010     driverlib.lib : interrupt.obj (.text:IntMasterEnable)
                  00001050    0000000e                   : uart.obj (.text:UARTCharsAvail)
                  0000105e    0000000e     rtsv7M4_T_le_v4SPD16_eabi.lib : copy_decompress_none.c.obj (.text:decompress:none:__TI_decompress_none)
                  0000106c    0000000c     driverlib.lib : cpu.obj (.text:CPUcpsie)
                  00001078    0000000c     tm4c123gh6pm_startup_ccs.obj (.text)
                  00001084    0000000a     driverlib.lib : uart.obj (.text:UARTCharGet)
                  0000108e    0000000a                   : uart.obj (.text:UARTCharPut)
                  00001098    0000000a                   : uart.obj (.text:UARTIntStatus)
                  000010a2    00000008                   : uart.obj (.text:UARTIntEnable)
                  000010aa    00000006                   : gpio.obj (.text:GPIOPinWrite)
                  000010b0    00000006                   : sysctl.obj (.text:SysCtlDelay)
                  000010b6    00000004                   : uart.obj (.text:UARTIntClear)
                  000010ba    00000004     rtsv7M4_T_le_v4SPD16_eabi.lib : pre_init.c.obj (.text:_system_pre_init)
                  000010be    00000004                                   : exit.c.obj (.text:abort:abort)

.const     0    000010c4    0000019c     
                  000010c4    00000090     driverlib.lib : gpio.obj (.const:g_pui32GPIOBaseAddrs)
                  00001154    00000070                   : interrupt.obj (.const)
                  000011c4    0000006c                   : sysctl.obj (.const:g_pui32Xtals)
                  00001230    00000012     main.obj (.const:.string)
                  00001242    00000002     --HOLE-- [fill = 0]
                  00001244    0000000c     main.obj (.const:g_ui32UARTBase)
                  00001250    0000000c     main.obj (.const:g_ui32UARTPeriph)
                  0000125c    00000004     main.obj (.const)

.cinit     0    00001260    00000048     
                  00001260    00000021     (.cinit..data.load) [load image, compression = lzss]
                  00001281    00000003     --HOLE-- [fill = 0]
                  00001284    0000000c     (__TI_handler_table)
                  00001290    00000008     (.cinit..bss.load) [load image, compression = zero_init]
                  00001298    00000010     (__TI_cinit_table)

.init_array 
*          0    00000000    00000000     UNINITIALIZED

.data      0    20000200    00000023     UNINITIALIZED
                  20000200    00000008     main.obj (.data)
                  20000208    00000005     main.obj (.data:string2)
                  2000020d    00000005     main.obj (.data:string4)
                  20000212    00000005     main.obj (.data:string6)
                  20000217    00000004     main.obj (.data:string1)
                  2000021b    00000004     main.obj (.data:string3)
                  2000021f    00000004     main.obj (.data:string5)

.bss       0    20000223    00000008     UNINITIALIZED
                  20000223    00000008     (.common:buffer)

.stack     0    20000000    00000200     UNINITIALIZED
                  20000000    00000004     rtsv7M4_T_le_v4SPD16_eabi.lib : boot_cortex_m.c.obj (.stack)
                  20000004    000001fc     --HOLE--

MODULE SUMMARY

       Module                         code   ro data   rw data
       ------                         ----   -------   -------
    .\
       main.obj                       1732   46        43     
       tm4c123gh6pm_startup_ccs.obj   12     620       0      
    +--+------------------------------+------+---------+---------+
       Total:                         1744   666       43     
                                                              
    C:/ti/TivaWare_C_Series-2.1.4.178/driverlib/ccs/Debug/driverlib.lib
       sysctl.obj                     630    108       0      
       gpio.obj                       468    144       0      
       interrupt.obj                  120    112       0      
       uart.obj                       178    0         0      
       cpu.obj                        12     0         0      
    +--+------------------------------+------+---------+---------+
       Total:                         1408   364       0      
                                                              
    C:\ti\ccsv8\tools\compiler\ti-cgt-arm_18.1.5.LTS\lib\rtsv7M4_T_le_v4SPD16_eabi.lib
       memcpy_t2.asm.obj              156    0         0      
       copy_decompress_lzss.c.obj     104    0         0      
       autoinit.c.obj                 68     0         0      
       u_divt2.asm.obj                64     0         0      
       boot_cortex_m.c.obj            56     0         0      
       strcmp.c.obj                   24     0         0      
       copy_zero_init.c.obj           18     0         0      
       copy_decompress_none.c.obj     14     0         0      
       exit.c.obj                     4      0         0      
       pre_init.c.obj                 4      0         0      
       div0.asm.obj                   2      0         0      
    +--+------------------------------+------+---------+---------+
       Total:                         514    0         0      
                                                              
       Stack:                         0      0         512    
       Linker Generated:              0      69        0      
    +--+------------------------------+------+---------+---------+
       Grand Total:                   3666   1099      555    


LINKER GENERATED COPY TABLES

__TI_cinit_table @ 00001298 records: 2, size/record: 8, table size: 16
	.data: load addr=00001260, load size=00000021 bytes, run addr=20000200, run size=00000023 bytes, compression=lzss
	.bss: load addr=00001290, load size=00000008 bytes, run addr=20000223, run size=00000008 bytes, compression=zero_init


LINKER GENERATED HANDLER TABLE

__TI_handler_table @ 00001284 records: 3, size/record: 4, table size: 12
	index: 0, handler: __TI_decompress_lzss
	index: 1, handler: __TI_decompress_none
	index: 2, handler: __TI_zero_init


GLOBAL SYMBOLS: SORTED ALPHABETICALLY BY Name 

address   name                          
-------   ----                          
000010bf  C$$EXIT                       
0000106d  CPUcpsie                      
00000f8d  GPIODirModeSet                
00000931  GPIOPadConfigSet              
00000dd5  GPIOPinConfigure              
00000fd9  GPIOPinTypeGPIOOutput         
0000101d  GPIOPinTypeUART               
000010ab  GPIOPinWrite                  
00000d05  IntEnable                     
00001041  IntMasterEnable               
00001079  ResetISR                      
000006f7  Reset_Buffer                  
00000a65  SysCtlClockGet                
00000b75  SysCtlClockSet                
000010b1  SysCtlDelay                   
00000f59  SysCtlPeripheralEnable        
00000ee9  SysCtlPeripheralPresent       
00001085  UARTCharGet                   
0000108f  UARTCharPut                   
00001051  UARTCharsAvail                
00000e1d  UARTConfigSetExpClk           
00000fb9  UARTDisable                   
00001009  UARTEnable                    
00000717  UARTGetBuffer                 
000010b7  UARTIntClear                  
000010a3  UARTIntEnable                 
00000761  UARTIntHandler                
00001099  UARTIntStatus                 
0000026d  UARTStdioConfig               
000003b3  UARTgetc                      
000002f9  UARTgets                      
000006d3  UARTprintf                    
000003d9  UARTvprintf                   
000002b3  UARTwrite                     
20000200  __STACK_END                   
00000200  __STACK_SIZE                  
20000200  __STACK_TOP                   
00001298  __TI_CINIT_Base               
000012a8  __TI_CINIT_Limit              
00001284  __TI_Handler_Table_Base       
00001290  __TI_Handler_Table_Limit      
00000e65  __TI_auto_init_nobinit_nopinit
00000d6d  __TI_decompress_lzss          
0000105f  __TI_decompress_none          
ffffffff  __TI_pprof_out_hndl           
ffffffff  __TI_prof_data_size           
ffffffff  __TI_prof_data_start          
00000000  __TI_static_base__            
0000102f  __TI_zero_init_nomemset       
00000a63  __aeabi_idiv0                 
00000a63  __aeabi_ldiv0                 
00000c69  __aeabi_memcpy                
00000c69  __aeabi_memcpy4               
00000c69  __aeabi_memcpy8               
00000ea9  __aeabi_uidiv                 
00000ea9  __aeabi_uidivmod              
ffffffff  __binit__                     
ffffffff  __c_args__                    
UNDEFED   __mpu_init                    
20000000  __stack                       
00000f21  _c_int00_noargs               
UNDEFED   _system_post_cinit            
000010bb  _system_pre_init              
000010bf  abort                         
ffffffff  binit                         
20000223  buffer                        
00000000  g_pfnVectors                  
0000077f  main                          
00000c69  memcpy                        
00000ff1  strcmp                        
20000217  string1                       
20000208  string2                       
2000021b  string3                       
2000020d  string4                       
2000021f  string5                       
20000212  string6                       


GLOBAL SYMBOLS: SORTED BY Symbol Address 

address   name                          
-------   ----                          
00000000  __TI_static_base__            
00000000  g_pfnVectors                  
00000200  __STACK_SIZE                  
0000026d  UARTStdioConfig               
000002b3  UARTwrite                     
000002f9  UARTgets                      
000003b3  UARTgetc                      
000003d9  UARTvprintf                   
000006d3  UARTprintf                    
000006f7  Reset_Buffer                  
00000717  UARTGetBuffer                 
00000761  UARTIntHandler                
0000077f  main                          
00000931  GPIOPadConfigSet              
00000a63  __aeabi_idiv0                 
00000a63  __aeabi_ldiv0                 
00000a65  SysCtlClockGet                
00000b75  SysCtlClockSet                
00000c69  __aeabi_memcpy                
00000c69  __aeabi_memcpy4               
00000c69  __aeabi_memcpy8               
00000c69  memcpy                        
00000d05  IntEnable                     
00000d6d  __TI_decompress_lzss          
00000dd5  GPIOPinConfigure              
00000e1d  UARTConfigSetExpClk           
00000e65  __TI_auto_init_nobinit_nopinit
00000ea9  __aeabi_uidiv                 
00000ea9  __aeabi_uidivmod              
00000ee9  SysCtlPeripheralPresent       
00000f21  _c_int00_noargs               
00000f59  SysCtlPeripheralEnable        
00000f8d  GPIODirModeSet                
00000fb9  UARTDisable                   
00000fd9  GPIOPinTypeGPIOOutput         
00000ff1  strcmp                        
00001009  UARTEnable                    
0000101d  GPIOPinTypeUART               
0000102f  __TI_zero_init_nomemset       
00001041  IntMasterEnable               
00001051  UARTCharsAvail                
0000105f  __TI_decompress_none          
0000106d  CPUcpsie                      
00001079  ResetISR                      
00001085  UARTCharGet                   
0000108f  UARTCharPut                   
00001099  UARTIntStatus                 
000010a3  UARTIntEnable                 
000010ab  GPIOPinWrite                  
000010b1  SysCtlDelay                   
000010b7  UARTIntClear                  
000010bb  _system_pre_init              
000010bf  C$$EXIT                       
000010bf  abort                         
00001284  __TI_Handler_Table_Base       
00001290  __TI_Handler_Table_Limit      
00001298  __TI_CINIT_Base               
000012a8  __TI_CINIT_Limit              
20000000  __stack                       
20000200  __STACK_END                   
20000200  __STACK_TOP                   
20000208  string2                       
2000020d  string4                       
20000212  string6                       
20000217  string1                       
2000021b  string3                       
2000021f  string5                       
20000223  buffer                        
ffffffff  __TI_pprof_out_hndl           
ffffffff  __TI_prof_data_size           
ffffffff  __TI_prof_data_start          
ffffffff  __binit__                     
ffffffff  __c_args__                    
ffffffff  binit                         
UNDEFED   __mpu_init                    
UNDEFED   _system_post_cinit            

[76 symbols]
