******************************************************************************
                  TI ARM Linker PC v18.1.5                     
******************************************************************************
>> Linked Wed Apr 10 13:47:07 2019

OUTPUT FILE NAME:   <multiTaskSwUart.out>
ENTRY POINT SYMBOL: "_c_int00_noargs"  address: 00001119


MEMORY CONFIGURATION

         name            origin    length      used     unused   attr    fill
----------------------  --------  ---------  --------  --------  ----  --------
  FLASH                 00000000   00040000  00001548  0003eab8  R  X
  SRAM                  20000000   00008000  00000605  000079fb  RW X


SEGMENT ALLOCATION MAP

run origin  load origin   length   init length attrs members
----------  ----------- ---------- ----------- ----- -------
00000000    00000000    00001548   00001548    r-x
  00000000    00000000    0000026c   0000026c    r-- .intvecs
  0000026c    0000026c    000010f4   000010f4    r-x .text
  00001360    00001360    000001b0   000001b0    r-- .const
  00001510    00001510    00000038   00000038    r-- .cinit
20000000    20000000    00000605   00000000    rw-
  20000000    20000000    000003e8   00000000    rw- .bss
  200003e8    200003e8    00000200   00000000    rw- .stack
  200005e8    200005e8    0000001d   00000000    rw- .data


SECTION ALLOCATION MAP

 output                                  attributes/
section   page    origin      length       input sections
--------  ----  ----------  ----------   ----------------
.intvecs   0    00000000    0000026c     
                  00000000    0000026c     tm4c123gh6pm_startup_ccs.obj (.intvecs)

.text      0    0000026c    000010f4     
                  0000026c    0000049c     uartstdio.obj (.text)
                  00000708    000001c4     main.obj (.text)
                  000008cc    00000132     driverlib.lib : gpio.obj (.text:GPIOPadConfigSet)
                  000009fe    00000002     rtsv7M4_T_le_v4SPD16_eabi.lib : div0.asm.obj (.text)
                  00000a00    00000110     driverlib.lib : sysctl.obj (.text:SysCtlClockGet)
                  00000b10    000000f4                   : sysctl.obj (.text:SysCtlClockSet)
                  00000c04    000000e4     uartState.obj (.text)
                  00000ce8    0000009c     rtsv7M4_T_le_v4SPD16_eabi.lib : memcpy_t2.asm.obj (.text)
                  00000d84    0000009c     switches.obj (.text)
                  00000e20    0000007a     rtsv7M4_T_le_v4SPD16_eabi.lib : memset_t2.asm.obj (.text)
                  00000e9a    00000002     --HOLE-- [fill = 0]
                  00000e9c    00000068     driverlib.lib : interrupt.obj (.text:IntEnable)
                  00000f04    00000068     rtsv7M4_T_le_v4SPD16_eabi.lib : copy_decompress_lzss.c.obj (.text:decompress:lzss:__TI_decompress_lzss)
                  00000f6c    00000060     led.obj (.text)
                  00000fcc    00000048     driverlib.lib : gpio.obj (.text:GPIOPinConfigure)
                  00001014    00000046                   : uart.obj (.text:UARTConfigSetExpClk)
                  0000105a    00000002     --HOLE-- [fill = 0]
                  0000105c    00000044     rtsv7M4_T_le_v4SPD16_eabi.lib : autoinit.c.obj (.text:__TI_auto_init_nobinit_nopinit:__TI_auto_init_nobinit_nopinit)
                  000010a0    00000040                                   : u_divt2.asm.obj (.text)
                  000010e0    00000038     driverlib.lib : sysctl.obj (.text:SysCtlPeripheralPresent)
                  00001118    00000038     rtsv7M4_T_le_v4SPD16_eabi.lib : boot_cortex_m.c.obj (.text:_c_int00_noargs:_c_int00_noargs)
                  00001150    00000036                                   : strncpy.c.obj (.text:strncpy)
                  00001186    00000002     --HOLE-- [fill = 0]
                  00001188    00000034     driverlib.lib : sysctl.obj (.text:SysCtlPeripheralEnable)
                  000011bc    0000002a                   : gpio.obj (.text:GPIODirModeSet)
                  000011e6    00000002     --HOLE-- [fill = 0]
                  000011e8    00000028     swState.obj (.text)
                  00001210    00000020     driverlib.lib : uart.obj (.text:UARTDisable)
                  00001230    00000018                   : gpio.obj (.text:GPIOPinTypeGPIOOutput)
                  00001248    00000018     rtsv7M4_T_le_v4SPD16_eabi.lib : strcmp.c.obj (.text:strcmp)
                  00001260    00000014     driverlib.lib : systick.obj (.text:SysTickEnable)
                  00001274    00000014                   : systick.obj (.text:SysTickIntEnable)
                  00001288    00000014                   : uart.obj (.text:UARTEnable)
                  0000129c    00000014     rtsv7M4_T_le_v4SPD16_eabi.lib : strlen.c.obj (.text:strlen)
                  000012b0    00000012     driverlib.lib : gpio.obj (.text:GPIOPinTypeUART)
                  000012c2    00000010                   : interrupt.obj (.text:IntMasterEnable)
                  000012d2    00000002     --HOLE-- [fill = 0]
                  000012d4    00000010                   : systick.obj (.text:SysTickPeriodSet)
                  000012e4    0000000e                   : uart.obj (.text:UARTCharsAvail)
                  000012f2    0000000e     rtsv7M4_T_le_v4SPD16_eabi.lib : copy_decompress_none.c.obj (.text:decompress:none:__TI_decompress_none)
                  00001300    0000000c     driverlib.lib : cpu.obj (.text:CPUcpsie)
                  0000130c    0000000c     rtsv7M4_T_le_v4SPD16_eabi.lib : copy_zero_init.c.obj (.text:decompress:ZI:__TI_zero_init)
                  00001318    0000000c     tm4c123gh6pm_startup_ccs.obj (.text)
                  00001324    0000000a     driverlib.lib : uart.obj (.text:UARTCharGet)
                  0000132e    0000000a                   : uart.obj (.text:UARTCharPut)
                  00001338    00000008                   : uart.obj (.text:UARTIntEnable)
                  00001340    00000006                   : gpio.obj (.text:GPIOPinRead)
                  00001346    00000006                   : gpio.obj (.text:GPIOPinWrite)
                  0000134c    00000006                   : sysctl.obj (.text:SysCtlDelay)
                  00001352    00000006                   : uart.obj (.text:UARTClockSourceSet)
                  00001358    00000004     rtsv7M4_T_le_v4SPD16_eabi.lib : pre_init.c.obj (.text:_system_pre_init)
                  0000135c    00000004                                   : exit.c.obj (.text:abort:abort)

.const     0    00001360    000001b0     
                  00001360    00000090     driverlib.lib : gpio.obj (.const:g_pui32GPIOBaseAddrs)
                  000013f0    00000070                   : interrupt.obj (.const)
                  00001460    0000006c                   : sysctl.obj (.const:g_pui32Xtals)
                  000014cc    00000012     uartstdio.obj (.const:.string)
                  000014de    00000002     --HOLE-- [fill = 0]
                  000014e0    0000000c     uartstdio.obj (.const:g_ui32UARTBase)
                  000014ec    0000000c     uartstdio.obj (.const:g_ui32UARTPeriph)
                  000014f8    0000000c     led.obj (.const:ledPin)
                  00001504    00000005     main.obj (.const:.string:$P$T0$1)
                  00001509    00000003     --HOLE-- [fill = 0]
                  0000150c    00000004     uartstdio.obj (.const)

.cinit     0    00001510    00000038     
                  00001510    0000000f     (.cinit..data.load) [load image, compression = lzss]
                  0000151f    00000001     --HOLE-- [fill = 0]
                  00001520    0000000c     (__TI_handler_table)
                  0000152c    00000004     --HOLE-- [fill = 0]
                  00001530    00000008     (.cinit..bss.load) [load image, compression = zero_init]
                  00001538    00000010     (__TI_cinit_table)

.init_array 
*          0    00000000    00000000     UNINITIALIZED

.bss       0    20000000    000003e8     UNINITIALIZED
                  20000000    000001f4     (.common:buffer0)
                  200001f4    000001f4     (.common:buffer1)

.data      0    200005e8    0000001d     UNINITIALIZED
                  200005e8    0000000e     uartState.obj (.data)
                  200005f6    00000002     --HOLE--
                  200005f8    00000008     swState.obj (.data)
                  20000600    00000005     uartstdio.obj (.data)

.stack     0    200003e8    00000200     UNINITIALIZED
                  200003e8    00000004     rtsv7M4_T_le_v4SPD16_eabi.lib : boot_cortex_m.c.obj (.stack)
                  200003ec    000001fc     --HOLE--

MODULE SUMMARY

       Module                         code   ro data   rw data
       ------                         ----   -------   -------
    .\
       uartState.obj                  228    0         1014   
       uartstdio.obj                  1180   46        5      
       tm4c123gh6pm_startup_ccs.obj   12     620       0      
       main.obj                       452    5         0      
       switches.obj                   156    0         0      
       led.obj                        96     12        0      
       swState.obj                    40     0         8      
    +--+------------------------------+------+---------+---------+
       Total:                         2164   683       1027   
                                                              
    C:/ti/TivaWare_C_Series-2.1.4.178/driverlib/ccs/Debug/driverlib.lib
       sysctl.obj                     630    108       0      
       gpio.obj                       474    144       0      
       interrupt.obj                  120    112       0      
       uart.obj                       170    0         0      
       systick.obj                    56     0         0      
       cpu.obj                        12     0         0      
    +--+------------------------------+------+---------+---------+
       Total:                         1462   364       0      
                                                              
    C:\ti\ccsv8\tools\compiler\ti-cgt-arm_18.1.5.LTS\lib\rtsv7M4_T_le_v4SPD16_eabi.lib
       memcpy_t2.asm.obj              156    0         0      
       memset_t2.asm.obj              122    0         0      
       copy_decompress_lzss.c.obj     104    0         0      
       autoinit.c.obj                 68     0         0      
       u_divt2.asm.obj                64     0         0      
       boot_cortex_m.c.obj            56     0         0      
       strncpy.c.obj                  54     0         0      
       strcmp.c.obj                   24     0         0      
       strlen.c.obj                   20     0         0      
       copy_decompress_none.c.obj     14     0         0      
       copy_zero_init.c.obj           12     0         0      
       exit.c.obj                     4      0         0      
       pre_init.c.obj                 4      0         0      
       div0.asm.obj                   2      0         0      
    +--+------------------------------+------+---------+---------+
       Total:                         704    0         0      
                                                              
       Stack:                         0      0         512    
       Linker Generated:              0      51        0      
    +--+------------------------------+------+---------+---------+
       Grand Total:                   4330   1098      1539   


LINKER GENERATED COPY TABLES

__TI_cinit_table @ 00001538 records: 2, size/record: 8, table size: 16
	.data: load addr=00001510, load size=0000000f bytes, run addr=200005e8, run size=0000001d bytes, compression=lzss
	.bss: load addr=00001530, load size=00000008 bytes, run addr=20000000, run size=000003e8 bytes, compression=zero_init


LINKER GENERATED HANDLER TABLE

__TI_handler_table @ 00001520 records: 3, size/record: 4, table size: 12
	index: 0, handler: __TI_decompress_lzss
	index: 1, handler: __TI_decompress_none
	index: 2, handler: __TI_zero_init


GLOBAL SYMBOLS: SORTED ALPHABETICALLY BY Name 

address   name                          
-------   ----                          
0000135d  C$$EXIT                       
00001301  CPUcpsie                      
000011bd  GPIODirModeSet                
000008cd  GPIOPadConfigSet              
00000fcd  GPIOPinConfigure              
00001341  GPIOPinRead                   
00001231  GPIOPinTypeGPIOOutput         
000012b1  GPIOPinTypeUART               
00001347  GPIOPinWrite                  
00000709  InitConsole                   
00000e9d  IntEnable                     
000012c3  IntMasterEnable               
00001319  ResetISR                      
00000c05  Reset_Buffer                  
00000a01  SysCtlClockGet                
00000b11  SysCtlClockSet                
0000134d  SysCtlDelay                   
00001189  SysCtlPeripheralEnable        
000010e1  SysCtlPeripheralPresent       
00001261  SysTickEnable                 
00001275  SysTickIntEnable              
00000745  SysTickIntHandler             
000012d5  SysTickPeriodSet              
00001325  UARTCharGet                   
0000132f  UARTCharPut                   
000012e5  UARTCharsAvail                
00001353  UARTClockSourceSet            
00001015  UARTConfigSetExpClk           
00001211  UARTDisable                   
00001289  UARTEnable                    
00000c25  UARTGetBuffer                 
00001339  UARTIntEnable                 
00000763  UARTIntHandler                
0000026d  UARTStdioConfig               
00000c75  UARTTask                      
000003b3  UARTgetc                      
000002f9  UARTgets                      
000006d3  UARTprintf                    
000003d9  UARTvprintf                   
000002b3  UARTwrite                     
200005e8  __STACK_END                   
00000200  __STACK_SIZE                  
200005e8  __STACK_TOP                   
00001538  __TI_CINIT_Base               
00001548  __TI_CINIT_Limit              
00001520  __TI_Handler_Table_Base       
0000152c  __TI_Handler_Table_Limit      
0000105d  __TI_auto_init_nobinit_nopinit
00000f05  __TI_decompress_lzss          
000012f3  __TI_decompress_none          
ffffffff  __TI_pprof_out_hndl           
ffffffff  __TI_prof_data_size           
ffffffff  __TI_prof_data_start          
00000000  __TI_static_base__            
0000130d  __TI_zero_init                
000009ff  __aeabi_idiv0                 
000009ff  __aeabi_ldiv0                 
00000e21  __aeabi_memclr                
00000e21  __aeabi_memclr4               
00000e21  __aeabi_memclr8               
00000ce9  __aeabi_memcpy                
00000ce9  __aeabi_memcpy4               
00000ce9  __aeabi_memcpy8               
00000e23  __aeabi_memset                
00000e23  __aeabi_memset4               
00000e23  __aeabi_memset8               
000010a1  __aeabi_uidiv                 
000010a1  __aeabi_uidivmod              
ffffffff  __binit__                     
ffffffff  __c_args__                    
UNDEFED   __mpu_init                    
200003e8  __stack                       
00001119  _c_int00_noargs               
UNDEFED   _system_post_cinit            
00001359  _system_pre_init              
0000135d  abort                         
ffffffff  binit                         
20000000  buffer0                       
200001f4  buffer1                       
00000000  g_pfnVectors                  
00000f7f  ledControl                    
00000f6d  ledInit                       
000014f8  ledPin                        
000011e9  ledRedTask                    
00000791  main                          
00000ce9  memcpy                        
00000e29  memset                        
00001249  strcmp                        
0000129d  strlen                        
00001151  strncpy                       
00000d85  switchInit                    
00000dcd  switchState                   
200005e8  taskUartFlag                  
200005ec  taskUartFlag2                 
200005f0  taskgreenledcounter           
200005fc  taskredledFlag                
200005f8  taskredledcounter             


GLOBAL SYMBOLS: SORTED BY Symbol Address 

address   name                          
-------   ----                          
00000000  __TI_static_base__            
00000000  g_pfnVectors                  
00000200  __STACK_SIZE                  
0000026d  UARTStdioConfig               
000002b3  UARTwrite                     
000002f9  UARTgets                      
000003b3  UARTgetc                      
000003d9  UARTvprintf                   
000006d3  UARTprintf                    
00000709  InitConsole                   
00000745  SysTickIntHandler             
00000763  UARTIntHandler                
00000791  main                          
000008cd  GPIOPadConfigSet              
000009ff  __aeabi_idiv0                 
000009ff  __aeabi_ldiv0                 
00000a01  SysCtlClockGet                
00000b11  SysCtlClockSet                
00000c05  Reset_Buffer                  
00000c25  UARTGetBuffer                 
00000c75  UARTTask                      
00000ce9  __aeabi_memcpy                
00000ce9  __aeabi_memcpy4               
00000ce9  __aeabi_memcpy8               
00000ce9  memcpy                        
00000d85  switchInit                    
00000dcd  switchState                   
00000e21  __aeabi_memclr                
00000e21  __aeabi_memclr4               
00000e21  __aeabi_memclr8               
00000e23  __aeabi_memset                
00000e23  __aeabi_memset4               
00000e23  __aeabi_memset8               
00000e29  memset                        
00000e9d  IntEnable                     
00000f05  __TI_decompress_lzss          
00000f6d  ledInit                       
00000f7f  ledControl                    
00000fcd  GPIOPinConfigure              
00001015  UARTConfigSetExpClk           
0000105d  __TI_auto_init_nobinit_nopinit
000010a1  __aeabi_uidiv                 
000010a1  __aeabi_uidivmod              
000010e1  SysCtlPeripheralPresent       
00001119  _c_int00_noargs               
00001151  strncpy                       
00001189  SysCtlPeripheralEnable        
000011bd  GPIODirModeSet                
000011e9  ledRedTask                    
00001211  UARTDisable                   
00001231  GPIOPinTypeGPIOOutput         
00001249  strcmp                        
00001261  SysTickEnable                 
00001275  SysTickIntEnable              
00001289  UARTEnable                    
0000129d  strlen                        
000012b1  GPIOPinTypeUART               
000012c3  IntMasterEnable               
000012d5  SysTickPeriodSet              
000012e5  UARTCharsAvail                
000012f3  __TI_decompress_none          
00001301  CPUcpsie                      
0000130d  __TI_zero_init                
00001319  ResetISR                      
00001325  UARTCharGet                   
0000132f  UARTCharPut                   
00001339  UARTIntEnable                 
00001341  GPIOPinRead                   
00001347  GPIOPinWrite                  
0000134d  SysCtlDelay                   
00001353  UARTClockSourceSet            
00001359  _system_pre_init              
0000135d  C$$EXIT                       
0000135d  abort                         
000014f8  ledPin                        
00001520  __TI_Handler_Table_Base       
0000152c  __TI_Handler_Table_Limit      
00001538  __TI_CINIT_Base               
00001548  __TI_CINIT_Limit              
20000000  buffer0                       
200001f4  buffer1                       
200003e8  __stack                       
200005e8  __STACK_END                   
200005e8  __STACK_TOP                   
200005e8  taskUartFlag                  
200005ec  taskUartFlag2                 
200005f0  taskgreenledcounter           
200005f8  taskredledcounter             
200005fc  taskredledFlag                
ffffffff  __TI_pprof_out_hndl           
ffffffff  __TI_prof_data_size           
ffffffff  __TI_prof_data_start          
ffffffff  __binit__                     
ffffffff  __c_args__                    
ffffffff  binit                         
UNDEFED   __mpu_init                    
UNDEFED   _system_post_cinit            

[97 symbols]
