******************************************************************************
                  TI ARM Linker PC v18.1.5                     
******************************************************************************
>> Linked Wed Apr 24 14:11:58 2019

OUTPUT FILE NAME:   <FreeRTOSExample1.out>
ENTRY POINT SYMBOL: "_c_int00_noargs"  address: 00003731


MEMORY CONFIGURATION

         name            origin    length      used     unused   attr    fill
----------------------  --------  ---------  --------  --------  ----  --------
  FLASH                 00000000   00040000  00003b3e  0003c4c2  R  X
  SRAM                  20000000   00008000  00007ba0  00000460  RW X


SEGMENT ALLOCATION MAP

run origin  load origin   length   init length attrs members
----------  ----------- ---------- ----------- ----- -------
00000000    00000000    00003b40   00003b40    r-x
  00000000    00000000    0000026c   0000026c    r-- .intvecs
  0000026c    0000026c    000035b2   000035b2    r-x .text
  00003820    00003820    000002d8   000002d8    r-- .const
  00003af8    00003af8    00000048   00000048    r-- .cinit
20000000    20000000    00007ba0   00000000    rw-
  20000000    20000000    0000026c   00000000    rw- .vtable
  2000026c    2000026c    000076ec   00000000    rw- .bss
  20007958    20007958    00000200   00000000    rw- .stack
  20007b58    20007b58    00000048   00000000    rw- .data


SECTION ALLOCATION MAP

 output                                  attributes/
section   page    origin      length       input sections
--------  ----  ----------  ----------   ----------------
.intvecs   0    00000000    0000026c     
                  00000000    0000026c     tm4c123gh6pm_startup_ccs.obj (.intvecs)

.text      0    0000026c    000035b2     
                  0000026c    000018a0     tasks.obj (.text)
                  00001b0c    00000b94     gpio.obj (.text)
                  000026a0    000004dc     uartstdio.obj (.text)
                  00002b7c    000001f4     freertos_demo.obj (.text)
                  00002d70    000001b8     heap_2.obj (.text)
                  00002f28    0000013c     port.obj (.text)
                  00003064    0000012a     list.obj (.text)
                  0000318e    00000002     driverlib.lib : interrupt.obj (.text:_IntDefaultHandler)
                  00003190    000000f4                   : sysctl.obj (.text:SysCtlClockSet)
                  00003284    000000da     portasm.obj (.text)
                  0000335e    0000009c     rtsv7M4_T_le_v4SPD16_eabi.lib : memcpy_t2.asm.obj (.text)
                  000033fa    00000002                                   : div0.asm.obj (.text)
                  000033fc    0000009c     switches.obj (.text)
                  00003498    0000007a     rtsv7M4_T_le_v4SPD16_eabi.lib : memset_t2.asm.obj (.text)
                  00003512    00000002     --HOLE-- [fill = 0]
                  00003514    00000068     driverlib.lib : interrupt.obj (.text:IntDisable)
                  0000357c    00000068                   : interrupt.obj (.text:IntEnable)
                  000035e4    00000068     rtsv7M4_T_le_v4SPD16_eabi.lib : copy_decompress_lzss.c.obj (.text:decompress:lzss:__TI_decompress_lzss)
                  0000364c    00000060     led.obj (.text)
                  000036ac    00000044     rtsv7M4_T_le_v4SPD16_eabi.lib : autoinit.c.obj (.text:__TI_auto_init_nobinit_nopinit:__TI_auto_init_nobinit_nopinit)
                  000036f0    00000040                                   : u_divt2.asm.obj (.text)
                  00003730    00000038                                   : boot_cortex_m.c.obj (.text:_c_int00_noargs:_c_int00_noargs)
                  00003768    00000034     driverlib.lib : interrupt.obj (.text:IntRegister)
                  0000379c    00000034                   : sysctl.obj (.text:SysCtlPeripheralEnable)
                  000037d0    00000014                   : interrupt.obj (.text:IntUnregister)
                  000037e4    0000000e     rtsv7M4_T_le_v4SPD16_eabi.lib : copy_decompress_none.c.obj (.text:decompress:none:__TI_decompress_none)
                  000037f2    0000000c                                   : copy_zero_init.c.obj (.text:decompress:ZI:__TI_zero_init)
                  000037fe    0000000c     tm4c123gh6pm_startup_ccs.obj (.text)
                  0000380a    00000006     driverlib.lib : sysctl.obj (.text:SysCtlDelay)
                  00003810    00000006                   : uart.obj (.text:UARTClockSourceSet)
                  00003816    00000004     rtsv7M4_T_le_v4SPD16_eabi.lib : pre_init.c.obj (.text:_system_pre_init)
                  0000381a    00000004                                   : exit.c.obj (.text:abort:abort)

.const     0    00003820    000002d8     
                  00003820    000000d8     gpio.obj (.const:g_ppui32GPIOIntMapSnowflake)
                  000038f8    000000c0     gpio.obj (.const:g_ppui32GPIOIntMapBlizzard)
                  000039b8    00000090     gpio.obj (.const:g_pui32GPIOBaseAddrs)
                  00003a48    00000070     driverlib.lib : interrupt.obj (.const)
                  00003ab8    00000012     uartstdio.obj (.const:.string)
                  00003aca    00000002     --HOLE-- [fill = 0]
                  00003acc    0000000c     uartstdio.obj (.const:g_ui32UARTBase)
                  00003ad8    0000000c     uartstdio.obj (.const:g_ui32UARTPeriph)
                  00003ae4    0000000c     led.obj (.const:ledPin)
                  00003af0    00000004     port.obj (.const)
                  00003af4    00000004     uartstdio.obj (.const)

.cinit     0    00003af8    00000048     
                  00003af8    00000013     (.cinit..data.load) [load image, compression = lzss]
                  00003b0b    00000001     --HOLE-- [fill = 0]
                  00003b0c    0000000c     (__TI_handler_table)
                  00003b18    00000008     (.cinit..bss.load) [load image, compression = zero_init]
                  00003b20    00000008     (.cinit..vtable.load) [load image, compression = zero_init]
                  00003b28    00000018     (__TI_cinit_table)

.init_array 
*          0    00000000    00000000     UNINITIALIZED

.vtable    0    20000000    0000026c     UNINITIALIZED
                  20000000    0000026c     driverlib.lib : interrupt.obj (.vtable)

.bss       0    2000026c    000076ec     UNINITIALIZED
                  2000026c    00007530     heap_2.obj (.bss:ucHeap)
                  2000779c    00000140     tasks.obj (.bss:pxReadyTasksLists)
                  200078dc    00000014     tasks.obj (.bss:xDelayedTaskList1)
                  200078f0    00000014     tasks.obj (.bss:xDelayedTaskList2)
                  20007904    00000014     tasks.obj (.bss:xPendingReadyList)
                  20007918    00000014     tasks.obj (.bss:xSuspendedTaskList)
                  2000792c    00000014     tasks.obj (.bss:xTasksWaitingTermination)
                  20007940    00000008     tasks.obj (.bss)
                  20007948    00000008     heap_2.obj (.bss:xEnd)
                  20007950    00000008     heap_2.obj (.bss:xStart)

.data      0    20007b58    00000048     UNINITIALIZED
                  20007b58    00000034     tasks.obj (.data)
                  20007b8c    00000008     heap_2.obj (.data)
                  20007b94    00000005     uartstdio.obj (.data)
                  20007b99    00000001     freertos_demo.obj (.data)
                  20007b9a    00000002     --HOLE--
                  20007b9c    00000004     port.obj (.data)

.stack     0    20007958    00000200     UNINITIALIZED
                  20007958    00000004     rtsv7M4_T_le_v4SPD16_eabi.lib : boot_cortex_m.c.obj (.stack)
                  2000795c    000001fc     --HOLE--

MODULE SUMMARY

       Module                         code    ro data   rw data
       ------                         ----    -------   -------
    .\
       tm4c123gh6pm_startup_ccs.obj   12      620       0      
    +--+------------------------------+-------+---------+---------+
       Total:                         12      620       0      
                                                               
    .\Application\
       freertos_demo.obj              500     0         1      
    +--+------------------------------+-------+---------+---------+
       Total:                         500     0         1      
                                                               
    .\FreeRTOS\
       heap_2.obj                     440     0         30024  
       tasks.obj                      6304    0         480    
       port.obj                       316     4         4      
       list.obj                       298     0         0      
       portasm.obj                    218     0         0      
    +--+------------------------------+-------+---------+---------+
       Total:                         7576    4         30508  
                                                               
    .\drivers\
       gpio.obj                       2964    552       0      
       uartstdio.obj                  1244    46        5      
       switches.obj                   156     0         0      
       led.obj                        96      12        0      
    +--+------------------------------+-------+---------+---------+
       Total:                         4460    610       5      
                                                               
    C:/ti/TivaWare_C_Series-2.1.4.178/driverlib/ccs/Debug/driverlib.lib
       interrupt.obj                  282     112       620    
       sysctl.obj                     302     0         0      
       uart.obj                       6       0         0      
    +--+------------------------------+-------+---------+---------+
       Total:                         590     112       620    
                                                               
    C:\ti\ccsv8\tools\compiler\ti-cgt-arm_18.1.5.LTS\lib\rtsv7M4_T_le_v4SPD16_eabi.lib
       memcpy_t2.asm.obj              156     0         0      
       memset_t2.asm.obj              122     0         0      
       copy_decompress_lzss.c.obj     104     0         0      
       autoinit.c.obj                 68      0         0      
       u_divt2.asm.obj                64      0         0      
       boot_cortex_m.c.obj            56      0         0      
       copy_decompress_none.c.obj     14      0         0      
       copy_zero_init.c.obj           12      0         0      
       exit.c.obj                     4       0         0      
       pre_init.c.obj                 4       0         0      
       div0.asm.obj                   2       0         0      
    +--+------------------------------+-------+---------+---------+
       Total:                         606     0         0      
                                                               
       Stack:                         0       0         512    
       Linker Generated:              0       71        0      
    +--+------------------------------+-------+---------+---------+
       Grand Total:                   13744   1417      31646  


LINKER GENERATED COPY TABLES

__TI_cinit_table @ 00003b28 records: 3, size/record: 8, table size: 24
	.data: load addr=00003af8, load size=00000013 bytes, run addr=20007b58, run size=00000048 bytes, compression=lzss
	.bss: load addr=00003b18, load size=00000008 bytes, run addr=2000026c, run size=000076ec bytes, compression=zero_init
	.vtable: load addr=00003b20, load size=00000008 bytes, run addr=20000000, run size=0000026c bytes, compression=zero_init


LINKER GENERATED HANDLER TABLE

__TI_handler_table @ 00003b0c records: 3, size/record: 4, table size: 12
	index: 0, handler: __TI_zero_init
	index: 1, handler: __TI_decompress_lzss
	index: 2, handler: __TI_decompress_none


GLOBAL SYMBOLS: SORTED ALPHABETICALLY BY Name 

address   name                               
-------   ----                               
0000381b  C$$EXIT                            
00002b87  ConfigureUART                      
00002679  GPIOADCTriggerDisable              
0000265b  GPIOADCTriggerEnable               
0000263d  GPIODMATriggerDisable              
0000261f  GPIODMATriggerEnable               
00001bc7  GPIODirModeGet                     
00001b6b  GPIODirModeSet                     
0000212f  GPIOIntClear                       
000020f3  GPIOIntDisable                     
000020d9  GPIOIntEnable                      
00002143  GPIOIntRegister                    
0000217b  GPIOIntRegisterPin                 
0000210d  GPIOIntStatus                      
00001cb7  GPIOIntTypeGet                     
00001c13  GPIOIntTypeSet                     
00002161  GPIOIntUnregister                  
000021a9  GPIOIntUnregisterPin               
00001f87  GPIOPadConfigGet                   
00001d4d  GPIOPadConfigSet                   
000025c1  GPIOPinConfigure                   
000021cd  GPIOPinRead                        
00002205  GPIOPinTypeADC                     
00002229  GPIOPinTypeCAN                     
0000224d  GPIOPinTypeComparator              
00002271  GPIOPinTypeComparatorOutput        
00002295  GPIOPinTypeDIVSCLK                 
000022b9  GPIOPinTypeEPI                     
000022dd  GPIOPinTypeEthernetLED             
00002301  GPIOPinTypeEthernetMII             
00002325  GPIOPinTypeGPIOInput               
00002349  GPIOPinTypeGPIOOutput              
0000236d  GPIOPinTypeGPIOOutputOD            
00002391  GPIOPinTypeHibernateRTCCLK         
000023b5  GPIOPinTypeI2C                     
000023d9  GPIOPinTypeI2CSCL                  
000023fd  GPIOPinTypeLCD                     
00002421  GPIOPinTypeOneWire                 
00002445  GPIOPinTypePWM                     
00002469  GPIOPinTypeQEI                     
0000248d  GPIOPinTypeSSI                     
000024b1  GPIOPinTypeTimer                   
000024d5  GPIOPinTypeTrace                   
000024f9  GPIOPinTypeUART                    
0000251d  GPIOPinTypeUSBAnalog               
00002541  GPIOPinTypeUSBDigital              
00002565  GPIOPinTypeWakeHigh                
0000258b  GPIOPinTypeWakeLow                 
000025b1  GPIOPinWakeStatus                  
000021e5  GPIOPinWrite                       
00003515  IntDisable                         
0000357d  IntEnable                          
00003769  IntRegister                        
000037d1  IntUnregister                      
000037ff  ResetISR                           
00003191  SysCtlClockSet                     
0000380b  SysCtlDelay                        
0000379d  SysCtlPeripheralEnable             
00003811  UARTClockSourceSet                 
000026a1  UARTStdioConfig                    
00002819  UARTgetc                           
00002753  UARTgets                           
00002b47  UARTprintf                         
0000284d  UARTvprintf                        
00002701  UARTwrite                          
20007b58  __STACK_END                        
00000200  __STACK_SIZE                       
20007b58  __STACK_TOP                        
00003b28  __TI_CINIT_Base                    
00003b40  __TI_CINIT_Limit                   
00003b0c  __TI_Handler_Table_Base            
00003b18  __TI_Handler_Table_Limit           
000036ad  __TI_auto_init_nobinit_nopinit     
000035e5  __TI_decompress_lzss               
000037e5  __TI_decompress_none               
ffffffff  __TI_pprof_out_hndl                
ffffffff  __TI_prof_data_size                
ffffffff  __TI_prof_data_start               
00000000  __TI_static_base__                 
000037f3  __TI_zero_init                     
000033fb  __aeabi_idiv0                      
000033fb  __aeabi_ldiv0                      
00003499  __aeabi_memclr                     
00003499  __aeabi_memclr4                    
00003499  __aeabi_memclr8                    
0000335f  __aeabi_memcpy                     
0000335f  __aeabi_memcpy4                    
0000335f  __aeabi_memcpy8                    
0000349b  __aeabi_memset                     
0000349b  __aeabi_memset4                    
0000349b  __aeabi_memset8                    
000036f1  __aeabi_uidiv                      
000036f1  __aeabi_uidivmod                   
ffffffff  __binit__                          
ffffffff  __c_args__                         
UNDEFED   __mpu_init                         
20007958  __stack                            
00003731  _c_int00_noargs                    
UNDEFED   _system_post_cinit                 
00003817  _system_pre_init                   
0000381b  abort                              
ffffffff  binit                              
000005e1  eTaskGetState                      
20000000  g_pfnRAMVectors                    
00000000  g_pfnVectors                       
0000365f  ledControl                         
0000364d  ledInit                            
00003ae4  ledPin                             
00002bc9  main                               
0000335f  memcpy                             
000034a1  memset                             
00000baf  pcTaskGetName                      
00002d71  pvPortMalloc                       
0000162b  pvTaskIncrementMutexHeldCount      
20007b58  pxCurrentTCB                       
00002f29  pxPortInitialiseStack              
000033fd  switchInit                         
00003445  switchState                        
00003af0  ulMaxSyscallInterruptPriority      
00003295  ulPortGetIPSR                      
00001649  ulTaskNotifyTake                   
00003147  uxListRemove                       
00000ba9  uxTaskGetNumberOfTasks             
00001311  uxTaskGetStackHighWaterMark        
00000bd5  uxTaskGetSystemState               
000010a5  uxTaskGetTaskNumber                
00000675  uxTaskPriorityGet                  
000006a5  uxTaskPriorityGetFromISR           
00001609  uxTaskResetEventItemValue          
00002b7d  vApplicationStackOverflowHook      
00003065  vListInitialise                    
00003095  vListInitialiseItem                
000030e1  vListInsert                        
000030a5  vListInsertEnd                     
00003351  vPortEnableVFP                     
00002fc9  vPortEndScheduler                  
00002fcb  vPortEnterCritical                 
00002feb  vPortExitCritical                  
00002e69  vPortFree                          
00002ecd  vPortInitialiseBlocks              
0000330d  vPortSVCHandler                    
00003027  vPortSetupTimerInterrupt           
0000332d  vPortStartFirstTask                
000005a5  vTaskDelay                         
00000515  vTaskDelayUntil                    
00000467  vTaskDelete                        
00000a6b  vTaskEndScheduler                  
00001181  vTaskGetInfo                       
00000fef  vTaskInternalSetTimeOutState       
0000109d  vTaskMissedYield                   
00001965  vTaskNotifyGiveFromISR             
00000e93  vTaskPlaceOnEventList              
00000eaf  vTaskPlaceOnUnorderedEventList     
00001537  vTaskPriorityDisinheritAfterTimeout
000006f1  vTaskPrioritySet                   
00000f69  vTaskRemoveFromUnorderedEventList  
00000919  vTaskResume                        
000010c5  vTaskSetTaskNumber                 
00000fd1  vTaskSetTimeOutState               
00000a21  vTaskStartScheduler                
00000809  vTaskSuspend                       
00000a8d  vTaskSuspendAll                    
00000df1  vTaskSwitchContext                 
00002ec7  xPortGetFreeHeapSize               
000032ad  xPortPendSVHandler                 
00002f93  xPortStartScheduler                
00003001  xPortSysTickHandler                
00001015  xTaskCheckForTimeOut               
0000026d  xTaskCreate                        
0000176b  xTaskGenericNotify                 
00001855  xTaskGenericNotifyFromISR          
00001385  xTaskGetCurrentTaskHandle          
00000b81  xTaskGetTickCount                  
00000b95  xTaskGetTickCountFromISR           
00000cc9  xTaskIncrementTick                 
00001a13  xTaskNotifyStateClear              
000016c9  xTaskNotifyWait                    
00001499  xTaskPriorityDisinherit            
000013b9  xTaskPriorityInherit               
00000ee9  xTaskRemoveFromEventList           
00000a9d  xTaskResumeAll                     
00000993  xTaskResumeFromISR                 


GLOBAL SYMBOLS: SORTED BY Symbol Address 

address   name                               
-------   ----                               
00000000  __TI_static_base__                 
00000000  g_pfnVectors                       
00000200  __STACK_SIZE                       
0000026d  xTaskCreate                        
00000467  vTaskDelete                        
00000515  vTaskDelayUntil                    
000005a5  vTaskDelay                         
000005e1  eTaskGetState                      
00000675  uxTaskPriorityGet                  
000006a5  uxTaskPriorityGetFromISR           
000006f1  vTaskPrioritySet                   
00000809  vTaskSuspend                       
00000919  vTaskResume                        
00000993  xTaskResumeFromISR                 
00000a21  vTaskStartScheduler                
00000a6b  vTaskEndScheduler                  
00000a8d  vTaskSuspendAll                    
00000a9d  xTaskResumeAll                     
00000b81  xTaskGetTickCount                  
00000b95  xTaskGetTickCountFromISR           
00000ba9  uxTaskGetNumberOfTasks             
00000baf  pcTaskGetName                      
00000bd5  uxTaskGetSystemState               
00000cc9  xTaskIncrementTick                 
00000df1  vTaskSwitchContext                 
00000e93  vTaskPlaceOnEventList              
00000eaf  vTaskPlaceOnUnorderedEventList     
00000ee9  xTaskRemoveFromEventList           
00000f69  vTaskRemoveFromUnorderedEventList  
00000fd1  vTaskSetTimeOutState               
00000fef  vTaskInternalSetTimeOutState       
00001015  xTaskCheckForTimeOut               
0000109d  vTaskMissedYield                   
000010a5  uxTaskGetTaskNumber                
000010c5  vTaskSetTaskNumber                 
00001181  vTaskGetInfo                       
00001311  uxTaskGetStackHighWaterMark        
00001385  xTaskGetCurrentTaskHandle          
000013b9  xTaskPriorityInherit               
00001499  xTaskPriorityDisinherit            
00001537  vTaskPriorityDisinheritAfterTimeout
00001609  uxTaskResetEventItemValue          
0000162b  pvTaskIncrementMutexHeldCount      
00001649  ulTaskNotifyTake                   
000016c9  xTaskNotifyWait                    
0000176b  xTaskGenericNotify                 
00001855  xTaskGenericNotifyFromISR          
00001965  vTaskNotifyGiveFromISR             
00001a13  xTaskNotifyStateClear              
00001b6b  GPIODirModeSet                     
00001bc7  GPIODirModeGet                     
00001c13  GPIOIntTypeSet                     
00001cb7  GPIOIntTypeGet                     
00001d4d  GPIOPadConfigSet                   
00001f87  GPIOPadConfigGet                   
000020d9  GPIOIntEnable                      
000020f3  GPIOIntDisable                     
0000210d  GPIOIntStatus                      
0000212f  GPIOIntClear                       
00002143  GPIOIntRegister                    
00002161  GPIOIntUnregister                  
0000217b  GPIOIntRegisterPin                 
000021a9  GPIOIntUnregisterPin               
000021cd  GPIOPinRead                        
000021e5  GPIOPinWrite                       
00002205  GPIOPinTypeADC                     
00002229  GPIOPinTypeCAN                     
0000224d  GPIOPinTypeComparator              
00002271  GPIOPinTypeComparatorOutput        
00002295  GPIOPinTypeDIVSCLK                 
000022b9  GPIOPinTypeEPI                     
000022dd  GPIOPinTypeEthernetLED             
00002301  GPIOPinTypeEthernetMII             
00002325  GPIOPinTypeGPIOInput               
00002349  GPIOPinTypeGPIOOutput              
0000236d  GPIOPinTypeGPIOOutputOD            
00002391  GPIOPinTypeHibernateRTCCLK         
000023b5  GPIOPinTypeI2C                     
000023d9  GPIOPinTypeI2CSCL                  
000023fd  GPIOPinTypeLCD                     
00002421  GPIOPinTypeOneWire                 
00002445  GPIOPinTypePWM                     
00002469  GPIOPinTypeQEI                     
0000248d  GPIOPinTypeSSI                     
000024b1  GPIOPinTypeTimer                   
000024d5  GPIOPinTypeTrace                   
000024f9  GPIOPinTypeUART                    
0000251d  GPIOPinTypeUSBAnalog               
00002541  GPIOPinTypeUSBDigital              
00002565  GPIOPinTypeWakeHigh                
0000258b  GPIOPinTypeWakeLow                 
000025b1  GPIOPinWakeStatus                  
000025c1  GPIOPinConfigure                   
0000261f  GPIODMATriggerEnable               
0000263d  GPIODMATriggerDisable              
0000265b  GPIOADCTriggerEnable               
00002679  GPIOADCTriggerDisable              
000026a1  UARTStdioConfig                    
00002701  UARTwrite                          
00002753  UARTgets                           
00002819  UARTgetc                           
0000284d  UARTvprintf                        
00002b47  UARTprintf                         
00002b7d  vApplicationStackOverflowHook      
00002b87  ConfigureUART                      
00002bc9  main                               
00002d71  pvPortMalloc                       
00002e69  vPortFree                          
00002ec7  xPortGetFreeHeapSize               
00002ecd  vPortInitialiseBlocks              
00002f29  pxPortInitialiseStack              
00002f93  xPortStartScheduler                
00002fc9  vPortEndScheduler                  
00002fcb  vPortEnterCritical                 
00002feb  vPortExitCritical                  
00003001  xPortSysTickHandler                
00003027  vPortSetupTimerInterrupt           
00003065  vListInitialise                    
00003095  vListInitialiseItem                
000030a5  vListInsertEnd                     
000030e1  vListInsert                        
00003147  uxListRemove                       
00003191  SysCtlClockSet                     
00003295  ulPortGetIPSR                      
000032ad  xPortPendSVHandler                 
0000330d  vPortSVCHandler                    
0000332d  vPortStartFirstTask                
00003351  vPortEnableVFP                     
0000335f  __aeabi_memcpy                     
0000335f  __aeabi_memcpy4                    
0000335f  __aeabi_memcpy8                    
0000335f  memcpy                             
000033fb  __aeabi_idiv0                      
000033fb  __aeabi_ldiv0                      
000033fd  switchInit                         
00003445  switchState                        
00003499  __aeabi_memclr                     
00003499  __aeabi_memclr4                    
00003499  __aeabi_memclr8                    
0000349b  __aeabi_memset                     
0000349b  __aeabi_memset4                    
0000349b  __aeabi_memset8                    
000034a1  memset                             
00003515  IntDisable                         
0000357d  IntEnable                          
000035e5  __TI_decompress_lzss               
0000364d  ledInit                            
0000365f  ledControl                         
000036ad  __TI_auto_init_nobinit_nopinit     
000036f1  __aeabi_uidiv                      
000036f1  __aeabi_uidivmod                   
00003731  _c_int00_noargs                    
00003769  IntRegister                        
0000379d  SysCtlPeripheralEnable             
000037d1  IntUnregister                      
000037e5  __TI_decompress_none               
000037f3  __TI_zero_init                     
000037ff  ResetISR                           
0000380b  SysCtlDelay                        
00003811  UARTClockSourceSet                 
00003817  _system_pre_init                   
0000381b  C$$EXIT                            
0000381b  abort                              
00003ae4  ledPin                             
00003af0  ulMaxSyscallInterruptPriority      
00003b0c  __TI_Handler_Table_Base            
00003b18  __TI_Handler_Table_Limit           
00003b28  __TI_CINIT_Base                    
00003b40  __TI_CINIT_Limit                   
20000000  g_pfnRAMVectors                    
20007958  __stack                            
20007b58  __STACK_END                        
20007b58  __STACK_TOP                        
20007b58  pxCurrentTCB                       
ffffffff  __TI_pprof_out_hndl                
ffffffff  __TI_prof_data_size                
ffffffff  __TI_prof_data_start               
ffffffff  __binit__                          
ffffffff  __c_args__                         
ffffffff  binit                              
UNDEFED   __mpu_init                         
UNDEFED   _system_post_cinit                 

[182 symbols]
