******************************************************************************
                  TI ARM Linker PC v18.1.5                     
******************************************************************************
>> Linked Wed Apr  3 14:12:31 2019

OUTPUT FILE NAME:   <SwitchStateMachine.out>
ENTRY POINT SYMBOL: "_c_int00_noargs"  address: 00000e91


MEMORY CONFIGURATION

         name            origin    length      used     unused   attr    fill
----------------------  --------  ---------  --------  --------  ----  --------
  FLASH                 00000000   00040000  00001124  0003eedc  R  X
  SRAM                  20000000   00008000  00000216  00007dea  RW X


SEGMENT ALLOCATION MAP

run origin  load origin   length   init length attrs members
----------  ----------- ---------- ----------- ----- -------
00000000    00000000    00001128   00001128    r-x
  00000000    00000000    0000026c   0000026c    r-- .intvecs
  0000026c    0000026c    00000d68   00000d68    r-x .text
  00000fd4    00000fd4    00000128   00000128    r-- .const
  00001100    00001100    00000028   00000028    r-- .cinit
20000000    20000000    00000216   00000000    rw-
  20000000    20000000    00000200   00000000    rw- .stack
  20000200    20000200    00000016   00000000    rw- .data


SECTION ALLOCATION MAP

 output                                  attributes/
section   page    origin      length       input sections
--------  ----  ----------  ----------   ----------------
.intvecs   0    00000000    0000026c     
                  00000000    0000026c     tm4c123gh6pm_startup_ccs.obj (.intvecs)

.text      0    0000026c    00000d68     
                  0000026c    0000049c     uartstdio.obj (.text)
                  00000708    00000132     driverlib.lib : gpio.obj (.text:GPIOPadConfigSet)
                  0000083a    00000002     rtsv7M4_T_le_v4SPD16_eabi.lib : div0.asm.obj (.text)
                  0000083c    00000130     ledRedStateMachine.obj (.text)
                  0000096c    000000f4     driverlib.lib : sysctl.obj (.text:SysCtlClockSet)
                  00000a60    000000e4     main.obj (.text)
                  00000b44    0000009c     rtsv7M4_T_le_v4SPD16_eabi.lib : memcpy_t2.asm.obj (.text)
                  00000be0    0000009c     switches.obj (.text)
                  00000c7c    00000068     rtsv7M4_T_le_v4SPD16_eabi.lib : copy_decompress_lzss.c.obj (.text:decompress:lzss:__TI_decompress_lzss)
                  00000ce4    00000060     led.obj (.text)
                  00000d44    00000048     driverlib.lib : gpio.obj (.text:GPIOPinConfigure)
                  00000d8c    00000046                   : uart.obj (.text:UARTConfigSetExpClk)
                  00000dd2    00000002     --HOLE-- [fill = 0]
                  00000dd4    00000044     rtsv7M4_T_le_v4SPD16_eabi.lib : autoinit.c.obj (.text:__TI_auto_init_nobinit_nopinit:__TI_auto_init_nobinit_nopinit)
                  00000e18    00000040                                   : u_divt2.asm.obj (.text)
                  00000e58    00000038     driverlib.lib : sysctl.obj (.text:SysCtlPeripheralPresent)
                  00000e90    00000038     rtsv7M4_T_le_v4SPD16_eabi.lib : boot_cortex_m.c.obj (.text:_c_int00_noargs:_c_int00_noargs)
                  00000ec8    00000034     driverlib.lib : sysctl.obj (.text:SysCtlPeripheralEnable)
                  00000efc    0000002a                   : gpio.obj (.text:GPIODirModeSet)
                  00000f26    00000002     --HOLE-- [fill = 0]
                  00000f28    00000020                   : uart.obj (.text:UARTDisable)
                  00000f48    00000018                   : gpio.obj (.text:GPIOPinTypeGPIOOutput)
                  00000f60    00000014                   : uart.obj (.text:UARTEnable)
                  00000f74    00000012                   : gpio.obj (.text:GPIOPinTypeUART)
                  00000f86    0000000e     rtsv7M4_T_le_v4SPD16_eabi.lib : copy_decompress_none.c.obj (.text:decompress:none:__TI_decompress_none)
                  00000f94    0000000c     tm4c123gh6pm_startup_ccs.obj (.text)
                  00000fa0    0000000a     driverlib.lib : uart.obj (.text:UARTCharGet)
                  00000faa    0000000a                   : uart.obj (.text:UARTCharPut)
                  00000fb4    00000006                   : gpio.obj (.text:GPIOPinRead)
                  00000fba    00000006                   : gpio.obj (.text:GPIOPinWrite)
                  00000fc0    00000006                   : sysctl.obj (.text:SysCtlDelay)
                  00000fc6    00000006                   : uart.obj (.text:UARTClockSourceSet)
                  00000fcc    00000004     rtsv7M4_T_le_v4SPD16_eabi.lib : pre_init.c.obj (.text:_system_pre_init)
                  00000fd0    00000004                                   : exit.c.obj (.text:abort:abort)

.const     0    00000fd4    00000128     
                  00000fd4    00000090     driverlib.lib : gpio.obj (.const:g_pui32GPIOBaseAddrs)
                  00001064    00000038     ledRedStateMachine.obj (.const:.string)
                  0000109c    00000019     ledRedStateMachine.obj (.const:.string:$P$T0$1)
                  000010b5    00000003     --HOLE-- [fill = 0]
                  000010b8    00000012     uartstdio.obj (.const:.string)
                  000010ca    00000002     --HOLE-- [fill = 0]
                  000010cc    0000000c     uartstdio.obj (.const:g_ui32UARTBase)
                  000010d8    0000000c     uartstdio.obj (.const:g_ui32UARTPeriph)
                  000010e4    0000000c     led.obj (.const:ledPin)
                  000010f0    00000005     main.obj (.const:.string:$P$T0$1)
                  000010f5    00000003     --HOLE-- [fill = 0]
                  000010f8    00000004     uartstdio.obj (.const)

.cinit     0    00001100    00000028     
                  00001100    00000015     (.cinit..data.load) [load image, compression = lzss]
                  00001115    00000003     --HOLE-- [fill = 0]
                  00001118    00000008     (__TI_handler_table)
                  00001120    00000008     (__TI_cinit_table)

.init_array 
*          0    00000000    00000000     UNINITIALIZED

.data      0    20000200    00000016     UNINITIALIZED
                  20000200    00000010     ledRedStateMachine.obj (.data:stateName)
                  20000210    00000005     uartstdio.obj (.data)
                  20000215    00000001     ledRedStateMachine.obj (.data)

.stack     0    20000000    00000200     UNINITIALIZED
                  20000000    00000004     rtsv7M4_T_le_v4SPD16_eabi.lib : boot_cortex_m.c.obj (.stack)
                  20000004    000001fc     --HOLE--

MODULE SUMMARY

       Module                         code   ro data   rw data
       ------                         ----   -------   -------
    .\
       uartstdio.obj                  1180   46        5      
       tm4c123gh6pm_startup_ccs.obj   12     620       0      
       ledRedStateMachine.obj         304    81        17     
       main.obj                       228    5         0      
       switches.obj                   156    0         0      
       led.obj                        96     12        0      
    +--+------------------------------+------+---------+---------+
       Total:                         1976   764       22     
                                                              
    C:/ti/TivaWare_C_Series-2.1.4.178/driverlib/ccs/Debug/driverlib.lib
       gpio.obj                       474    144       0      
       sysctl.obj                     358    0         0      
       uart.obj                       148    0         0      
    +--+------------------------------+------+---------+---------+
       Total:                         980    144       0      
                                                              
    C:\ti\ccsv8\tools\compiler\ti-cgt-arm_18.1.5.LTS\lib\rtsv7M4_T_le_v4SPD16_eabi.lib
       memcpy_t2.asm.obj              156    0         0      
       copy_decompress_lzss.c.obj     104    0         0      
       autoinit.c.obj                 68     0         0      
       u_divt2.asm.obj                64     0         0      
       boot_cortex_m.c.obj            56     0         0      
       copy_decompress_none.c.obj     14     0         0      
       exit.c.obj                     4      0         0      
       pre_init.c.obj                 4      0         0      
       div0.asm.obj                   2      0         0      
    +--+------------------------------+------+---------+---------+
       Total:                         472    0         0      
                                                              
       Stack:                         0      0         512    
       Linker Generated:              0      37        0      
    +--+------------------------------+------+---------+---------+
       Grand Total:                   3428   945       534    


LINKER GENERATED COPY TABLES

__TI_cinit_table @ 00001120 records: 1, size/record: 8, table size: 8
	.data: load addr=00001100, load size=00000015 bytes, run addr=20000200, run size=00000016 bytes, compression=lzss


LINKER GENERATED HANDLER TABLE

__TI_handler_table @ 00001118 records: 2, size/record: 4, table size: 8
	index: 0, handler: __TI_decompress_lzss
	index: 1, handler: __TI_decompress_none


GLOBAL SYMBOLS: SORTED ALPHABETICALLY BY Name 

address   name                          
-------   ----                          
00000fd1  C$$EXIT                       
00000efd  GPIODirModeSet                
00000709  GPIOPadConfigSet              
00000d45  GPIOPinConfigure              
00000fb5  GPIOPinRead                   
00000f49  GPIOPinTypeGPIOOutput         
00000f75  GPIOPinTypeUART               
00000fbb  GPIOPinWrite                  
00000a61  InitConsole                   
00000f95  ResetISR                      
0000096d  SysCtlClockSet                
00000fc1  SysCtlDelay                   
00000ec9  SysCtlPeripheralEnable        
00000e59  SysCtlPeripheralPresent       
00000fa1  UARTCharGet                   
00000fab  UARTCharPut                   
00000fc7  UARTClockSourceSet            
00000d8d  UARTConfigSetExpClk           
00000f29  UARTDisable                   
00000f61  UARTEnable                    
0000026d  UARTStdioConfig               
000003b3  UARTgetc                      
000002f9  UARTgets                      
000006d3  UARTprintf                    
000003d9  UARTvprintf                   
000002b3  UARTwrite                     
20000200  __STACK_END                   
00000200  __STACK_SIZE                  
20000200  __STACK_TOP                   
00001120  __TI_CINIT_Base               
00001128  __TI_CINIT_Limit              
00001118  __TI_Handler_Table_Base       
00001120  __TI_Handler_Table_Limit      
00000dd5  __TI_auto_init_nobinit_nopinit
00000c7d  __TI_decompress_lzss          
00000f87  __TI_decompress_none          
ffffffff  __TI_pprof_out_hndl           
ffffffff  __TI_prof_data_size           
ffffffff  __TI_prof_data_start          
00000000  __TI_static_base__            
0000083b  __aeabi_idiv0                 
0000083b  __aeabi_ldiv0                 
00000b45  __aeabi_memcpy                
00000b45  __aeabi_memcpy4               
00000b45  __aeabi_memcpy8               
00000e19  __aeabi_uidiv                 
00000e19  __aeabi_uidivmod              
ffffffff  __binit__                     
ffffffff  __c_args__                    
UNDEFED   __mpu_init                    
20000000  __stack                       
00000e91  _c_int00_noargs               
UNDEFED   _system_post_cinit            
00000fcd  _system_pre_init              
00000fd1  abort                         
ffffffff  binit                         
00000000  g_pfnVectors                  
00000cf7  ledControl                    
00000ce5  ledInit                       
000010e4  ledPin                        
0000083d  ledRedStateMachineUpdate      
00000a9d  main                          
00000b45  memcpy                        
20000200  stateName                     
00000be1  switchInit                    
00000c29  switchState                   


GLOBAL SYMBOLS: SORTED BY Symbol Address 

address   name                          
-------   ----                          
00000000  __TI_static_base__            
00000000  g_pfnVectors                  
00000200  __STACK_SIZE                  
0000026d  UARTStdioConfig               
000002b3  UARTwrite                     
000002f9  UARTgets                      
000003b3  UARTgetc                      
000003d9  UARTvprintf                   
000006d3  UARTprintf                    
00000709  GPIOPadConfigSet              
0000083b  __aeabi_idiv0                 
0000083b  __aeabi_ldiv0                 
0000083d  ledRedStateMachineUpdate      
0000096d  SysCtlClockSet                
00000a61  InitConsole                   
00000a9d  main                          
00000b45  __aeabi_memcpy                
00000b45  __aeabi_memcpy4               
00000b45  __aeabi_memcpy8               
00000b45  memcpy                        
00000be1  switchInit                    
00000c29  switchState                   
00000c7d  __TI_decompress_lzss          
00000ce5  ledInit                       
00000cf7  ledControl                    
00000d45  GPIOPinConfigure              
00000d8d  UARTConfigSetExpClk           
00000dd5  __TI_auto_init_nobinit_nopinit
00000e19  __aeabi_uidiv                 
00000e19  __aeabi_uidivmod              
00000e59  SysCtlPeripheralPresent       
00000e91  _c_int00_noargs               
00000ec9  SysCtlPeripheralEnable        
00000efd  GPIODirModeSet                
00000f29  UARTDisable                   
00000f49  GPIOPinTypeGPIOOutput         
00000f61  UARTEnable                    
00000f75  GPIOPinTypeUART               
00000f87  __TI_decompress_none          
00000f95  ResetISR                      
00000fa1  UARTCharGet                   
00000fab  UARTCharPut                   
00000fb5  GPIOPinRead                   
00000fbb  GPIOPinWrite                  
00000fc1  SysCtlDelay                   
00000fc7  UARTClockSourceSet            
00000fcd  _system_pre_init              
00000fd1  C$$EXIT                       
00000fd1  abort                         
000010e4  ledPin                        
00001118  __TI_Handler_Table_Base       
00001120  __TI_CINIT_Base               
00001120  __TI_Handler_Table_Limit      
00001128  __TI_CINIT_Limit              
20000000  __stack                       
20000200  __STACK_END                   
20000200  __STACK_TOP                   
20000200  stateName                     
ffffffff  __TI_pprof_out_hndl           
ffffffff  __TI_prof_data_size           
ffffffff  __TI_prof_data_start          
ffffffff  __binit__                     
ffffffff  __c_args__                    
ffffffff  binit                         
UNDEFED   __mpu_init                    
UNDEFED   _system_post_cinit            

[66 symbols]
